Archive member included to satisfy reference by file (symbol)

/usr/lib/gcc/avr/5.4.0/../../../avr/lib/avr51/libprintf_flt.a(vfprintf_flt.o)
                              (vfprintf)
/usr/lib/gcc/avr/5.4.0/avr51/libgcc.a(_mulsi3.o)
                              printf/mathio.o (__mulsi3)
/usr/lib/gcc/avr/5.4.0/avr51/libgcc.a(_udivmodqi4.o)
                              hardware/rtc.o (__udivmodqi4)
/usr/lib/gcc/avr/5.4.0/avr51/libgcc.a(_udivmodhi4.o)
                              fatfs/ff.o (__udivmodhi4)
/usr/lib/gcc/avr/5.4.0/avr51/libgcc.a(_divmodhi4.o)
                              lib/time.o (__divmodhi4)
/usr/lib/gcc/avr/5.4.0/avr51/libgcc.a(_udivmodsi4.o)
                              hardware/spi.o (__udivmodsi4)
/usr/lib/gcc/avr/5.4.0/avr51/libgcc.a(_divmodsi4.o)
                              lib/time.o (__divmodsi4)
/usr/lib/gcc/avr/5.4.0/avr51/libgcc.a(_negsi2.o)
                              /usr/lib/gcc/avr/5.4.0/avr51/libgcc.a(_divmodsi4.o) (__negsi2)
/usr/lib/gcc/avr/5.4.0/avr51/libgcc.a(_exit.o)
                              /usr/lib/gcc/avr/5.4.0/../../../avr/lib/avr51/crtatmega1284p.o (exit)
/usr/lib/gcc/avr/5.4.0/avr51/libgcc.a(_tablejump2.o)
                              printf/printf.o (__tablejump2__)
/usr/lib/gcc/avr/5.4.0/avr51/libgcc.a(_copy_data.o)
                              hardware/hal.o (__do_copy_data)
/usr/lib/gcc/avr/5.4.0/avr51/libgcc.a(_clear_bss.o)
                              hardware/hal.o (__do_clear_bss)
/usr/lib/gcc/avr/5.4.0/avr51/libgcc.a(_usmulhisi3.o)
                              lib/time.o (__usmulhisi3)
/usr/lib/gcc/avr/5.4.0/avr51/libgcc.a(_muluhisi3.o)
                              lib/timer_hal.o (__muluhisi3)
/usr/lib/gcc/avr/5.4.0/avr51/libgcc.a(_mulshisi3.o)
                              gpib/amigo.o (__mulshisi3)
/usr/lib/gcc/avr/5.4.0/avr51/libgcc.a(_muldi3.o)
                              printf/mathio.o (__muldi3)
/usr/lib/gcc/avr/5.4.0/avr51/libgcc.a(_muldi3_6.o)
                              /usr/lib/gcc/avr/5.4.0/avr51/libgcc.a(_muldi3.o) (__muldi3_6)
/usr/lib/gcc/avr/5.4.0/avr51/libgcc.a(_negdi2.o)
                              printf/printf.o (__negdi2)
/usr/lib/gcc/avr/5.4.0/avr51/libgcc.a(_prologue.o)
                              hardware/hal.o (__prologue_saves__)
/usr/lib/gcc/avr/5.4.0/avr51/libgcc.a(_epilogue.o)
                              hardware/hal.o (__epilogue_restores__)
/usr/lib/gcc/avr/5.4.0/avr51/libgcc.a(_xload_1.o)
                              printf/printf.o (__xload_1)
/usr/lib/gcc/avr/5.4.0/avr51/libgcc.a(_adddi3.o)
                              printf/mathio.o (__adddi3)
/usr/lib/gcc/avr/5.4.0/avr51/libgcc.a(_cmpdi2_s8.o)
                              printf/printf.o (__cmpdi2_s8)
/usr/lib/gcc/avr/5.4.0/avr51/libgcc.a(_umulhisi3.o)
                              /usr/lib/gcc/avr/5.4.0/avr51/libgcc.a(_usmulhisi3.o) (__umulhisi3)
/usr/lib/gcc/avr/5.4.0/../../../avr/lib/avr51/libm.a(addsf3.o)
                              hardware/rs232.o (__subsf3)
/usr/lib/gcc/avr/5.4.0/../../../avr/lib/avr51/libm.a(addsf3x.o)
                              /usr/lib/gcc/avr/5.4.0/../../../avr/lib/avr51/libm.a(addsf3.o) (__addsf3x)
/usr/lib/gcc/avr/5.4.0/../../../avr/lib/avr51/libm.a(cmpsf2.o)
                              printf/mathio.o (__eqsf2)
/usr/lib/gcc/avr/5.4.0/../../../avr/lib/avr51/libm.a(divsf3.o)
                              hardware/rs232.o (__divsf3)
/usr/lib/gcc/avr/5.4.0/../../../avr/lib/avr51/libm.a(divsf3x.o)
                              /usr/lib/gcc/avr/5.4.0/../../../avr/lib/avr51/libm.a(divsf3.o) (__divsf3x)
/usr/lib/gcc/avr/5.4.0/../../../avr/lib/avr51/libm.a(fixsfsi.o)
                              printf/printf.o (__fixsfsi)
/usr/lib/gcc/avr/5.4.0/../../../avr/lib/avr51/libm.a(fixunssfsi.o)
                              hardware/rs232.o (__fixunssfsi)
/usr/lib/gcc/avr/5.4.0/../../../avr/lib/avr51/libm.a(floatsisf.o)
                              hardware/rs232.o (__floatunsisf)
/usr/lib/gcc/avr/5.4.0/../../../avr/lib/avr51/libm.a(fp_cmp.o)
                              /usr/lib/gcc/avr/5.4.0/../../../avr/lib/avr51/libm.a(cmpsf2.o) (__fp_cmp)
/usr/lib/gcc/avr/5.4.0/../../../avr/lib/avr51/libm.a(fp_inf.o)
                              /usr/lib/gcc/avr/5.4.0/../../../avr/lib/avr51/libm.a(addsf3x.o) (__fp_inf)
/usr/lib/gcc/avr/5.4.0/../../../avr/lib/avr51/libm.a(fp_nan.o)
                              /usr/lib/gcc/avr/5.4.0/../../../avr/lib/avr51/libm.a(addsf3x.o) (__fp_nan)
/usr/lib/gcc/avr/5.4.0/../../../avr/lib/avr51/libm.a(fp_pscA.o)
                              /usr/lib/gcc/avr/5.4.0/../../../avr/lib/avr51/libm.a(addsf3x.o) (__fp_pscA)
/usr/lib/gcc/avr/5.4.0/../../../avr/lib/avr51/libm.a(fp_pscB.o)
                              /usr/lib/gcc/avr/5.4.0/../../../avr/lib/avr51/libm.a(addsf3x.o) (__fp_pscB)
/usr/lib/gcc/avr/5.4.0/../../../avr/lib/avr51/libm.a(fp_round.o)
                              /usr/lib/gcc/avr/5.4.0/../../../avr/lib/avr51/libm.a(addsf3.o) (__fp_round)
[...]
Memory Configuration

Name             Origin             Length             Attributes
text             0x0000000000000000 0x0000000000020000 xr
data             0x0000000000800100 0x000000000000ff00 rw !x
eeprom           0x0000000000810000 0x0000000000010000 rw !x
fuse             0x0000000000820000 0x0000000000000003 rw !x
lock             0x0000000000830000 0x0000000000000400 rw !x
signature        0x0000000000840000 0x0000000000000400 rw !x
user_signatures  0x0000000000850000 0x0000000000000400 rw !x
*default*        0x0000000000000000 0xffffffffffffffff

Linker script and memory map

Address of section .data set to 0x800100
LOAD /usr/lib/gcc/avr/5.4.0/../../../avr/lib/avr51/crtatmega1284p.o
LOAD /usr/lib/gcc/avr/5.4.0/../../../avr/lib/avr51/libprintf_flt.a
LOAD /usr/lib/gcc/avr/5.4.0/../../../avr/lib/avr51/libm.a
LOAD hardware/hal.o
LOAD hardware/ram.o
LOAD hardware/delay.o
LOAD hardware/rs232.o
LOAD hardware/spi.o
LOAD hardware/TWI_AVR8.o
LOAD hardware/rtc.o
LOAD lib/stringsup.o
LOAD lib/timer_hal.o
LOAD lib/timer.o
LOAD lib/time.o
LOAD lib/queue.o
LOAD printf/printf.o
LOAD printf/mathio.o
LOAD fatfs/ff.o
LOAD fatfs/option/syscall.o
LOAD fatfs/option/unicode.o
LOAD fatfs.hal/diskio.o
LOAD fatfs.hal/mmc.o
LOAD fatfs.hal/mmc_hal.o
LOAD fatfs.sup/fatfs_sup.o
LOAD fatfs.sup/fatfs_tests.o
LOAD posix/posix.o
LOAD posix/posix_tests.o
LOAD gpib/gpib_hal.o
LOAD gpib/gpib.o
LOAD gpib/gpib_task.o
LOAD gpib/gpib_tests.o
LOAD gpib/ss80.o
LOAD gpib/amigo.o
LOAD gpib/printer.o
LOAD gpib/drives.o
LOAD gpib/controller.o
LOAD lif/lifsup.o
LOAD lif/lifutils.o
LOAD main.o
START GROUP
LOAD /usr/lib/gcc/avr/5.4.0/avr51/libgcc.a
LOAD /usr/lib/gcc/avr/5.4.0/../../../avr/lib/avr51/libm.a
LOAD /usr/lib/gcc/avr/5.4.0/../../../avr/lib/avr51/libc.a
LOAD /usr/lib/gcc/avr/5.4.0/../../../avr/lib/avr51/libatmega1284p.a
END GROUP
                0x0000000000020000                __TEXT_REGION_LENGTH__ = DEFINED (__TEXT_REGION_LENGTH__)?__TEXT_REGION_LENGTH__:0x20000
                0x000000000000ff00                __DATA_REGION_LENGTH__ = DEFINED (__DATA_REGION_LENGTH__)?__DATA_REGION_LENGTH__:0xff00
                0x0000000000010000                __EEPROM_REGION_LENGTH__ = DEFINED (__EEPROM_REGION_LENGTH__)?__EEPROM_REGION_LENGTH__:0x10000
                [0x0000000000000003]                __FUSE_REGION_LENGTH__ = DEFINED (__FUSE_REGION_LENGTH__)?__FUSE_REGION_LENGTH__:0x400
                0x0000000000000400                __LOCK_REGION_LENGTH__ = DEFINED (__LOCK_REGION_LENGTH__)?__LOCK_REGION_LENGTH__:0x400
                0x0000000000000400                __SIGNATURE_REGION_LENGTH__ = DEFINED (__SIGNATURE_REGION_LENGTH__)?__SIGNATURE_REGION_LENGTH__:0x400
                0x0000000000000400                __USER_SIGNATURE_REGION_LENGTH__ = DEFINED (__USER_SIGNATURE_REGION_LENGTH__)?__USER_SIGNATURE_REGION_LENGTH__:0x400

.hash
 *(.hash)

.dynsym
 *(.dynsym)

.dynstr
 *(.dynstr)

.gnu.version
 *(.gnu.version)

.gnu.version_d
 *(.gnu.version_d)

.gnu.version_r
 *(.gnu.version_r)

.rel.init
 *(.rel.init)

.rela.init
 *(.rela.init)

.rel.text
 *(.rel.text)
 *(.rel.text.*)
 *(.rel.gnu.linkonce.t*)

.rela.text
 *(.rela.text)
 *(.rela.text.*)
 *(.rela.gnu.linkonce.t*)

.rel.fini
 *(.rel.fini)

.rela.fini
 *(.rela.fini)

.rel.rodata
 *(.rel.rodata)
 *(.rel.rodata.*)
 *(.rel.gnu.linkonce.r*)

.rela.rodata
 *(.rela.rodata)
 *(.rela.rodata.*)
 *(.rela.gnu.linkonce.r*)

.rel.data
 *(.rel.data)
 *(.rel.data.*)
 *(.rel.gnu.linkonce.d*)

.rela.data
 *(.rela.data)
 *(.rela.data.*)
 *(.rela.gnu.linkonce.d*)

.rel.ctors
 *(.rel.ctors)

.rela.ctors
 *(.rela.ctors)

.rel.dtors
 *(.rel.dtors)

.rela.dtors
 *(.rela.dtors)

.rel.got
 *(.rel.got)

.rela.got
 *(.rela.got)

.rel.bss
 *(.rel.bss)

.rela.bss
 *(.rela.bss)

.rel.plt
 *(.rel.plt)

.rela.plt
 *(.rela.plt)

.text           0x0000000000000000    0x1dc1c
 *(.vectors)
 .vectors       0x0000000000000000       0x8c /usr/lib/gcc/avr/5.4.0/../../../avr/lib/avr51/crtatmega1284p.o
                0x0000000000000000                __vectors
                0x0000000000000000                __vector_default
 *(.vectors)
 *(.progmem.gcc*)
 .progmem.gcc_sw_table._printf_fn
                0x000000000000008c       0xdc printf/printf.o
 .progmem.gcc_sw_table.ff_wtoupper
                0x0000000000000168       0x12 fatfs/option/unicode.o
 .progmem.gcc_sw_table.gpib_write_byte
                0x000000000000017a       0x14 gpib/gpib.o
 .progmem.gcc_sw_table.gpib_read_byte
                0x000000000000018e       0x12 gpib/gpib.o
 .progmem.gcc_sw_table.Amigo_Execute
                0x00000000000001a0       0x16 gpib/amigo.o
 .progmem.gcc_sw_table.POSIX_Read_Config
                0x00000000000001b6       0x1a gpib/drives.o
                0x00000000000001d0                . = ALIGN (0x2)
                0x00000000000001d0                __trampolines_start = .
 *(.trampolines)
 .trampolines   0x00000000000001d0        0x0 linker stubs
 *(.trampolines*)
                0x00000000000001d0                __trampolines_end = .
 *libprintf_flt.a:*(.progmem.data)
 .progmem.data  0x00000000000001d0        0x8 /usr/lib/gcc/avr/5.4.0/../../../avr/lib/avr51/libprintf_flt.a(vfprintf_flt.o)
 *libc.a:*(.progmem.data)
 .progmem.data  0x00000000000001d8       0xfa /usr/lib/gcc/avr/5.4.0/../../../avr/lib/avr51/libc.a(ftoa_engine.o)
 *(.progmem*)
 .progmem.data  0x00000000000002d2       0x3b hardware/hal.o
 .progmem.data  0x000000000000030d      0x117 hardware/ram.o
 .progmem.data  0x0000000000000424       0x1d hardware/spi.o
 .progmem.data  0x0000000000000441       0x97 hardware/rtc.o
 .progmem.data  0x00000000000004d8       0x46 lib/stringsup.o
 .progmem.data  0x000000000000051e       0xbb lib/timer.o
 .progmem.data  0x00000000000005d9      0x1e3 lib/time.o
 .progmem.data  0x00000000000007bc       0x10 fatfs.hal/mmc.o
 .progmem.data  0x00000000000007cc       0x97 fatfs.hal/mmc_hal.o
 .progmem.data  0x0000000000000863      0x1fb fatfs.sup/fatfs_sup.o
 .progmem.data  0x0000000000000a5e      0x156 fatfs.sup/fatfs_tests.o
 .progmem.data  0x0000000000000bb4       0xdc posix/posix.o
 .progmem.data  0x0000000000000c90      0x30b posix/posix_tests.o
 .progmem.data  0x0000000000000f9b       0x77 gpib/gpib_hal.o
 .progmem.data  0x0000000000001012      0x29d gpib/gpib.o
 .progmem.data  0x00000000000012af      0x2b3 gpib/gpib_task.o
 .progmem.data  0x0000000000001562      0x2b9 gpib/gpib_tests.o
 .progmem.data  0x000000000000181b      0x836 gpib/ss80.o
 .progmem.data  0x0000000000002051      0x839 gpib/amigo.o
 .progmem.data  0x000000000000288a      0x113 gpib/printer.o
 .progmem.data  0x000000000000299d      0x88f gpib/drives.o
 .progmem.data  0x000000000000322c     0x135c lif/lifutils.o
 .progmem.data  0x0000000000004588      0x306 main.o
                0x000000000000488e                . = ALIGN (0x2)
 *(.jumptables)
 *(.jumptables*)
 *(.lowtext)
 *(.lowtext*)
                0x000000000000488e                __ctors_start = .
 *(.ctors)
                0x000000000000488e                __ctors_end = .
                0x000000000000488e                __dtors_start = .
 *(.dtors)
                0x000000000000488e                __dtors_end = .
 SORT(*)(.ctors)
 SORT(*)(.dtors)
 *(.init0)
 .init0         0x000000000000488e        0x0 /usr/lib/gcc/avr/5.4.0/../../../avr/lib/avr51/crtatmega1284p.o
                0x000000000000488e                __init
 *(.init0)
 *(.init1)
 *(.init1)
 *(.init2)
 .init2         0x000000000000488e        0xc /usr/lib/gcc/avr/5.4.0/../../../avr/lib/avr51/crtatmega1284p.o
 *(.init2)
 *(.init3)
 *(.init3)
 *(.init4)
 .init4         0x000000000000489a       0x1a /usr/lib/gcc/avr/5.4.0/avr51/libgcc.a(_copy_data.o)
                0x000000000000489a                __do_copy_data
 .init4         0x00000000000048b4       0x10 /usr/lib/gcc/avr/5.4.0/avr51/libgcc.a(_clear_bss.o)
                0x00000000000048b4                __do_clear_bss
 *(.init4)
 *(.init5)
 *(.init5)
 *(.init6)
 *(.init6)
 *(.init7)
 *(.init7)
 *(.init8)
 *(.init8)
 *(.init9)
 .init9         0x00000000000048c4        0x8 /usr/lib/gcc/avr/5.4.0/../../../avr/lib/avr51/crtatmega1284p.o
 *(.init9)
 *(.text)
 .text          0x00000000000048cc        0x4 /usr/lib/gcc/avr/5.4.0/../../../avr/lib/avr51/crtatmega1284p.o
                0x00000000000048cc                __vector_22
                0x00000000000048cc                __vector_28
                0x00000000000048cc                __vector_1
                0x00000000000048cc                __vector_32
                0x00000000000048cc                __vector_34
                0x00000000000048cc                __vector_24
                0x00000000000048cc                __vector_12
                0x00000000000048cc                __bad_interrupt
                0x00000000000048cc                __vector_6
                0x00000000000048cc                __vector_31
                0x00000000000048cc                __vector_3
                0x00000000000048cc                __vector_23
                0x00000000000048cc                __vector_30
                0x00000000000048cc                __vector_25
                0x00000000000048cc                __vector_11
                0x00000000000048cc                __vector_17
                0x00000000000048cc                __vector_19
                0x00000000000048cc                __vector_7
                0x00000000000048cc                __vector_27
                0x00000000000048cc                __vector_5
                0x00000000000048cc                __vector_33
                0x00000000000048cc                __vector_4
                0x00000000000048cc                __vector_9
                0x00000000000048cc                __vector_2
                0x00000000000048cc                __vector_21
                0x00000000000048cc                __vector_15
                0x00000000000048cc                __vector_29
                0x00000000000048cc                __vector_8
                0x00000000000048cc                __vector_26
                0x00000000000048cc                __vector_14
                0x00000000000048cc                __vector_10
                0x00000000000048cc                __vector_16
                0x00000000000048cc                __vector_18
                0x00000000000048d0                . = ALIGN (0x2)
 *(.text.*)
 .text.avr-libc
                0x00000000000048d0      0x74c /usr/lib/gcc/avr/5.4.0/../../../avr/lib/avr51/libprintf_flt.a(vfprintf_flt.o)
                0x00000000000048d0                vfprintf
 .text.chip_select
                0x000000000000501c       0x32 hardware/hal.o
                0x000000000000501c                chip_select
 .text.chip_deselect
                0x000000000000504e       0x30 hardware/hal.o
                0x000000000000504e                chip_deselect
 .text.chip_select_init
                0x000000000000507e        0x4 hardware/hal.o
                0x000000000000507e                chip_select_init
 .text.spi_end  0x0000000000005082       0x44 hardware/hal.o
                0x0000000000005082                spi_end
 .text.spi_TX_buffer
                0x00000000000050c6        0x4 hardware/hal.o
                0x00000000000050c6                spi_TX_buffer
 .text.spi_RX_buffer
                0x00000000000050ca        0x4 hardware/hal.o
                0x00000000000050ca                spi_RX_buffer
 .text.spi_TX   0x00000000000050ce       0x20 hardware/hal.o
                0x00000000000050ce                spi_TX
 .text.spi_init
                0x00000000000050ee       0x40 hardware/hal.o
                0x00000000000050ee                spi_init
 .text.spi_begin
                0x000000000000512e       0x78 hardware/hal.o
                0x000000000000512e                spi_begin
 .text.spi_TXRX
                0x00000000000051a6       0x22 hardware/hal.o
                0x00000000000051a6                spi_TXRX
 .text.freeRam  0x00000000000051c8       0x2e hardware/ram.o
                0x00000000000051c8                freeRam
 .text.PrintFree
                0x00000000000051f6      0x106 hardware/ram.o
                0x00000000000051f6                PrintFree
 .text.safecalloc
                0x00000000000052fc       0x50 hardware/ram.o
                0x00000000000052fc                safecalloc
 .text.safemalloc
                0x000000000000534c       0x42 hardware/ram.o
                0x000000000000534c                safemalloc
 .text.safefree
                0x000000000000538e       0x54 hardware/ram.o
                0x000000000000538e                safefree
 .text.delayus  0x00000000000053e2       0x5a hardware/delay.o
                0x00000000000053e2                delayus
 .text.delayms  0x000000000000543c       0x90 hardware/delay.o
                0x000000000000543c                delayms
 .text.uart_ubr
                0x00000000000054cc      0x134 hardware/rs232.o
                0x00000000000054cc                uart_ubr
 .text.uart_init
                0x0000000000005600       0x8e hardware/rs232.o
                0x0000000000005600                uart_init
 .text.uart_rx_interrupt
                0x000000000000568e       0x40 hardware/rs232.o
                0x000000000000568e                uart_rx_interrupt
 .text.__vector_20
                0x00000000000056ce       0x54 hardware/rs232.o
                0x00000000000056ce                __vector_20
 .text.uart_rx_count
                0x0000000000005722       0x18 hardware/rs232.o
                0x0000000000005722                uart_rx_count
 .text.uart_get_tail
                0x000000000000573a       0x4c hardware/rs232.o
                0x000000000000573a                uart_get_tail
 .text.uart_rx_byte
                0x0000000000005786        0x6 hardware/rs232.o
                0x0000000000005786                uart_rx_byte
 .text.uart_tx_byte
                0x000000000000578c       0x32 hardware/rs232.o
                0x000000000000578c                uart_tx_byte
 .text.uart_getchar
                0x00000000000057be       0x2c hardware/rs232.o
                0x00000000000057be                uart_getchar
 .text.uart0_getchar
                0x00000000000057ea        0x6 hardware/rs232.o
                0x00000000000057ea                uart0_getchar
 .text.uart_putchar
                0x00000000000057f0       0x24 hardware/rs232.o
                0x00000000000057f0                uart_putchar
 .text.uart0_putchar
                0x0000000000005814       0x14 hardware/rs232.o
                0x0000000000005814                uart0_putchar
 .text.uart_keyhit
                0x0000000000005828        0x4 hardware/rs232.o
                0x0000000000005828                uart_keyhit
 .text.SPI0_Speed
                0x000000000000582c       0xce hardware/spi.o
                0x000000000000582c                SPI0_Speed
 .text.SPI0_Mode
                0x00000000000058fa       0x6c hardware/spi.o
                0x00000000000058fa                SPI0_Mode
 .text.SPI0_TXRX_Byte
                0x0000000000005966        0xc hardware/spi.o
                0x0000000000005966                SPI0_TXRX_Byte
 .text.SPI0_Init
                0x0000000000005972       0x4a hardware/spi.o
                0x0000000000005972                SPI0_Init
 .text.SPI0_TX  0x00000000000059bc       0x28 hardware/spi.o
                0x00000000000059bc                SPI0_TX
 .text.SPI0_TXRX
                0x00000000000059e4       0x2c hardware/spi.o
                0x00000000000059e4                SPI0_TXRX
 .text.SPI0_RX  0x0000000000005a10       0x2a hardware/spi.o
                0x0000000000005a10                SPI0_RX
 .text.TWI_Init
                0x0000000000005a3a       0x18 hardware/TWI_AVR8.o
                0x0000000000005a3a                TWI_Init
 .text.TWI_StartTransmission
                0x0000000000005a52       0xc0 hardware/TWI_AVR8.o
                0x0000000000005a52                TWI_StartTransmission
 .text.TWI_SendByte
                0x0000000000005b12       0x28 hardware/TWI_AVR8.o
                0x0000000000005b12                TWI_SendByte
 .text.TWI_ReceiveByte
                0x0000000000005b3a       0x3c hardware/TWI_AVR8.o
                0x0000000000005b3a                TWI_ReceiveByte
 .text.TWI_ReadPacket
                0x0000000000005b76       0x82 hardware/TWI_AVR8.o
                0x0000000000005b76                TWI_ReadPacket
 .text.TWI_WritePacket
                0x0000000000005bf8       0x5c hardware/TWI_AVR8.o
                0x0000000000005bf8                TWI_WritePacket
 .text.BINtoBCD
                0x0000000000005c54        0xe hardware/rtc.o
                0x0000000000005c54                BINtoBCD
 .text.BCDtoBIN
                0x0000000000005c62       0x12 hardware/rtc.o
                0x0000000000005c62                BCDtoBIN
 .text.rtc_run  0x0000000000005c74       0xc0 hardware/rtc.o
                0x0000000000005c74                rtc_run
 .text.rtc_write
                0x0000000000005d34       0xb6 hardware/rtc.o
                0x0000000000005d34                rtc_write
 .text.rtc_init
                0x0000000000005dea       0xe6 hardware/rtc.o
                0x0000000000005dea                rtc_init
 .text.rtc_read
                0x0000000000005ed0       0xd8 hardware/rtc.o
                0x0000000000005ed0                rtc_read
 .text.sep      0x0000000000005fa8       0x16 lib/stringsup.o
                0x0000000000005fa8                sep
 .text.isupper  0x0000000000005fbe       0x16 lib/stringsup.o
                0x0000000000005fbe                isupper
 .text.islower  0x0000000000005fd4       0x16 lib/stringsup.o
                0x0000000000005fd4                islower
 .text.tolower  0x0000000000005fea       0x1a lib/stringsup.o
                0x0000000000005fea                tolower
 .text.toupper  0x0000000000006004       0x1a lib/stringsup.o
                0x0000000000006004                toupper
 .text.strcpy   0x000000000000601e       0x16 lib/stringsup.o
                0x000000000000601e                strcpy
 .text.strncpy  0x0000000000006034       0x2c lib/stringsup.o
                0x0000000000006034                strncpy
 .text.strcat   0x0000000000006060       0x26 lib/stringsup.o
                0x0000000000006060                strcat
 .text.reverse  0x0000000000006086       0x32 lib/stringsup.o
                0x0000000000006086                reverse
 .text.strupper
                0x00000000000060b8       0x1a lib/stringsup.o
                0x00000000000060b8                strupper
 .text.trim_tail
                0x00000000000060d2       0x1c lib/stringsup.o
                0x00000000000060d2                trim_tail
 .text.skipspaces
                0x00000000000060ee       0x14 lib/stringsup.o
                0x00000000000060ee                skipspaces
 .text.strcmp   0x0000000000006102       0x1a lib/stringsup.o
                0x0000000000006102                strcmp
 .text.strncmp  0x000000000000611c       0x2a lib/stringsup.o
                0x000000000000611c                strncmp
 .text.strcasecmp
                0x0000000000006146       0x3e lib/stringsup.o
                0x0000000000006146                strcasecmp
 .text.strncasecmp
                0x0000000000006184       0x50 lib/stringsup.o
                0x0000000000006184                strncasecmp
 .text.MATCH    0x00000000000061d4       0x28 lib/stringsup.o
                0x00000000000061d4                MATCH
 .text.MATCHARGS
                0x00000000000061fc       0x5e lib/stringsup.o
                0x00000000000061fc                MATCHARGS
 .text.MATCHI   0x000000000000625a       0x28 lib/stringsup.o
                0x000000000000625a                MATCHI
 .text.MATCHI_LEN
                0x0000000000006282       0x34 lib/stringsup.o
                0x0000000000006282                MATCHI_LEN
 .text.split_args
                0x00000000000062b6       0xb8 lib/stringsup.o
                0x00000000000062b6                split_args
 .text.token    0x000000000000636e       0x58 lib/stringsup.o
                0x000000000000636e                token
 .text.get_value
                0x00000000000063c6       0x68 lib/stringsup.o
                0x00000000000063c6                get_value
 .text.enable_system_task
                0x000000000000642e        0x4 lib/timer_hal.o
                0x000000000000642e                enable_system_task
 .text.install_timers_isr
                0x0000000000006432       0x26 lib/timer_hal.o
                0x0000000000006432                install_timers_isr
 .text.__vector_13
                0x0000000000006458       0x4e lib/timer_hal.o
                0x0000000000006458                __vector_13
 .text.clock_gettime
                0x00000000000064a6       0xea lib/timer_hal.o
                0x00000000000064a6                clock_gettime
 .text.clock_task
                0x0000000000006590       0x7a lib/timer.o
                0x0000000000006590                clock_task
 .text.clock_settime.part.2
                0x000000000000660a       0x7c lib/timer.o
 .text.set_timers
                0x0000000000006686       0x6c lib/timer.o
                0x0000000000006686                set_timers
 .text.delete_all_timers
                0x00000000000066f2       0x16 lib/timer.o
                0x00000000000066f2                delete_all_timers
 .text.subtract_timespec
                0x0000000000006708       0x82 lib/timer.o
                0x0000000000006708                subtract_timespec
 .text.ts_to_str
                0x000000000000678a       0x54 lib/timer.o
                0x000000000000678a                ts_to_str
 .text.clock_elapsed_begin
                0x00000000000067de        0xc lib/timer.o
                0x00000000000067de                clock_elapsed_begin
 .text.clock_elapsed_end
                0x00000000000067ea       0x84 lib/timer.o
                0x00000000000067ea                clock_elapsed_end
 .text.clock_clear
                0x000000000000686e       0x36 lib/timer.o
                0x000000000000686e                clock_clear
 .text.enable_timers
                0x00000000000068a4       0x28 lib/timer.o
                0x00000000000068a4                enable_timers
 .text.execute_timers
                0x00000000000068cc       0x28 lib/timer.o
                0x00000000000068cc                execute_timers
 .text.init_timers
                0x00000000000068f4       0xb0 lib/timer.o
                0x00000000000068f4                init_timers
 .text.clock_getres
                0x00000000000069a4       0x20 lib/timer.o
                0x00000000000069a4                clock_getres
 .text.clock_settime
                0x00000000000069c4       0x10 lib/timer.o
                0x00000000000069c4                clock_settime
 .text.IS_Leap  0x00000000000069d4       0x2a lib/time.o
 .text.tm_mon_to_ascii
                0x00000000000069fe       0x20 lib/time.o
                0x00000000000069fe                tm_mon_to_ascii
 .text.Days_Per_Month
                0x0000000000006a1e       0x42 lib/time.o
                0x0000000000006a1e                Days_Per_Month
 .text.time_to_tm
                0x0000000000006a60      0x1bc lib/time.o
                0x0000000000006a60                time_to_tm
 .text.gmtime_r
                0x0000000000006c1c       0x2a lib/time.o
                0x0000000000006c1c                gmtime_r
 .text.gmtime   0x0000000000006c46       0x16 lib/time.o
                0x0000000000006c46                gmtime
 .text.gettimezone
                0x0000000000006c5c       0x22 lib/time.o
                0x0000000000006c5c                gettimezone
 .text.settimezone
                0x0000000000006c7e       0x22 lib/time.o
                0x0000000000006c7e                settimezone
 .text.gettimeofday
                0x0000000000006ca0       0x5c lib/time.o
                0x0000000000006ca0                gettimeofday
 .text.time     0x0000000000006cfc       0x42 lib/time.o
                0x0000000000006cfc                time
 .text.is_dst   0x0000000000006d3e       0x58 lib/time.o
                0x0000000000006d3e                is_dst
 .text.localtime_r
                0x0000000000006d96       0x98 lib/time.o
                0x0000000000006d96                localtime_r
 .text.localtime
                0x0000000000006e2e        0x8 lib/time.o
                0x0000000000006e2e                localtime
 .text.normalize
                0x0000000000006e36      0x390 lib/time.o
                0x0000000000006e36                normalize
 .text.timegm   0x00000000000071c6        0x8 lib/time.o
                0x00000000000071c6                timegm
 .text.setdate_r
                0x00000000000071ce      0x22e lib/time.o
                0x00000000000071ce                setdate_r
 .text.setdate  0x00000000000073fc       0x42 lib/time.o
                0x00000000000073fc                setdate
 .text.find_dst
                0x000000000000743e      0x10c lib/time.o
                0x000000000000743e                find_dst
 .text.set_dst  0x000000000000754a      0x128 lib/time.o
                0x000000000000754a                set_dst
 .text.asctime_r
                0x0000000000007672       0xa4 lib/time.o
                0x0000000000007672                asctime_r
 .text.asctime  0x0000000000007716        0x8 lib/time.o
                0x0000000000007716                asctime
 .text.ctime_gm
                0x000000000000771e       0x22 lib/time.o
                0x000000000000771e                ctime_gm
 .text.initialize_clock
                0x0000000000007740       0xee lib/time.o
                0x0000000000007740                initialize_clock
 .text.display_clock
                0x000000000000782e       0xd4 lib/time.o
                0x000000000000782e                display_clock
 .text._putc_buffer_fn
                0x0000000000007902       0x32 printf/printf.o
                0x0000000000007902                _putc_buffer_fn
 .text._putc_fn
                0x0000000000007934       0x18 printf/printf.o
 .text.bin2num  0x000000000000794c      0x112 printf/printf.o
                0x000000000000794c                bin2num
 .text.pch_init
                0x0000000000007a5e       0x1a printf/printf.o
                0x0000000000007a5e                pch_init
 .text.pch      0x0000000000007a78       0x48 printf/printf.o
                0x0000000000007a78                pch
 .text.p_ntoa   0x0000000000007ac0       0xaa printf/printf.o
                0x0000000000007ac0                p_ntoa
 .text.p_ftoa   0x0000000000007b6a      0x20e printf/printf.o
                0x0000000000007b6a                p_ftoa
 .text.p_etoa   0x0000000000007d78      0x2b8 printf/printf.o
                0x0000000000007d78                p_etoa
 .text._puts_pad
                0x0000000000008030       0x84 printf/printf.o
                0x0000000000008030                _puts_pad
 .text._printf_fn
                0x00000000000080b4      0x834 printf/printf.o
                0x00000000000080b4                _printf_fn
 .text.vsnprintf_P
                0x00000000000088e8       0x4c printf/printf.o
                0x00000000000088e8                vsnprintf_P
 .text.snprintf_P
                0x0000000000008934       0x28 printf/printf.o
                0x0000000000008934                snprintf_P
 .text.sprintf_P
                0x000000000000895c       0x28 printf/printf.o
                0x000000000000895c                sprintf_P
 .text.printf_P
                0x0000000000008984       0x3a printf/printf.o
                0x0000000000008984                printf_P
 .text.atodigit
                0x00000000000089be       0x3c printf/mathio.o
                0x00000000000089be                atodigit
 .text.strtol   0x00000000000089fa       0xbc printf/mathio.o
                0x00000000000089fa                strtol
 .text.atoh     0x0000000000008ab6        0xc printf/mathio.o
                0x0000000000008ab6                atoh
 .text.atoi     0x0000000000008ac2        0xe printf/mathio.o
                0x0000000000008ac2                atoi
 .text.atol     0x0000000000008ad0        0xc printf/mathio.o
                0x0000000000008ad0                atol
 .text.ld_dword
                0x0000000000008adc       0x2a fatfs/ff.o
 .text.st_dword
                0x0000000000008b06        0xc fatfs/ff.o
 .text.mem_set  0x0000000000008b12       0x12 fatfs/ff.o
 .text.clust2sect
                0x0000000000008b24       0x50 fatfs/ff.o
 .text.clmt_clust
                0x0000000000008b74       0x78 fatfs/ff.o
 .text.sum_sfn  0x0000000000008bec       0x1e fatfs/ff.o
 .text.get_ldnumber
                0x0000000000008c0a       0x40 fatfs/ff.o
 .text.validate
                0x0000000000008c4a       0x5a fatfs/ff.o
 .text.mem_cpy.part.0
                0x0000000000008ca4       0x16 fatfs/ff.o
 .text.ld_clust.isra.1
                0x0000000000008cba       0x2a fatfs/ff.o
 .text.st_clust.isra.2
                0x0000000000008ce4       0x1a fatfs/ff.o
 .text.sync_window.part.3
                0x0000000000008cfe       0xa2 fatfs/ff.o
 .text.sync_window
                0x0000000000008da0       0x12 fatfs/ff.o
 .text.sync_fs  0x0000000000008db2       0xd8 fatfs/ff.o
 .text.move_window
                0x0000000000008e8a       0x82 fatfs/ff.o
 .text.check_fs
                0x0000000000008f0c       0x7e fatfs/ff.o
 .text.find_volume
                0x0000000000008f8a      0x552 fatfs/ff.o
 .text.put_fat  0x00000000000094dc      0x1fa fatfs/ff.o
 .text.get_fat.isra.7
                0x00000000000096d6      0x166 fatfs/ff.o
 .text.dir_sdi  0x000000000000983c      0x180 fatfs/ff.o
 .text.create_chain
                0x00000000000099bc      0x1a2 fatfs/ff.o
 .text.remove_chain
                0x0000000000009b5e      0x122 fatfs/ff.o
 .text.get_fileinfo
                0x0000000000009c80      0x1b0 fatfs/ff.o
 .text.dir_next
                0x0000000000009e30      0x250 fatfs/ff.o
 .text.dir_alloc
                0x000000000000a080       0x74 fatfs/ff.o
 .text.dir_read
                0x000000000000a0f4      0x19c fatfs/ff.o
 .text.dir_remove
                0x000000000000a290       0x90 fatfs/ff.o
 .text.dir_find
                0x000000000000a320      0x22e fatfs/ff.o
 .text.dir_register
                0x000000000000a54e      0x348 fatfs/ff.o
 .text.follow_path
                0x000000000000a896      0x442 fatfs/ff.o
 .text.f_mount  0x000000000000acd8       0x7c fatfs/ff.o
                0x000000000000acd8                f_mount
 .text.f_open   0x000000000000ad54      0x3f8 fatfs/ff.o
                0x000000000000ad54                f_open
 .text.f_read   0x000000000000b14c      0x296 fatfs/ff.o
                0x000000000000b14c                f_read
 .text.f_write  0x000000000000b3e2      0x32e fatfs/ff.o
                0x000000000000b3e2                f_write
 .text.f_sync   0x000000000000b710      0x100 fatfs/ff.o
                0x000000000000b710                f_sync
 .text.f_close  0x000000000000b810       0x32 fatfs/ff.o
                0x000000000000b810                f_close
 .text.f_chdir  0x000000000000b842       0xb6 fatfs/ff.o
                0x000000000000b842                f_chdir
 .text.f_getcwd
                0x000000000000b8f8      0x268 fatfs/ff.o
                0x000000000000b8f8                f_getcwd
 .text.f_lseek  0x000000000000bb60      0x5ba fatfs/ff.o
                0x000000000000bb60                f_lseek
 .text.f_opendir
                0x000000000000c11a       0xe6 fatfs/ff.o
                0x000000000000c11a                f_opendir
 .text.f_closedir
                0x000000000000c200       0x2a fatfs/ff.o
                0x000000000000c200                f_closedir
 .text.f_readdir
                0x000000000000c22a       0x8c fatfs/ff.o
                0x000000000000c22a                f_readdir
 .text.f_stat   0x000000000000c2b6       0x80 fatfs/ff.o
                0x000000000000c2b6                f_stat
 .text.f_getfree
                0x000000000000c336      0x1da fatfs/ff.o
                0x000000000000c336                f_getfree
 .text.f_unlink
                0x000000000000c510      0x152 fatfs/ff.o
                0x000000000000c510                f_unlink
 .text.f_mkdir  0x000000000000c662      0x28e fatfs/ff.o
                0x000000000000c662                f_mkdir
 .text.f_rename
                0x000000000000c8f0      0x21e fatfs/ff.o
                0x000000000000c8f0                f_rename
 .text.f_chmod  0x000000000000cb0e       0x9a fatfs/ff.o
                0x000000000000cb0e                f_chmod
 .text.f_utime  0x000000000000cba8       0xb2 fatfs/ff.o
                0x000000000000cba8                f_utime
 .text.f_getlabel
                0x000000000000cc5a       0xf4 fatfs/ff.o
                0x000000000000cc5a                f_getlabel
 .text.f_mkfs   0x000000000000cd4e      0xad8 fatfs/ff.o
                0x000000000000cd4e                f_mkfs
 .text.ff_memalloc
                0x000000000000d826        0x6 fatfs/option/syscall.o
                0x000000000000d826                ff_memalloc
 .text.ff_memfree
                0x000000000000d82c        0x6 fatfs/option/syscall.o
                0x000000000000d82c                ff_memfree
 .text.ff_convert
                0x000000000000d832       0x4e fatfs/option/unicode.o
                0x000000000000d832                ff_convert
 .text.ff_wtoupper
                0x000000000000d880       0xa8 fatfs/option/unicode.o
                0x000000000000d880                ff_wtoupper
 .text.disk_status
                0x000000000000d928        0xc fatfs.hal/diskio.o
                0x000000000000d928                disk_status
 .text.disk_initialize
                0x000000000000d934        0xc fatfs.hal/diskio.o
                0x000000000000d934                disk_initialize
 .text.disk_read
                0x000000000000d940       0x20 fatfs.hal/diskio.o
                0x000000000000d940                disk_read
 .text.disk_write
                0x000000000000d960       0x20 fatfs.hal/diskio.o
                0x000000000000d960                disk_write
 .text.disk_ioctl
                0x000000000000d980       0x14 fatfs.hal/diskio.o
                0x000000000000d980                disk_ioctl
 .text.xchg_spi
                0x000000000000d994        0x4 fatfs.hal/mmc.o
 .text.deselect
                0x000000000000d998        0xc fatfs.hal/mmc.o
 .text.rcvr_datablock
                0x000000000000d9a4       0x4e fatfs.hal/mmc.o
 .text.wait_ready
                0x000000000000d9f2       0x24 fatfs.hal/mmc.o
                0x000000000000d9f2                wait_ready
 .text.select   0x000000000000da16       0x3a fatfs.hal/mmc.o
 .text.send_cmd
                0x000000000000da50       0x86 fatfs.hal/mmc.o
 .text.xmit_datablock
                0x000000000000dad6       0x54 fatfs.hal/mmc.o
 .text.mmc_disk_initialize
                0x000000000000db2a      0x13a fatfs.hal/mmc.o
                0x000000000000db2a                mmc_disk_initialize
 .text.mmc_disk_status
                0x000000000000dc64        0x6 fatfs.hal/mmc.o
                0x000000000000dc64                mmc_disk_status
 .text.mmc_disk_read
                0x000000000000dc6a       0x8c fatfs.hal/mmc.o
                0x000000000000dc6a                mmc_disk_read
 .text.mmc_disk_write
                0x000000000000dcf6       0xca fatfs.hal/mmc.o
                0x000000000000dcf6                mmc_disk_write
 .text.mmc_disk_ioctl
                0x000000000000ddc0      0x510 fatfs.hal/mmc.o
                0x000000000000ddc0                mmc_disk_ioctl
 .text.mmc_disk_timerproc
                0x000000000000e2d0       0x1e fatfs.hal/mmc.o
                0x000000000000e2d0                mmc_disk_timerproc
 .text.mmc_task
                0x000000000000e2ee       0x3c fatfs.hal/mmc_hal.o
 .text.mmc_install_timer
                0x000000000000e32a       0x2e fatfs.hal/mmc_hal.o
                0x000000000000e32a                mmc_install_timer
 .text.mmc_spi_begin
                0x000000000000e358       0x1a fatfs.hal/mmc_hal.o
                0x000000000000e358                mmc_spi_begin
 .text.mmc_spi_end
                0x000000000000e372        0x8 fatfs.hal/mmc_hal.o
                0x000000000000e372                mmc_spi_end
 .text.mmc_slow
                0x000000000000e37a       0x1a fatfs.hal/mmc_hal.o
                0x000000000000e37a                mmc_slow
 .text.mmc_spi_init
                0x000000000000e394        0xa fatfs.hal/mmc_hal.o
                0x000000000000e394                mmc_spi_init
 .text.mmc_fast
                0x000000000000e39e       0x1a fatfs.hal/mmc_hal.o
                0x000000000000e39e                mmc_fast
 .text.mmc_spi_TX_buffer
                0x000000000000e3b8        0x6 fatfs.hal/mmc_hal.o
                0x000000000000e3b8                mmc_spi_TX_buffer
 .text.mmc_spi_RX_buffer
                0x000000000000e3be        0x6 fatfs.hal/mmc_hal.o
                0x000000000000e3be                mmc_spi_RX_buffer
 .text.mmc_spi_TXRX
                0x000000000000e3c4        0x6 fatfs.hal/mmc_hal.o
                0x000000000000e3c4                mmc_spi_TXRX
 .text.mmc_set_ms_timeout
                0x000000000000e3ca        0xe fatfs.hal/mmc_hal.o
                0x000000000000e3ca                mmc_set_ms_timeout
 .text.mmc_test_timeout
                0x000000000000e3d8       0x3e fatfs.hal/mmc_hal.o
                0x000000000000e3d8                mmc_test_timeout
 .text.mmc_init
                0x000000000000e416      0x14a fatfs.hal/mmc_hal.o
                0x000000000000e416                mmc_init
 .text.mmc_power_off
                0x000000000000e560        0x2 fatfs.hal/mmc_hal.o
                0x000000000000e560                mmc_power_off
 .text.mmc_ins_status
                0x000000000000e562        0x6 fatfs.hal/mmc_hal.o
                0x000000000000e562                mmc_ins_status
 .text.mmc_wp_status
                0x000000000000e568        0x6 fatfs.hal/mmc_hal.o
                0x000000000000e568                mmc_wp_status
 .text.tm_to_fat
                0x000000000000e56e       0xd8 fatfs.sup/fatfs_sup.o
                0x000000000000e56e                tm_to_fat
 .text.get_fattime
                0x000000000000e646       0x26 fatfs.sup/fatfs_sup.o
                0x000000000000e646                get_fattime
 .text.put_rc   0x000000000000e66c       0x1e fatfs.sup/fatfs_sup.o
                0x000000000000e66c                put_rc
 .text.fatfs_scan_files
                0x000000000000e68a       0xe0 fatfs.sup/fatfs_sup.o
                0x000000000000e68a                fatfs_scan_files
 .text.fatfs_fstype
                0x000000000000e76a       0x1e fatfs.sup/fatfs_sup.o
                0x000000000000e76a                fatfs_fstype
 .text.fatfs_status
                0x000000000000e788      0x2d8 fatfs.sup/fatfs_sup.o
                0x000000000000e788                fatfs_status
 .text.fatfs_filinfo_list
                0x000000000000ea60      0x10e fatfs.sup/fatfs_sup.o
                0x000000000000ea60                fatfs_filinfo_list
 .text.fatfs_help
                0x000000000000eb6e       0x38 fatfs.sup/fatfs_tests.o
                0x000000000000eb6e                fatfs_help
 .text.fatfs_ls
                0x000000000000eba6      0x19a fatfs.sup/fatfs_tests.o
                0x000000000000eba6                fatfs_ls
 .text.mmc_test
                0x000000000000ed40       0x64 fatfs.sup/fatfs_tests.o
                0x000000000000ed40                mmc_test
 .text.fatfs_tests
                0x000000000000eda4      0x116 fatfs.sup/fatfs_tests.o
                0x000000000000eda4                fatfs_tests
 .text.fatfs_getc
                0x000000000000eeba      0x106 posix/posix.o
                0x000000000000eeba                fatfs_getc
 .text.fatfs_putc
                0x000000000000efc0       0x96 posix/posix.o
                0x000000000000efc0                fatfs_putc
 .text.fgetc    0x000000000000f056       0xa2 posix/posix.o
                0x000000000000f056                fgetc
 .text.fputc    0x000000000000f0f8       0x9a posix/posix.o
                0x000000000000f0f8                fputc
 .text._fprintf_putc
                0x000000000000f192       0x1a posix/posix.o
 .text.getchar  0x000000000000f1ac        0xc posix/posix.o
                0x000000000000f1ac                getchar
 .text.putchar  0x000000000000f1b8        0xc posix/posix.o
                0x000000000000f1b8                putchar
 .text.fgets    0x000000000000f1c4       0x68 posix/posix.o
                0x000000000000f1c4                fgets
 .text.fputs    0x000000000000f22c       0x30 posix/posix.o
                0x000000000000f22c                fputs
 .text.puts     0x000000000000f25c       0x2e posix/posix.o
                0x000000000000f25c                puts
 .text.fileno   0x000000000000f28a       0x38 posix/posix.o
                0x000000000000f28a                fileno
 .text.fileno_to_stream
                0x000000000000f2c2       0x2a posix/posix.o
                0x000000000000f2c2                fileno_to_stream
 .text.mctime   0x000000000000f2ec       0x4a posix/posix.o
                0x000000000000f2ec                mctime
 .text.dump_stat
                0x000000000000f336      0x15a posix/posix.o
                0x000000000000f336                dump_stat
 .text.basename
                0x000000000000f490       0x1c posix/posix.o
                0x000000000000f490                basename
 .text.chdir    0x000000000000f4ac       0x3e posix/posix.o
                0x000000000000f4ac                chdir
 .text.chmod    0x000000000000f4ea       0x52 posix/posix.o
                0x000000000000f4ea                chmod
 .text.getcwd   0x000000000000f53c       0x4a posix/posix.o
                0x000000000000f53c                getcwd
 .text.mkdir    0x000000000000f586       0x5c posix/posix.o
                0x000000000000f586                mkdir
 .text.rename   0x000000000000f5e2       0x3e posix/posix.o
                0x000000000000f5e2                rename
 .text.unlink   0x000000000000f620       0x3e posix/posix.o
                0x000000000000f620                unlink
 .text.rmdir    0x000000000000f65e        0x4 posix/posix.o
                0x000000000000f65e                rmdir
 .text.closedir
                0x000000000000f662       0x36 posix/posix.o
                0x000000000000f662                closedir
 .text.opendir  0x000000000000f698       0x3c posix/posix.o
                0x000000000000f698                opendir
 .text.readdir  0x000000000000f6d4       0x7c posix/posix.o
                0x000000000000f6d4                readdir
 .text.perror   0x000000000000f750       0x76 posix/posix.o
                0x000000000000f750                perror
 .text.fdevopen
                0x000000000000f7c6       0x96 posix/posix.o
                0x000000000000f7c6                fdevopen
 .text.mkfs     0x000000000000f85c       0xe8 posix/posix.o
                0x000000000000f85c                mkfs
 .text.fat_time_to_unix
                0x000000000000f944       0x88 posix/posix.o
                0x000000000000f944                fat_time_to_unix
 .text.stat     0x000000000000f9cc      0x118 posix/posix.o
                0x000000000000f9cc                stat
 .text.unix_time_to_fat
                0x000000000000fae4       0x90 posix/posix.o
                0x000000000000fae4                unix_time_to_fat
 .text.utime    0x000000000000fb74       0x86 posix/posix.o
                0x000000000000fb74                utime
 .text.fileno_to_fatfs
                0x000000000000fbfa       0x2a posix/posix.o
                0x000000000000fbfa                fileno_to_fatfs
 .text.ftell    0x000000000000fc24       0x36 posix/posix.o
                0x000000000000fc24                ftell
 .text.lseek    0x000000000000fc5a       0xce posix/posix.o
                0x000000000000fc5a                lseek
 .text.fseek    0x000000000000fd28       0x4e posix/posix.o
                0x000000000000fd28                fseek
 .text.read     0x000000000000fd76       0xda posix/posix.o
                0x000000000000fd76                read
 .text.fread    0x000000000000fe50       0x38 posix/posix.o
                0x000000000000fe50                fread
 .text.syncfs   0x000000000000fe88       0x66 posix/posix.o
                0x000000000000fe88                syncfs
 .text.sync     0x000000000000feee       0x2a posix/posix.o
                0x000000000000feee                sync
 .text.write    0x000000000000ff18       0xdc posix/posix.o
                0x000000000000ff18                write
 .text.fwrite   0x000000000000fff4       0x38 posix/posix.o
                0x000000000000fff4                fwrite
 .text.free_file_descriptor
                0x000000000001002c       0x6a posix/posix.o
                0x000000000001002c                free_file_descriptor
 .text.close    0x0000000000010096       0x62 posix/posix.o
                0x0000000000010096                close
 .text.fclose   0x00000000000100f8       0x10 posix/posix.o
                0x00000000000100f8                fclose
 .text.new_file_descriptor
                0x0000000000010108       0x8a posix/posix.o
                0x0000000000010108                new_file_descriptor
 .text.open     0x0000000000010192      0x13e posix/posix.o
                0x0000000000010192                open
 .text.posix_fopen_modes_to_open
                0x00000000000102d0       0xd4 posix/posix.o
                0x00000000000102d0                posix_fopen_modes_to_open
 .text.fopen    0x00000000000103a4       0x1a posix/posix.o
                0x00000000000103a4                fopen
 .text.fprintf  0x00000000000103be       0x40 posix/posix.o
                0x00000000000103be                fprintf
 .text.posix_help
                0x00000000000103fe       0x38 posix/posix_tests.o
                0x00000000000103fe                posix_help
 .text.copy     0x0000000000010436      0x1c0 posix/posix_tests.o
                0x0000000000010436                copy
 .text.testpage
                0x00000000000105f6       0x66 posix/posix_tests.o
                0x00000000000105f6                testpage
 .text.cat      0x000000000001065c       0xda posix/posix_tests.o
                0x000000000001065c                cat
 .text.hexdump  0x0000000000010736      0x228 posix/posix_tests.o
                0x0000000000010736                hexdump
 .text.ls_info  0x000000000001095e      0x17a posix/posix_tests.o
                0x000000000001095e                ls_info
 .text.ls       0x0000000000010ad8      0x238 posix/posix_tests.o
                0x0000000000010ad8                ls
 .text.logfile  0x0000000000010d10       0xa0 posix/posix_tests.o
                0x0000000000010d10                logfile
 .text.sum      0x0000000000010db0       0xa0 posix/posix_tests.o
                0x0000000000010db0                sum
 .text.upload   0x0000000000010e50       0xcc posix/posix_tests.o
                0x0000000000010e50                upload
 .text.posix_tests
                0x0000000000010f1c      0x480 posix/posix_tests.o
                0x0000000000010f1c                posix_tests
 .text.gpib_timer_init
                0x000000000001139c       0x28 gpib/gpib_hal.o
                0x000000000001139c                gpib_timer_init
 .text.reverse_8bits
                0x00000000000113c4       0x14 gpib/gpib_hal.o
                0x00000000000113c4                reverse_8bits
 .text.ppr_set  0x00000000000113d8       0x14 gpib/gpib_hal.o
                0x00000000000113d8                ppr_set
 .text.ppr_reg  0x00000000000113ec        0x8 gpib/gpib_hal.o
                0x00000000000113ec                ppr_reg
 .text.ppr_init
                0x00000000000113f4       0x22 gpib/gpib_hal.o
                0x00000000000113f4                ppr_init
 .text.ppr_bit_set
                0x0000000000011416       0x1a gpib/gpib_hal.o
                0x0000000000011416                ppr_bit_set
 .text.ppr_bit_clr
                0x0000000000011430       0x1c gpib/gpib_hal.o
                0x0000000000011430                ppr_bit_clr
 .text.dbf_open
                0x000000000001144c       0x44 gpib/gpib_hal.o
                0x000000000001144c                dbf_open
 .text.dbf_read
                0x0000000000011490       0x30 gpib/gpib_hal.o
                0x0000000000011490                dbf_read
 .text.dbf_write
                0x00000000000114c0       0x30 gpib/gpib_hal.o
                0x00000000000114c0                dbf_write
 .text.dbf_lseek
                0x00000000000114f0       0x30 gpib/gpib_hal.o
                0x00000000000114f0                dbf_lseek
 .text.dbf_close
                0x0000000000011520       0x30 gpib/gpib_hal.o
                0x0000000000011520                dbf_close
 .text.dbf_open_read
                0x0000000000011550       0xae gpib/gpib_hal.o
                0x0000000000011550                dbf_open_read
 .text.dbf_open_write
                0x00000000000115fe       0xae gpib/gpib_hal.o
                0x00000000000115fe                dbf_open_write
 .text.gpib_timer_elapsed_begin
                0x00000000000116ac        0x6 gpib/gpib.o
                0x00000000000116ac                gpib_timer_elapsed_begin
 .text.gpib_timer_reset
                0x00000000000116b2       0x1e gpib/gpib.o
                0x00000000000116b2                gpib_timer_reset
 .text.gpib_timer_elapsed_end
                0x00000000000116d0        0x6 gpib/gpib.o
                0x00000000000116d0                gpib_timer_elapsed_end
 .text.gpib_timer_task
                0x00000000000116d6       0x4c gpib/gpib.o
                0x00000000000116d6                gpib_timer_task
 .text.gpib_timeout_set
                0x0000000000011722       0x14 gpib/gpib.o
                0x0000000000011722                gpib_timeout_set
 .text.gpib_bus_read_init
                0x0000000000011736       0x46 gpib/gpib.o
                0x0000000000011736                gpib_bus_read_init
 .text.gpib_bus_init
                0x000000000001177c       0x50 gpib/gpib.o
                0x000000000001177c                gpib_bus_init
 .text.gpib_state_init
                0x00000000000117cc       0x50 gpib/gpib.o
                0x00000000000117cc                gpib_state_init
 .text.gpib_enable_PPR
                0x000000000001181c       0x62 gpib/gpib.o
                0x000000000001181c                gpib_enable_PPR
 .text.gpib_disable_PPR
                0x000000000001187e       0x62 gpib/gpib.o
                0x000000000001187e                gpib_disable_PPR
 .text.gpib_assert_ifc
                0x00000000000118e0       0x3c gpib/gpib.o
                0x00000000000118e0                gpib_assert_ifc
 .text.gpib_unread
                0x000000000001191c       0x4a gpib/gpib.o
                0x000000000001191c                gpib_unread
 .text.gpib_bus_read
                0x0000000000011966        0xc gpib/gpib.o
                0x0000000000011966                gpib_bus_read
 .text.gpib_control_pin_read
                0x0000000000011972       0x20 gpib/gpib.o
                0x0000000000011972                gpib_control_pin_read
 .text.gpib_handshake_pin_read
                0x0000000000011992       0x18 gpib/gpib.o
                0x0000000000011992                gpib_handshake_pin_read
 .text.gpib_write_byte
                0x00000000000119aa      0x2d0 gpib/gpib.o
                0x00000000000119aa                gpib_write_byte
 .text.gpib_decode_header
                0x0000000000011c7a       0xa4 gpib/gpib.o
                0x0000000000011c7a                gpib_decode_header
 .text.gpib_trace_display
                0x0000000000011d1e      0x28e gpib/gpib.o
                0x0000000000011d1e                gpib_trace_display
 .text.gpib_read_byte
                0x0000000000011fac      0x1ac gpib/gpib.o
                0x0000000000011fac                gpib_read_byte
 .text.gpib_decode
                0x0000000000012158        0x8 gpib/gpib.o
                0x0000000000012158                gpib_decode
 .text.gpib_read_str
                0x0000000000012160      0x15c gpib/gpib.o
                0x0000000000012160                gpib_read_str
 .text.gpib_write_str
                0x00000000000122bc       0xf2 gpib/gpib.o
                0x00000000000122bc                gpib_write_str
 .text.gpib_file_init
                0x00000000000123ae       0x5e gpib/gpib_task.o
                0x00000000000123ae                gpib_file_init
 .text.SS80_is_MLA
                0x000000000001240c       0x22 gpib/gpib_task.o
                0x000000000001240c                SS80_is_MLA
 .text.SS80_is_MTA
                0x000000000001242e       0x22 gpib/gpib_task.o
                0x000000000001242e                SS80_is_MTA
 .text.SS80_is_MSA
                0x0000000000012450       0x22 gpib/gpib_task.o
                0x0000000000012450                SS80_is_MSA
 .text.AMIGO_is_MLA
                0x0000000000012472       0x22 gpib/gpib_task.o
                0x0000000000012472                AMIGO_is_MLA
 .text.AMIGO_is_MTA
                0x0000000000012494       0x22 gpib/gpib_task.o
                0x0000000000012494                AMIGO_is_MTA
 .text.AMIGO_is_MSA
                0x00000000000124b6       0x22 gpib/gpib_task.o
                0x00000000000124b6                AMIGO_is_MSA
 .text.PRINTER_is_MLA
                0x00000000000124d8       0x22 gpib/gpib_task.o
                0x00000000000124d8                PRINTER_is_MLA
 .text.PRINTER_is_MTA
                0x00000000000124fa       0x22 gpib/gpib_task.o
                0x00000000000124fa                PRINTER_is_MTA
 .text.gpib_init_devices
                0x000000000001251c       0x10 gpib/gpib_task.o
                0x000000000001251c                gpib_init_devices
 .text.gpib_trace_task
                0x000000000001252c      0x11a gpib/gpib_task.o
                0x000000000001252c                gpib_trace_task
 .text.gpib_error_test
                0x0000000000012646      0x114 gpib/gpib_task.o
                0x0000000000012646                gpib_error_test
 .text.GPIB_COMMANDS
                0x000000000001275a       0xa8 gpib/gpib_task.o
                0x000000000001275a                GPIB_COMMANDS
 .text.Send_Identify
                0x0000000000012802       0x94 gpib/gpib_task.o
                0x0000000000012802                Send_Identify
 .text.GPIB     0x0000000000012896      0x16e gpib/gpib_task.o
                0x0000000000012896                GPIB
 .text.GPIB_TALK
                0x0000000000012a04      0x12a gpib/gpib_task.o
                0x0000000000012a04                GPIB_TALK
 .text.GPIB_SECONDARY_ADDRESS
                0x0000000000012b2e       0xfa gpib/gpib_task.o
                0x0000000000012b2e                GPIB_SECONDARY_ADDRESS
 .text.listen_cleanup
                0x0000000000012c28       0x44 gpib/gpib_task.o
                0x0000000000012c28                listen_cleanup
 .text.GPIB_LISTEN
                0x0000000000012c6c      0x11c gpib/gpib_task.o
                0x0000000000012c6c                GPIB_LISTEN
 .text.gpib_task
                0x0000000000012d88       0xc2 gpib/gpib_task.o
                0x0000000000012d88                gpib_task
 .text.talk_cleanup
                0x0000000000012e4a        0x2 gpib/gpib_task.o
                0x0000000000012e4a                talk_cleanup
 .text.gpib_help
                0x0000000000012e4c       0x38 gpib/gpib_tests.o
                0x0000000000012e4c                gpib_help
 .text.gpib_tests
                0x0000000000012e84      0x5f2 gpib/gpib_tests.o
                0x0000000000012e84                gpib_tests
 .text.SS80ControllerPack
                0x0000000000013476       0x78 gpib/ss80.o
                0x0000000000013476                SS80ControllerPack
 .text.SS80UnitPack
                0x00000000000134ee      0x198 gpib/ss80.o
                0x00000000000134ee                SS80UnitPack
 .text.SS80VolumePack
                0x0000000000013686       0xca gpib/ss80.o
                0x0000000000013686                SS80VolumePack
 .text.SS80_test_extended_status
                0x0000000000013750       0x34 gpib/ss80.o
                0x0000000000013750                SS80_test_extended_status
 .text.SS80_display_extended_status
                0x0000000000013784       0xae gpib/ss80.o
                0x0000000000013784                SS80_display_extended_status
 .text.SS80_send_status
                0x0000000000013832      0x102 gpib/ss80.o
                0x0000000000013832                SS80_send_status
 .text.SS80_describe
                0x0000000000013934       0xe0 gpib/ss80.o
                0x0000000000013934                SS80_describe
 .text.SS80_Check_Unit
                0x0000000000013a14       0x44 gpib/ss80.o
                0x0000000000013a14                SS80_Check_Unit
 .text.SS80_Check_Volume
                0x0000000000013a58       0x40 gpib/ss80.o
                0x0000000000013a58                SS80_Check_Volume
 .text.SS80_Command_State
                0x0000000000013a98      0x4f0 gpib/ss80.o
                0x0000000000013a98                SS80_Command_State
 .text.SS80_cmd_seek
                0x0000000000013f88      0x102 gpib/ss80.o
                0x0000000000013f88                SS80_cmd_seek
 .text.SS80_locate_and_write
                0x000000000001408a      0x32e gpib/ss80.o
                0x000000000001408a                SS80_locate_and_write
 .text.SS80_Report
                0x00000000000143b8       0x9c gpib/ss80.o
                0x00000000000143b8                SS80_Report
 .text.Clear_Common
                0x0000000000014454       0x3e gpib/ss80.o
                0x0000000000014454                Clear_Common
 .text.SS80_init
                0x0000000000014492       0x8c gpib/ss80.o
                0x0000000000014492                SS80_init
 .text.SS80_Channel_Independent_Clear
                0x000000000001451e       0x18 gpib/ss80.o
                0x000000000001451e                SS80_Channel_Independent_Clear
 .text.SS80_Universal_Device_Clear
                0x0000000000014536       0x1c gpib/ss80.o
                0x0000000000014536                SS80_Universal_Device_Clear
 .text.SS80_Selected_Device_Clear
                0x0000000000014552       0x40 gpib/ss80.o
                0x0000000000014552                SS80_Selected_Device_Clear
 .text.SS80_Amigo_Clear
                0x0000000000014592       0x86 gpib/ss80.o
                0x0000000000014592                SS80_Amigo_Clear
 .text.SS80_Cancel
                0x0000000000014618       0x22 gpib/ss80.o
                0x0000000000014618                SS80_Cancel
 .text.SS80_Transparent_State
                0x000000000001463a      0x224 gpib/ss80.o
                0x000000000001463a                SS80_Transparent_State
 .text.SS80_error_return
                0x000000000001485e       0x74 gpib/ss80.o
                0x000000000001485e                SS80_error_return
 .text.SS80_locate_and_read
                0x00000000000148d2      0x2d0 gpib/ss80.o
                0x00000000000148d2                SS80_locate_and_read
 .text.SS80_Execute_State
                0x0000000000014ba2       0xac gpib/ss80.o
                0x0000000000014ba2                SS80_Execute_State
 .text.SS80_COMMANDS
                0x0000000000014c4e      0x1ce gpib/ss80.o
                0x0000000000014c4e                SS80_COMMANDS
 .text.amigo_overflow_check
                0x0000000000014e1c       0xa0 gpib/amigo.o
 .text.amigo_chs_to_logical
                0x0000000000014ebc       0xde gpib/amigo.o
 .text.amigo_init
                0x0000000000014f9a       0x8a gpib/amigo.o
                0x0000000000014f9a                amigo_init
 .text.amigo_request_logical_address
                0x0000000000015024       0x1c gpib/amigo.o
                0x0000000000015024                amigo_request_logical_address
 .text.amigo_request_status
                0x0000000000015040       0xb0 gpib/amigo.o
                0x0000000000015040                amigo_request_status
 .text.amigo_send_logical_address
                0x00000000000150f0       0xbc gpib/amigo.o
                0x00000000000150f0                amigo_send_logical_address
 .text.amigo_send_status
                0x00000000000151ac       0xbc gpib/amigo.o
                0x00000000000151ac                amigo_send_status
 .text.amigo_increment
                0x0000000000015268       0x52 gpib/amigo.o
                0x0000000000015268                amigo_increment
 .text.amigo_seek
                0x00000000000152ba       0x56 gpib/amigo.o
                0x00000000000152ba                amigo_seek
 .text.amigo_verify
                0x0000000000015310      0x122 gpib/amigo.o
                0x0000000000015310                amigo_verify
 .text.amigo_format
                0x0000000000015432      0x124 gpib/amigo.o
                0x0000000000015432                amigo_format
 .text.amigo_buffered_read
                0x0000000000015556      0x188 gpib/amigo.o
                0x0000000000015556                amigo_buffered_read
 .text.amigo_buffered_write
                0x00000000000156de      0x170 gpib/amigo.o
                0x00000000000156de                amigo_buffered_write
 .text.amigo_cmd_dsj
                0x000000000001584e       0xc4 gpib/amigo.o
                0x000000000001584e                amigo_cmd_dsj
 .text.amigo_cmd_clear
                0x0000000000015912       0x46 gpib/amigo.o
                0x0000000000015912                amigo_cmd_clear
 .text.amigo_todo_op
                0x0000000000015958      0x152 gpib/amigo.o
                0x0000000000015958                amigo_todo_op
 .text.amigo_todo
                0x0000000000015aaa      0x120 gpib/amigo.o
                0x0000000000015aaa                amigo_todo
 .text.amigo_check_unit
                0x0000000000015bca       0x28 gpib/amigo.o
                0x0000000000015bca                amigo_check_unit
 .text.Amigo_Command
                0x0000000000015bf2      0x5cc gpib/amigo.o
                0x0000000000015bf2                Amigo_Command
 .text.Amigo_Execute
                0x00000000000161be      0x1ae gpib/amigo.o
                0x00000000000161be                Amigo_Execute
 .text.AMIGO_COMMANDS
                0x000000000001636c      0x130 gpib/amigo.o
                0x000000000001636c                AMIGO_COMMANDS
 .text.printer_init
                0x000000000001649c       0x1c gpib/printer.o
                0x000000000001649c                printer_init
 .text.receive_plot_flush
                0x00000000000164b8       0xb2 gpib/printer.o
                0x00000000000164b8                receive_plot_flush
 .text.printer_close
                0x000000000001656a       0x9a gpib/printer.o
                0x000000000001656a                printer_close
 .text.printer_open
                0x0000000000016604      0x142 gpib/printer.o
                0x0000000000016604                printer_open
 .text.printer_buffer
                0x0000000000016746       0xe6 gpib/printer.o
                0x0000000000016746                printer_buffer
 .text.PRINTER_COMMANDS
                0x000000000001682c       0x5e gpib/printer.o
                0x000000000001682c                PRINTER_COMMANDS
 .text.plot_echo
                0x000000000001688a      0x128 gpib/printer.o
                0x000000000001688a                plot_echo
 .text.V2B_MSB  0x00000000000169b2       0x28 gpib/drives.o
                0x00000000000169b2                V2B_MSB
 .text.V2B_LSB  0x00000000000169da       0x2a gpib/drives.o
                0x00000000000169da                V2B_LSB
 .text.B2V_MSB  0x0000000000016a04       0x3e gpib/drives.o
                0x0000000000016a04                B2V_MSB
 .text.B2V_LSB  0x0000000000016a42       0x40 gpib/drives.o
                0x0000000000016a42                B2V_LSB
 .text.find_type
                0x0000000000016a82       0x28 gpib/drives.o
                0x0000000000016a82                find_type
 .text.type_to_str
                0x0000000000016aaa       0x32 gpib/drives.o
                0x0000000000016aaa                type_to_str
 .text.find_free
                0x0000000000016adc        0x8 gpib/drives.o
                0x0000000000016adc                find_free
 .text.find_device
                0x0000000000016ae4       0x54 gpib/drives.o
                0x0000000000016ae4                find_device
 .text.set_active_device
                0x0000000000016b38      0x216 gpib/drives.o
                0x0000000000016b38                set_active_device
 .text.alloc_device
                0x0000000000016d4e      0x120 gpib/drives.o
                0x0000000000016d4e                alloc_device
 .text.init_Devices
                0x0000000000016e6e       0x28 gpib/drives.o
                0x0000000000016e6e                init_Devices
 .text.push_state
                0x0000000000016e96       0x32 gpib/drives.o
                0x0000000000016e96                push_state
 .text.pop_state
                0x0000000000016ec8       0x2e gpib/drives.o
                0x0000000000016ec8                pop_state
 .text.assign_value
                0x0000000000016ef6      0x13e gpib/drives.o
                0x0000000000016ef6                assign_value
 .text.set_Config_Defaults
                0x0000000000017034        0x2 gpib/drives.o
                0x0000000000017034                set_Config_Defaults
 .text.POSIX_Read_Config
                0x0000000000017036     0x10e4 gpib/drives.o
                0x0000000000017036                POSIX_Read_Config
 .text.print_var_P
                0x000000000001811a       0xa2 gpib/drives.o
                0x000000000001811a                print_var_P
 .text.print_str_P
                0x00000000000181bc       0x8e gpib/drives.o
                0x00000000000181bc                print_str_P
 .text.display_Addresses
                0x000000000001824a      0x1f6 gpib/drives.o
                0x000000000001824a                display_Addresses
 .text.display_Config
                0x0000000000018440      0x4b4 gpib/drives.o
                0x0000000000018440                display_Config
 .text.format_drives
                0x00000000000188f4      0x272 gpib/drives.o
                0x00000000000188f4                format_drives
 .text.controller_send_str
                0x0000000000018b66       0x86 gpib/controller.o
                0x0000000000018b66                controller_send_str
 .text.controller_read_str
                0x0000000000018bec       0x8c gpib/controller.o
                0x0000000000018bec                controller_read_str
 .text.controller_read_trace
                0x0000000000018c78       0x86 gpib/controller.o
                0x0000000000018c78                controller_read_trace
 .text.lif_help
                0x0000000000018cfe       0x38 lif/lifutils.o
                0x0000000000018cfe                lif_help
 .text.lif_calloc
                0x0000000000018d36       0x58 lif/lifutils.o
                0x0000000000018d36                lif_calloc
 .text.lif_free
                0x0000000000018d8e       0x20 lif/lifutils.o
                0x0000000000018d8e                lif_free
 .text.lif_stralloc
                0x0000000000018dae       0x3e lif/lifutils.o
                0x0000000000018dae                lif_stralloc
 .text.lif_open
                0x0000000000018dec       0x50 lif/lifutils.o
                0x0000000000018dec                lif_open
 .text.lif_stat
                0x0000000000018e3c       0x48 lif/lifutils.o
                0x0000000000018e3c                lif_stat
 .text.lif_seek_msg
                0x0000000000018e84       0x74 lif/lifutils.o
                0x0000000000018e84                lif_seek_msg
 .text.lif_read
                0x0000000000018ef8       0xb2 lif/lifutils.o
                0x0000000000018ef8                lif_read
 .text.lif_write
                0x0000000000018faa       0x9c lif/lifutils.o
                0x0000000000018faa                lif_write
 .text.lif_chars
                0x0000000000019046       0x56 lif/lifutils.o
                0x0000000000019046                lif_chars
 .text.lif_B2S  0x000000000001909c       0x74 lif/lifutils.o
                0x000000000001909c                lif_B2S
 .text.lif_checkname
                0x0000000000019110       0x3a lif/lifutils.o
                0x0000000000019110                lif_checkname
 .text.lif_S2B  0x000000000001914a       0x3a lif/lifutils.o
                0x000000000001914a                lif_S2B
 .text.lif_fixname
                0x0000000000019184       0x7a lif/lifutils.o
                0x0000000000019184                lif_fixname
 .text.lif_vol2str
                0x00000000000191fe      0x130 lif/lifutils.o
                0x00000000000191fe                lif_vol2str
 .text.lif_str2vol
                0x000000000001932e      0x110 lif/lifutils.o
                0x000000000001932e                lif_str2vol
 .text.lif_dir2str
                0x000000000001943e       0xe2 lif/lifutils.o
                0x000000000001943e                lif_dir2str
 .text.lif_str2dir
                0x0000000000019520       0xca lif/lifutils.o
                0x0000000000019520                lif_str2dir
 .text.lif_BIN2BCD
                0x00000000000195ea        0xe lif/lifutils.o
                0x00000000000195ea                lif_BIN2BCD
 .text.lif_BCD2BIN
                0x00000000000195f8       0x16 lif/lifutils.o
                0x00000000000195f8                lif_BCD2BIN
 .text.lif_time2lifbcd
                0x000000000001960e       0x84 lif/lifutils.o
                0x000000000001960e                lif_time2lifbcd
 .text.lif_lifbcd2time
                0x0000000000019692       0xa0 lif/lifutils.o
                0x0000000000019692                lif_lifbcd2time
 .text.lif_ctime_gmt
                0x0000000000019732       0x3c lif/lifutils.o
                0x0000000000019732                lif_ctime_gmt
 .text.lif_lifbcd2timestr
                0x000000000001976e       0x4e lif/lifutils.o
                0x000000000001976e                lif_lifbcd2timestr
 .text.lif_image_clear
                0x00000000000197bc        0xc lif/lifutils.o
                0x00000000000197bc                lif_image_clear
 .text.lif_dir_clear
                0x00000000000197c8       0x10 lif/lifutils.o
                0x00000000000197c8                lif_dir_clear
 .text.lif_vol_clear
                0x00000000000197d8        0xe lif/lifutils.o
                0x00000000000197d8                lif_vol_clear
 .text.lif_dump_vol
                0x00000000000197e6      0x326 lif/lifutils.o
                0x00000000000197e6                lif_dump_vol
 .text.lif_check_volume
                0x0000000000019b0c      0x1b6 lif/lifutils.o
                0x0000000000019b0c                lif_check_volume
 .text.lif_check_dir
                0x0000000000019cc2      0x366 lif/lifutils.o
                0x0000000000019cc2                lif_check_dir
 .text.lif_close_volume
                0x000000000001a028       0x4c lif/lifutils.o
                0x000000000001a028                lif_close_volume
 .text.lif_checkdirindex
                0x000000000001a074       0xb6 lif/lifutils.o
                0x000000000001a074                lif_checkdirindex
 .text.lif_readdirindex
                0x000000000001a12a       0xd2 lif/lifutils.o
                0x000000000001a12a                lif_readdirindex
 .text.lif_writedirindex
                0x000000000001a1fc       0xb8 lif/lifutils.o
                0x000000000001a1fc                lif_writedirindex
 .text.lif_writedirEOF
                0x000000000001a2b4       0x30 lif/lifutils.o
                0x000000000001a2b4                lif_writedirEOF
 .text.lif_updatefree
                0x000000000001a2e4      0x210 lif/lifutils.o
                0x000000000001a2e4                lif_updatefree
 .text.lif_create_volume
                0x000000000001a4f4      0x5b2 lif/lifutils.o
                0x000000000001a4f4                lif_create_volume
 .text.lif_newdir
                0x000000000001aaa6      0x2ca lif/lifutils.o
                0x000000000001aaa6                lif_newdir
 .text.lif_open_volume
                0x000000000001ad70      0x1f0 lif/lifutils.o
                0x000000000001ad70                lif_open_volume
 .text.lif_dir  0x000000000001af60      0x2da lif/lifutils.o
                0x000000000001af60                lif_dir
 .text.lif_find_file
                0x000000000001b23a       0xc8 lif/lifutils.o
                0x000000000001b23a                lif_find_file
 .text.lif_e010_pad_sector
                0x000000000001b302       0xb4 lif/lifutils.o
                0x000000000001b302                lif_e010_pad_sector
 .text.lif_ascii_string_to_e010
                0x000000000001b3b6      0x172 lif/lifutils.o
                0x000000000001b3b6                lif_ascii_string_to_e010
 .text.lif_add_ascii_file_as_e010_wrapper
                0x000000000001b528      0x21a lif/lifutils.o
                0x000000000001b528                lif_add_ascii_file_as_e010_wrapper
 .text.lif_add_ascii_file_as_e010
                0x000000000001b742      0x272 lif/lifutils.o
                0x000000000001b742                lif_add_ascii_file_as_e010
 .text.lif_extract_e010_as_ascii
                0x000000000001b9b4      0x5d8 lif/lifutils.o
                0x000000000001b9b4                lif_extract_e010_as_ascii
 .text.lif_extract_lif_as_lif
                0x000000000001bf8c      0x28c lif/lifutils.o
                0x000000000001bf8c                lif_extract_lif_as_lif
 .text.lif_add_lif_file
                0x000000000001c218      0x330 lif/lifutils.o
                0x000000000001c218                lif_add_lif_file
 .text.lif_del_file
                0x000000000001c548      0x130 lif/lifutils.o
                0x000000000001c548                lif_del_file
 .text.lif_rename_file
                0x000000000001c678      0x10c lif/lifutils.o
                0x000000000001c678                lif_rename_file
 .text.lif_create_image
                0x000000000001c784       0xf8 lif/lifutils.o
                0x000000000001c784                lif_create_image
 .text.lif_tests
                0x000000000001c87c      0x24c lif/lifutils.o
                0x000000000001c87c                lif_tests
 .text.copyright
                0x000000000001cac8       0x92 main.o
                0x000000000001cac8                copyright
 .text.delay_tests
                0x000000000001cb5a       0xc6 main.o
                0x000000000001cb5a                delay_tests
 .text.help     0x000000000001cc20       0x38 main.o
                0x000000000001cc20                help
 .text.task     0x000000000001cc58      0x164 main.o
                0x000000000001cc58                task
 .text.startup.main
                0x000000000001cdbc      0x268 main.o
                0x000000000001cdbc                main
 .text.libgcc.mul
                0x000000000001d024       0x1e /usr/lib/gcc/avr/5.4.0/avr51/libgcc.a(_mulsi3.o)
                0x000000000001d024                __mulsi3
 .text.libgcc.div
                0x000000000001d042       0x18 /usr/lib/gcc/avr/5.4.0/avr51/libgcc.a(_udivmodqi4.o)
                0x000000000001d042                __udivmodqi4
 .text.libgcc.div
                0x000000000001d05a       0x28 /usr/lib/gcc/avr/5.4.0/avr51/libgcc.a(_udivmodhi4.o)
                0x000000000001d05a                __udivmodhi4
 .text.libgcc.div
                0x000000000001d082       0x26 /usr/lib/gcc/avr/5.4.0/avr51/libgcc.a(_divmodhi4.o)
                0x000000000001d082                __divmodhi4
                0x000000000001d082                _div
 .text.libgcc.div
                0x000000000001d0a8       0x44 /usr/lib/gcc/avr/5.4.0/avr51/libgcc.a(_udivmodsi4.o)
                0x000000000001d0a8                __udivmodsi4
 .text.libgcc.div
                0x000000000001d0ec       0x28 /usr/lib/gcc/avr/5.4.0/avr51/libgcc.a(_divmodsi4.o)
                0x000000000001d0ec                __divmodsi4
 .text.libgcc.div
                0x000000000001d114       0x10 /usr/lib/gcc/avr/5.4.0/avr51/libgcc.a(_negsi2.o)
                0x000000000001d114                __negsi2
 .text.libgcc   0x000000000001d124       0x12 /usr/lib/gcc/avr/5.4.0/avr51/libgcc.a(_tablejump2.o)
                0x000000000001d124                __tablejump2__
 .text.libgcc.mul
                0x000000000001d136        0xc /usr/lib/gcc/avr/5.4.0/avr51/libgcc.a(_usmulhisi3.o)
                0x000000000001d136                __usmulhisi3
                0x000000000001d138                __usmulhisi3_tail
 .text.libgcc.mul
                0x000000000001d142       0x14 /usr/lib/gcc/avr/5.4.0/avr51/libgcc.a(_muluhisi3.o)
                0x000000000001d142                __muluhisi3
 .text.libgcc.mul
                0x000000000001d156        0xc /usr/lib/gcc/avr/5.4.0/avr51/libgcc.a(_mulshisi3.o)
                0x000000000001d156                __mulshisi3
                0x000000000001d15a                __mulohisi3
 .text.libgcc   0x000000000001d162       0x20 /usr/lib/gcc/avr/5.4.0/avr51/libgcc.a(_negdi2.o)
                0x000000000001d162                __negdi2
 .text.libgcc.prologue
                0x000000000001d182       0x38 /usr/lib/gcc/avr/5.4.0/avr51/libgcc.a(_prologue.o)
                0x000000000001d182                __prologue_saves__
 .text.libgcc.prologue
                0x000000000001d1ba       0x36 /usr/lib/gcc/avr/5.4.0/avr51/libgcc.a(_epilogue.o)
                0x000000000001d1ba                __epilogue_restores__
 .text.libgcc   0x000000000001d1f0        0xe /usr/lib/gcc/avr/5.4.0/avr51/libgcc.a(_xload_1.o)
                0x000000000001d1f0                __xload_1
 .text.libgcc   0x000000000001d1fe       0x18 /usr/lib/gcc/avr/5.4.0/avr51/libgcc.a(_cmpdi2_s8.o)
                0x000000000001d1fe                __cmpdi2_s8
 .text.libgcc.mul
                0x000000000001d216       0x1e /usr/lib/gcc/avr/5.4.0/avr51/libgcc.a(_umulhisi3.o)
                0x000000000001d216                __umulhisi3
 .text.avr-libc.fplib
                0x000000000001d234        0xa /usr/lib/gcc/avr/5.4.0/../../../avr/lib/avr51/libm.a(addsf3.o)
                0x000000000001d234                __subsf3
                0x000000000001d236                __addsf3
 .text.avr-libc.fplib
                0x000000000001d23e       0xc0 /usr/lib/gcc/avr/5.4.0/../../../avr/lib/avr51/libm.a(addsf3x.o)
                0x000000000001d258                __addsf3x
 .text.avr-libc.fplib
                0x000000000001d2fe        0x8 /usr/lib/gcc/avr/5.4.0/../../../avr/lib/avr51/libm.a(cmpsf2.o)
                0x000000000001d2fe                __lesf2
                0x000000000001d2fe                __nesf2
                0x000000000001d2fe                __eqsf2
                0x000000000001d2fe                __cmpsf2
                0x000000000001d2fe                __ltsf2
 .text.avr-libc.fplib
                0x000000000001d306        0x4 /usr/lib/gcc/avr/5.4.0/../../../avr/lib/avr51/libm.a(divsf3.o)
                0x000000000001d306                __divsf3
 .text.avr-libc.fplib
                0x000000000001d30a       0xcc /usr/lib/gcc/avr/5.4.0/../../../avr/lib/avr51/libm.a(divsf3x.o)
                0x000000000001d320                __divsf3x
                0x000000000001d324                __divsf3_pse
 .text.avr-libc.fplib
                0x000000000001d3d6        0xa /usr/lib/gcc/avr/5.4.0/../../../avr/lib/avr51/libm.a(fixsfsi.o)
                0x000000000001d3d6                __fixsfsi
 .text.avr-libc.fplib
                0x000000000001d3e0       0x58 /usr/lib/gcc/avr/5.4.0/../../../avr/lib/avr51/libm.a(fixunssfsi.o)
                0x000000000001d3e0                __fixunssfsi
 .text.avr-libc.fplib
                0x000000000001d438       0x7a /usr/lib/gcc/avr/5.4.0/../../../avr/lib/avr51/libm.a(floatsisf.o)
                0x000000000001d438                __floatunsisf
                0x000000000001d43c                __floatsisf
 .text.avr-libc.fplib
                0x000000000001d4b2       0x48 /usr/lib/gcc/avr/5.4.0/../../../avr/lib/avr51/libm.a(fp_cmp.o)
                0x000000000001d4b2                __fp_cmp
 .text.avr-libc.fplib
                0x000000000001d4fa        0xc /usr/lib/gcc/avr/5.4.0/../../../avr/lib/avr51/libm.a(fp_inf.o)
                0x000000000001d4fa                __fp_inf
 .text.avr-libc.fplib
                0x000000000001d506        0x6 /usr/lib/gcc/avr/5.4.0/../../../avr/lib/avr51/libm.a(fp_nan.o)
                0x000000000001d506                __fp_nan
 .text.avr-libc.fplib
                0x000000000001d50c        0xe /usr/lib/gcc/avr/5.4.0/../../../avr/lib/avr51/libm.a(fp_pscA.o)
                0x000000000001d50c                __fp_pscA
 .text.avr-libc.fplib
                0x000000000001d51a        0xe /usr/lib/gcc/avr/5.4.0/../../../avr/lib/avr51/libm.a(fp_pscB.o)
                0x000000000001d51a                __fp_pscB
 .text.avr-libc.fplib
                0x000000000001d528       0x22 /usr/lib/gcc/avr/5.4.0/../../../avr/lib/avr51/libm.a(fp_round.o)
                0x000000000001d528                __fp_round
 .text.avr-libc.fplib
                0x000000000001d54a       0x44 /usr/lib/gcc/avr/5.4.0/../../../avr/lib/avr51/libm.a(fp_split3.o)
                0x000000000001d54a                __fp_split3
                0x000000000001d55a                __fp_splitA
 .text.avr-libc.fplib
                0x000000000001d58e        0xe /usr/lib/gcc/avr/5.4.0/../../../avr/lib/avr51/libm.a(fp_zero.o)
                0x000000000001d58e                __fp_zero
                0x000000000001d590                __fp_szero
 .text.avr-libc.fplib
                0x000000000001d59c        0x8 /usr/lib/gcc/avr/5.4.0/../../../avr/lib/avr51/libm.a(gesf2.o)
                0x000000000001d59c                __gtsf2
                0x000000000001d59c                __gesf2
 .text.avr-libc.fplib
                0x000000000001d5a4        0x4 /usr/lib/gcc/avr/5.4.0/../../../avr/lib/avr51/libm.a(mulsf3.o)
                0x000000000001d5a4                __mulsf3
 .text.avr-libc.fplib
                0x000000000001d5a8       0xc2 /usr/lib/gcc/avr/5.4.0/../../../avr/lib/avr51/libm.a(mulsf3x.o)
                0x000000000001d5bc                __mulsf3x
                0x000000000001d5c0                __mulsf3_pse
 .text.avr-libc.fplib
                0x000000000001d66a       0x40 /usr/lib/gcc/avr/5.4.0/../../../avr/lib/avr51/libm.a(round.o)
                0x000000000001d66a                round
 .text.avr-libc.fplib
                0x000000000001d6aa       0x36 /usr/lib/gcc/avr/5.4.0/../../../avr/lib/avr51/libm.a(fp_mintl.o)
                0x000000000001d6aa                __fp_mintl
 .text.avr-libc.fplib
                0x000000000001d6e0       0x1c /usr/lib/gcc/avr/5.4.0/../../../avr/lib/avr51/libm.a(fp_mpack.o)
                0x000000000001d6e0                __fp_mpack
                0x000000000001d6e4                __fp_mpack_finite
 .text.avr-libc
                0x000000000001d6fc       0x34 /usr/lib/gcc/avr/5.4.0/../../../avr/lib/avr51/libc.a(calloc.o)
                0x000000000001d6fc                calloc
 .text.avr-libc
                0x000000000001d730      0x242 /usr/lib/gcc/avr/5.4.0/../../../avr/lib/avr51/libc.a(malloc.o)
                0x000000000001d730                malloc
                0x000000000001d860                free
 .text.avr-libc
                0x000000000001d972      0x1b0 /usr/lib/gcc/avr/5.4.0/../../../avr/lib/avr51/libc.a(ftoa_engine.o)
                0x000000000001d972                __ftoa_engine
 .text.avr-libc
                0x000000000001db22       0x16 /usr/lib/gcc/avr/5.4.0/../../../avr/lib/avr51/libc.a(strnlen_P.o)
                0x000000000001db22                strnlen_P
 .text.avr-libc
                0x000000000001db38        0xe /usr/lib/gcc/avr/5.4.0/../../../avr/lib/avr51/libc.a(memset.o)
                0x000000000001db38                memset
 .text.avr-libc
                0x000000000001db46       0x16 /usr/lib/gcc/avr/5.4.0/../../../avr/lib/avr51/libc.a(strnlen.o)
                0x000000000001db46                strnlen
 .text.avr-libc
                0x000000000001db5c       0xbc /usr/lib/gcc/avr/5.4.0/../../../avr/lib/avr51/libc.a(ultoa_invert.o)
                0x000000000001db5c                __ultoa_invert
                0x000000000001dc18                . = ALIGN (0x2)
 *(.fini9)
 .fini9         0x000000000001dc18        0x0 /usr/lib/gcc/avr/5.4.0/avr51/libgcc.a(_exit.o)
                0x000000000001dc18                exit
                0x000000000001dc18                _exit
 *(.fini9)
 *(.fini8)
 *(.fini8)
 *(.fini7)
 *(.fini7)
 *(.fini6)
 *(.fini6)
 *(.fini5)
 *(.fini5)
 *(.fini4)
 *(.fini4)
 *(.fini3)
 *(.fini3)
 *(.fini2)
 *(.fini2)
 *(.fini1)
 *(.fini1)
 *(.fini0)
 .fini0         0x000000000001dc18        0x4 /usr/lib/gcc/avr/5.4.0/avr51/libgcc.a(_exit.o)
 *(.fini0)
                0x000000000001dc1c                _etext = .

.data           0x0000000000800100     0x160e load address 0x000000000001dc1c
                0x0000000000800100                PROVIDE (__data_start, .)
 *(.data)
 .data          0x0000000000800100        0x5 hardware/hal.o
                0x0000000000800100                _spi_clock
                0x0000000000800104                _cs_pin
 .data          0x0000000000800105       0x2a lib/time.o
                0x0000000000800105                __Month
                0x000000000080011f                __WDay
 .data          0x000000000080012f        0x1 fatfs.hal/mmc.o
                0x000000000080012f                Stat
 .data          0x0000000000800130       0x4a posix/posix.o
                0x0000000000800130                sys_errlist
 .data          0x000000000080017a        0x2 posix/posix_tests.o
 .data          0x000000000080017c       0x34 gpib/gpib.o
                0x000000000080017c                gpib_tokens
 .data          0x00000000008001b0        0xe gpib/gpib_task.o
                0x00000000008001b0                debuglevel
                0x00000000008001b2                cfgfile
 .data          0x00000000008001be       0x8a gpib/ss80.o
                0x00000000008001be                faults
                0x0000000000800232                TD
 .data          0x0000000000800248        0x6 /usr/lib/gcc/avr/5.4.0/../../../avr/lib/avr51/libc.a(malloc.o)
                0x0000000000800248                __malloc_heap_end
                0x000000000080024a                __malloc_heap_start
                0x000000000080024c                __malloc_margin
 *(.data*)
 *(.rodata)
 .rodata        0x000000000080024e       0x32 lib/time.o
 .rodata        0x0000000000800280       0xb9 fatfs/ff.o
 .rodata        0x0000000000800339      0x3ae fatfs/option/unicode.o
 .rodata        0x00000000008006e7        0x8 fatfs.sup/fatfs_sup.o
 .rodata        0x00000000008006ef       0x14 posix/posix.o
 *(.rodata*)
 .rodata.str1.1
                0x0000000000800703        0x9 lib/stringsup.o
 .rodata.str1.1
                0x000000000080070c       0x50 lib/time.o
 .rodata.str1.1
                0x000000000080075c       0x67 printf/printf.o
 .rodata.str1.1
                0x00000000008007c3       0x44 fatfs/ff.o
 .rodata.str1.1
                0x0000000000800807        0x2 fatfs.hal/mmc_hal.o
 .rodata.str1.1
                0x0000000000800809       0x28 fatfs.sup/fatfs_sup.o
 .rodata.str1.1
                0x0000000000800831       0x22 fatfs.sup/fatfs_tests.o
                                         0x2c (size before relaxing)
 .rodata.str1.1
                0x0000000000800853      0x2b0 posix/posix.o
                                        0x2bb (size before relaxing)
 .rodata.str1.1
                0x0000000000800b03       0x62 posix/posix_tests.o
                                         0x7a (size before relaxing)
 .rodata.str1.1
                0x0000000000800b65      0x1b2 gpib/gpib.o
                                        0x1ba (size before relaxing)
 .rodata.str1.1
                0x0000000000800d17        0xc gpib/gpib_task.o
                                         0x13 (size before relaxing)
 .rodata.str1.1
                0x0000000000800d23       0xa1 gpib/gpib_tests.o
                                         0xb2 (size before relaxing)
 .rodata.str1.1
                0x0000000000800dc4      0x517 gpib/ss80.o
 .rodata.str1.1
                0x00000000008012db       0x5e gpib/amigo.o
                                         0x73 (size before relaxing)
 .rodata.str1.1
                0x0000000000801339       0x39 gpib/printer.o
                                         0x48 (size before relaxing)
 .rodata.str1.1
                0x0000000000801372      0x221 gpib/drives.o
                                        0x24a (size before relaxing)
 .rodata.str1.1
                0x0000000000801593       0xaa lif/lifutils.o
                                         0xcd (size before relaxing)
 .rodata.str1.1
                0x000000000080163d       0xd0 main.o
                                         0xd7 (size before relaxing)
 *(.gnu.linkonce.d*)
                0x000000000080170e                . = ALIGN (0x2)
 *fill*         0x000000000080170d        0x1 
                0x000000000080170e                _edata = .
                0x000000000080170e                PROVIDE (__data_end, .)

.bss            0x000000000080170e      0x7d3
                0x000000000080170e                PROVIDE (__bss_start, .)
 *(.bss)
 .bss           0x000000000080170e        0x6 hardware/spi.o
 .bss           0x0000000000801714       0x2c lib/timer.o
 .bss           0x0000000000801740       0x96 lib/time.o
 .bss           0x00000000008017d6        0x4 fatfs/ff.o
 .bss           0x00000000008017da        0x3 fatfs.hal/mmc.o
 .bss           0x00000000008017dd        0xa fatfs.hal/mmc_hal.o
                0x00000000008017dd                _mmc_pre
                0x00000000008017df                _mmc_clock
                0x00000000008017e3                _mmc_timeout
 .bss           0x00000000008017e7      0x12d posix/posix.o
 .bss           0x0000000000801914        0x1 gpib/gpib_hal.o
 .bss           0x0000000000801915        0x1 gpib/gpib.o
                0x0000000000801915                gpib_unread_f
 .bss           0x0000000000801916        0x2 gpib/gpib_task.o
                0x0000000000801916                gpib_log_fp
 .bss           0x0000000000801918       0x25 gpib/ss80.o
 .bss           0x000000000080193d        0xd gpib/printer.o
                0x000000000080193d                plot
 .bss           0x000000000080194a       0x18 gpib/drives.o
                0x000000000080194a                lines
                0x000000000080194c                AMIGOs
                0x000000000080194e                AMIGOp
                0x0000000000801950                SS80s
                0x0000000000801952                SS80p
                0x0000000000801954                PRINTERp
 .bss           0x0000000000801962       0x40 lif/lifutils.o
 *(.bss*)
 *(COMMON)
 COMMON         0x00000000008019a2        0x2 hardware/hal.o
                0x00000000008019a2                rtc_ok
 COMMON         0x00000000008019a4       0x57 hardware/rs232.o
                0x00000000008019a4                uarts
 COMMON         0x00000000008019fb       0x24 lib/timer.o
                0x00000000008019fb                __clock
                0x0000000000801a03                timer_irq
                0x0000000000801a1b                __tzone
 COMMON         0x0000000000801a1f        0xc lib/time.o
                0x0000000000801a1f                dst
 COMMON         0x0000000000801a2b        0x6 printf/printf.o
                0x0000000000801a2b                _pch
 COMMON         0x0000000000801a31      0x23d fatfs.sup/fatfs_sup.o
                0x0000000000801a31                Fatfs
                0x0000000000801c66                AccSize
                0x0000000000801c6a                AccDirs
                0x0000000000801c6c                AccFiles
 COMMON         0x0000000000801c6e       0x22 posix/posix.o
                0x0000000000801c6e                errno
                0x0000000000801c70                __iob
 COMMON         0x0000000000801c90        0x9 gpib/gpib_hal.o
                0x0000000000801c90                gpib_timer
 COMMON         0x0000000000801c99      0x20c gpib/gpib.o
                0x0000000000801c99                lastcmd
                0x0000000000801c9b                gpib_iobuff
                0x0000000000801e9b                listening_last
                0x0000000000801e9c                spoll
                0x0000000000801e9d                current
                0x0000000000801e9f                talking
                0x0000000000801ea0                secondary
                0x0000000000801ea1                listening
                0x0000000000801ea2                talking_last
                0x0000000000801ea3                gpib_unread_data
 COMMON         0x0000000000801ea5       0x38 gpib/drives.o
                0x0000000000801ea5                Devices
 COMMON         0x0000000000801edd        0x4 /usr/lib/gcc/avr/5.4.0/../../../avr/lib/avr51/libc.a(malloc.o)
                0x0000000000801edd                __brkval
                0x0000000000801edf                __flp
                0x0000000000801ee1                PROVIDE (__bss_end, .)
                0x000000000001dc1c                __data_load_start = LOADADDR (.data)
                0x000000000001f22a                __data_load_end = (__data_load_start + SIZEOF (.data))

.noinit         0x0000000000801ee1        0x0
                [!provide]                        PROVIDE (__noinit_start, .)
 *(.noinit*)
                [!provide]                        PROVIDE (__noinit_end, .)
                0x0000000000801ee1                _end = .
                0x0000000000801ee1                PROVIDE (__heap_start, .)

.eeprom         0x0000000000810000        0x0
 *(.eeprom*)
                0x0000000000810000                __eeprom_end = .

.fuse
 *(.fuse)
 *(.lfuse)
 *(.hfuse)
 *(.efuse)

.lock
 *(.lock*)

.signature
 *(.signature*)

.user_signatures
 *(.user_signatures*)

.stab
 *(.stab)

.stabstr