Archive member included to satisfy reference by file (symbol)

/usr/lib/gcc/avr/5.4.0/../../../avr/lib/avr51/libprintf_flt.a(vfprintf_flt.o)
                              (vfprintf)
/usr/lib/gcc/avr/5.4.0/avr51/libgcc.a(_mulsi3.o)
                              printf/mathio.o (__mulsi3)
/usr/lib/gcc/avr/5.4.0/avr51/libgcc.a(_udivmodqi4.o)
                              hardware/rtc.o (__udivmodqi4)
/usr/lib/gcc/avr/5.4.0/avr51/libgcc.a(_udivmodhi4.o)
                              fatfs/ff.o (__udivmodhi4)
/usr/lib/gcc/avr/5.4.0/avr51/libgcc.a(_divmodhi4.o)
                              lib/time.o (__divmodhi4)
/usr/lib/gcc/avr/5.4.0/avr51/libgcc.a(_udivmodsi4.o)
                              hardware/spi.o (__udivmodsi4)
/usr/lib/gcc/avr/5.4.0/avr51/libgcc.a(_divmodsi4.o)
                              lib/time.o (__divmodsi4)
/usr/lib/gcc/avr/5.4.0/avr51/libgcc.a(_negsi2.o)
                              /usr/lib/gcc/avr/5.4.0/avr51/libgcc.a(_divmodsi4.o) (__negsi2)
/usr/lib/gcc/avr/5.4.0/avr51/libgcc.a(_exit.o)
                              /usr/lib/gcc/avr/5.4.0/../../../avr/lib/avr51/crtatmega1284p.o (exit)
/usr/lib/gcc/avr/5.4.0/avr51/libgcc.a(_tablejump2.o)
                              printf/printf.o (__tablejump2__)
/usr/lib/gcc/avr/5.4.0/avr51/libgcc.a(_copy_data.o)
                              hardware/hal.o (__do_copy_data)
/usr/lib/gcc/avr/5.4.0/avr51/libgcc.a(_clear_bss.o)
                              hardware/hal.o (__do_clear_bss)
/usr/lib/gcc/avr/5.4.0/avr51/libgcc.a(_usmulhisi3.o)
                              lib/time.o (__usmulhisi3)
/usr/lib/gcc/avr/5.4.0/avr51/libgcc.a(_muluhisi3.o)
                              lib/timer_hal.o (__muluhisi3)
/usr/lib/gcc/avr/5.4.0/avr51/libgcc.a(_mulshisi3.o)
                              gpib/amigo.o (__mulshisi3)
/usr/lib/gcc/avr/5.4.0/avr51/libgcc.a(_muldi3.o)
                              printf/mathio.o (__muldi3)
/usr/lib/gcc/avr/5.4.0/avr51/libgcc.a(_muldi3_6.o)
                              /usr/lib/gcc/avr/5.4.0/avr51/libgcc.a(_muldi3.o) (__muldi3_6)
/usr/lib/gcc/avr/5.4.0/avr51/libgcc.a(_negdi2.o)
                              printf/printf.o (__negdi2)
/usr/lib/gcc/avr/5.4.0/avr51/libgcc.a(_prologue.o)
                              hardware/hal.o (__prologue_saves__)
/usr/lib/gcc/avr/5.4.0/avr51/libgcc.a(_epilogue.o)
                              hardware/hal.o (__epilogue_restores__)
/usr/lib/gcc/avr/5.4.0/avr51/libgcc.a(_xload_1.o)
                              printf/printf.o (__xload_1)
/usr/lib/gcc/avr/5.4.0/avr51/libgcc.a(_adddi3.o)
                              printf/mathio.o (__adddi3)
/usr/lib/gcc/avr/5.4.0/avr51/libgcc.a(_cmpdi2_s8.o)
                              printf/printf.o (__cmpdi2_s8)
/usr/lib/gcc/avr/5.4.0/avr51/libgcc.a(_umulhisi3.o)
                              /usr/lib/gcc/avr/5.4.0/avr51/libgcc.a(_usmulhisi3.o) (__umulhisi3)
/usr/lib/gcc/avr/5.4.0/../../../avr/lib/avr51/libm.a(addsf3.o)
                              hardware/rs232.o (__subsf3)
/usr/lib/gcc/avr/5.4.0/../../../avr/lib/avr51/libm.a(addsf3x.o)
                              /usr/lib/gcc/avr/5.4.0/../../../avr/lib/avr51/libm.a(addsf3.o) (__addsf3x)
/usr/lib/gcc/avr/5.4.0/../../../avr/lib/avr51/libm.a(cmpsf2.o)
                              printf/mathio.o (__eqsf2)
/usr/lib/gcc/avr/5.4.0/../../../avr/lib/avr51/libm.a(divsf3.o)
                              hardware/rs232.o (__divsf3)
/usr/lib/gcc/avr/5.4.0/../../../avr/lib/avr51/libm.a(divsf3x.o)
                              /usr/lib/gcc/avr/5.4.0/../../../avr/lib/avr51/libm.a(divsf3.o) (__divsf3x)
/usr/lib/gcc/avr/5.4.0/../../../avr/lib/avr51/libm.a(fixsfsi.o)
                              printf/printf.o (__fixsfsi)
/usr/lib/gcc/avr/5.4.0/../../../avr/lib/avr51/libm.a(fixunssfsi.o)
                              hardware/rs232.o (__fixunssfsi)
/usr/lib/gcc/avr/5.4.0/../../../avr/lib/avr51/libm.a(floatsisf.o)
                              hardware/rs232.o (__floatunsisf)
/usr/lib/gcc/avr/5.4.0/../../../avr/lib/avr51/libm.a(fp_cmp.o)
                              /usr/lib/gcc/avr/5.4.0/../../../avr/lib/avr51/libm.a(cmpsf2.o) (__fp_cmp)
/usr/lib/gcc/avr/5.4.0/../../../avr/lib/avr51/libm.a(fp_inf.o)
                              /usr/lib/gcc/avr/5.4.0/../../../avr/lib/avr51/libm.a(addsf3x.o) (__fp_inf)
/usr/lib/gcc/avr/5.4.0/../../../avr/lib/avr51/libm.a(fp_nan.o)
                              /usr/lib/gcc/avr/5.4.0/../../../avr/lib/avr51/libm.a(addsf3x.o) (__fp_nan)
/usr/lib/gcc/avr/5.4.0/../../../avr/lib/avr51/libm.a(fp_pscA.o)
                              /usr/lib/gcc/avr/5.4.0/../../../avr/lib/avr51/libm.a(addsf3x.o) (__fp_pscA)
/usr/lib/gcc/avr/5.4.0/../../../avr/lib/avr51/libm.a(fp_pscB.o)
                              /usr/lib/gcc/avr/5.4.0/../../../avr/lib/avr51/libm.a(addsf3x.o) (__fp_pscB)
/usr/lib/gcc/avr/5.4.0/../../../avr/lib/avr51/libm.a(fp_round.o)
                              /usr/lib/gcc/avr/5.4.0/../../../avr/lib/avr51/libm.a(addsf3.o) (__fp_round)
[...]
Memory Configuration

Name             Origin             Length             Attributes
text             0x0000000000000000 0x0000000000020000 xr
data             0x0000000000800100 0x000000000000ff00 rw !x
eeprom           0x0000000000810000 0x0000000000010000 rw !x
fuse             0x0000000000820000 0x0000000000000003 rw !x
lock             0x0000000000830000 0x0000000000000400 rw !x
signature        0x0000000000840000 0x0000000000000400 rw !x
user_signatures  0x0000000000850000 0x0000000000000400 rw !x
*default*        0x0000000000000000 0xffffffffffffffff

Linker script and memory map

Address of section .data set to 0x800100
LOAD /usr/lib/gcc/avr/5.4.0/../../../avr/lib/avr51/crtatmega1284p.o
LOAD /usr/lib/gcc/avr/5.4.0/../../../avr/lib/avr51/libprintf_flt.a
LOAD /usr/lib/gcc/avr/5.4.0/../../../avr/lib/avr51/libm.a
LOAD hardware/hal.o
LOAD hardware/ram.o
LOAD hardware/delay.o
LOAD hardware/rs232.o
LOAD hardware/spi.o
LOAD hardware/TWI_AVR8.o
LOAD hardware/rtc.o
LOAD hardware/LCD.o
LOAD lib/stringsup.o
LOAD lib/timer_hal.o
LOAD lib/timer.o
LOAD lib/time.o
LOAD lib/queue.o
LOAD printf/printf.o
LOAD printf/mathio.o
LOAD fatfs/ff.o
LOAD fatfs/option/syscall.o
LOAD fatfs/option/unicode.o
LOAD fatfs.hal/diskio.o
LOAD fatfs.hal/mmc.o
LOAD fatfs.hal/mmc_hal.o
LOAD fatfs.sup/fatfs_sup.o
LOAD fatfs.sup/fatfs_tests.o
LOAD posix/posix.o
LOAD posix/posix_tests.o
LOAD gpib/gpib_hal.o
LOAD gpib/gpib.o
LOAD gpib/gpib_task.o
LOAD gpib/gpib_tests.o
LOAD gpib/ss80.o
LOAD gpib/amigo.o
LOAD gpib/printer.o
LOAD gpib/drives.o
LOAD gpib/controller.o
LOAD lif/lifsup.o
LOAD lif/lifutils.o
LOAD main.o
START GROUP
LOAD /usr/lib/gcc/avr/5.4.0/avr51/libgcc.a
LOAD /usr/lib/gcc/avr/5.4.0/../../../avr/lib/avr51/libm.a
LOAD /usr/lib/gcc/avr/5.4.0/../../../avr/lib/avr51/libc.a
LOAD /usr/lib/gcc/avr/5.4.0/../../../avr/lib/avr51/libatmega1284p.a
END GROUP
                0x0000000000020000                __TEXT_REGION_LENGTH__ = DEFINED (__TEXT_REGION_LENGTH__)?__TEXT_REGION_LENGTH__:0x20000
                0x000000000000ff00                __DATA_REGION_LENGTH__ = DEFINED (__DATA_REGION_LENGTH__)?__DATA_REGION_LENGTH__:0xff00
                0x0000000000010000                __EEPROM_REGION_LENGTH__ = DEFINED (__EEPROM_REGION_LENGTH__)?__EEPROM_REGION_LENGTH__:0x10000
                [0x0000000000000003]                __FUSE_REGION_LENGTH__ = DEFINED (__FUSE_REGION_LENGTH__)?__FUSE_REGION_LENGTH__:0x400
                0x0000000000000400                __LOCK_REGION_LENGTH__ = DEFINED (__LOCK_REGION_LENGTH__)?__LOCK_REGION_LENGTH__:0x400
                0x0000000000000400                __SIGNATURE_REGION_LENGTH__ = DEFINED (__SIGNATURE_REGION_LENGTH__)?__SIGNATURE_REGION_LENGTH__:0x400
                0x0000000000000400                __USER_SIGNATURE_REGION_LENGTH__ = DEFINED (__USER_SIGNATURE_REGION_LENGTH__)?__USER_SIGNATURE_REGION_LENGTH__:0x400

.hash
 *(.hash)

.dynsym
 *(.dynsym)

.dynstr
 *(.dynstr)

.gnu.version
 *(.gnu.version)

.gnu.version_d
 *(.gnu.version_d)

.gnu.version_r
 *(.gnu.version_r)

.rel.init
 *(.rel.init)

.rela.init
 *(.rela.init)

.rel.text
 *(.rel.text)
 *(.rel.text.*)
 *(.rel.gnu.linkonce.t*)

.rela.text
 *(.rela.text)
 *(.rela.text.*)
 *(.rela.gnu.linkonce.t*)

.rel.fini
 *(.rel.fini)

.rela.fini
 *(.rela.fini)

.rel.rodata
 *(.rel.rodata)
 *(.rel.rodata.*)
 *(.rel.gnu.linkonce.r*)

.rela.rodata
 *(.rela.rodata)
 *(.rela.rodata.*)
 *(.rela.gnu.linkonce.r*)

.rel.data
 *(.rel.data)
 *(.rel.data.*)
 *(.rel.gnu.linkonce.d*)

.rela.data
 *(.rela.data)
 *(.rela.data.*)
 *(.rela.gnu.linkonce.d*)

.rel.ctors
 *(.rel.ctors)

.rela.ctors
 *(.rela.ctors)

.rel.dtors
 *(.rel.dtors)

.rela.dtors
 *(.rela.dtors)

.rel.got
 *(.rel.got)

.rela.got
 *(.rela.got)

.rel.bss
 *(.rel.bss)

.rela.bss
 *(.rela.bss)

.rel.plt
 *(.rel.plt)

.rela.plt
 *(.rela.plt)

.text           0x0000000000000000    0x1dd10
 *(.vectors)
 .vectors       0x0000000000000000       0x8c /usr/lib/gcc/avr/5.4.0/../../../avr/lib/avr51/crtatmega1284p.o
                0x0000000000000000                __vectors
                0x0000000000000000                __vector_default
 *(.vectors)
 *(.progmem.gcc*)
 .progmem.gcc_sw_table._printf_fn
                0x000000000000008c       0xdc printf/printf.o
 .progmem.gcc_sw_table.ff_wtoupper
                0x0000000000000168       0x12 fatfs/option/unicode.o
 .progmem.gcc_sw_table.gpib_write_byte
                0x000000000000017a       0x14 gpib/gpib.o
 .progmem.gcc_sw_table.gpib_read_byte
                0x000000000000018e       0x12 gpib/gpib.o
 .progmem.gcc_sw_table.Amigo_Execute
                0x00000000000001a0       0x16 gpib/amigo.o
 .progmem.gcc_sw_table.POSIX_Read_Config
                0x00000000000001b6       0x1a gpib/drives.o
                0x00000000000001d0                . = ALIGN (0x2)
                0x00000000000001d0                __trampolines_start = .
 *(.trampolines)
 .trampolines   0x00000000000001d0        0x0 linker stubs
 *(.trampolines*)
                0x00000000000001d0                __trampolines_end = .
 *libprintf_flt.a:*(.progmem.data)
 .progmem.data  0x00000000000001d0        0x8 /usr/lib/gcc/avr/5.4.0/../../../avr/lib/avr51/libprintf_flt.a(vfprintf_flt.o)
 *libc.a:*(.progmem.data)
 .progmem.data  0x00000000000001d8       0xfa /usr/lib/gcc/avr/5.4.0/../../../avr/lib/avr51/libc.a(ftoa_engine.o)
 *(.progmem*)
 .progmem.data  0x00000000000002d2       0x3b hardware/hal.o
 .progmem.data  0x000000000000030d      0x117 hardware/ram.o
 .progmem.data  0x0000000000000424       0x1d hardware/spi.o
 .progmem.data  0x0000000000000441       0x97 hardware/rtc.o
 .progmem.data  0x00000000000004d8       0x46 lib/stringsup.o
 .progmem.data  0x000000000000051e       0xbb lib/timer.o
 .progmem.data  0x00000000000005d9      0x1e3 lib/time.o
 .progmem.data  0x00000000000007bc       0x10 fatfs.hal/mmc.o
 .progmem.data  0x00000000000007cc       0x97 fatfs.hal/mmc_hal.o
 .progmem.data  0x0000000000000863      0x1fb fatfs.sup/fatfs_sup.o
 .progmem.data  0x0000000000000a5e      0x156 fatfs.sup/fatfs_tests.o
 .progmem.data  0x0000000000000bb4       0xdc posix/posix.o
 .progmem.data  0x0000000000000c90      0x30b posix/posix_tests.o
 .progmem.data  0x0000000000000f9b       0x77 gpib/gpib_hal.o
 .progmem.data  0x0000000000001012      0x29d gpib/gpib.o
 .progmem.data  0x00000000000012af      0x2b3 gpib/gpib_task.o
 .progmem.data  0x0000000000001562      0x2b9 gpib/gpib_tests.o
 .progmem.data  0x000000000000181b      0x836 gpib/ss80.o
 .progmem.data  0x0000000000002051      0x839 gpib/amigo.o
 .progmem.data  0x000000000000288a      0x113 gpib/printer.o
 .progmem.data  0x000000000000299d      0x88f gpib/drives.o
 .progmem.data  0x000000000000322c     0x135c lif/lifutils.o
 .progmem.data  0x0000000000004588      0x306 main.o
                0x000000000000488e                . = ALIGN (0x2)
 *(.jumptables)
 *(.jumptables*)
 *(.lowtext)
 *(.lowtext*)
                0x000000000000488e                __ctors_start = .
 *(.ctors)
                0x000000000000488e                __ctors_end = .
                0x000000000000488e                __dtors_start = .
 *(.dtors)
                0x000000000000488e                __dtors_end = .
 SORT(*)(.ctors)
 SORT(*)(.dtors)
 *(.init0)
 .init0         0x000000000000488e        0x0 /usr/lib/gcc/avr/5.4.0/../../../avr/lib/avr51/crtatmega1284p.o
                0x000000000000488e                __init
 *(.init0)
 *(.init1)
 *(.init1)
 *(.init2)
 .init2         0x000000000000488e        0xc /usr/lib/gcc/avr/5.4.0/../../../avr/lib/avr51/crtatmega1284p.o
 *(.init2)
 *(.init3)
 *(.init3)
 *(.init4)
 .init4         0x000000000000489a       0x1a /usr/lib/gcc/avr/5.4.0/avr51/libgcc.a(_copy_data.o)
                0x000000000000489a                __do_copy_data
 .init4         0x00000000000048b4       0x10 /usr/lib/gcc/avr/5.4.0/avr51/libgcc.a(_clear_bss.o)
                0x00000000000048b4                __do_clear_bss
 *(.init4)
 *(.init5)
 *(.init5)
 *(.init6)
 *(.init6)
 *(.init7)
 *(.init7)
 *(.init8)
 *(.init8)
 *(.init9)
 .init9         0x00000000000048c4        0x8 /usr/lib/gcc/avr/5.4.0/../../../avr/lib/avr51/crtatmega1284p.o
 *(.init9)
 *(.text)
 .text          0x00000000000048cc        0x4 /usr/lib/gcc/avr/5.4.0/../../../avr/lib/avr51/crtatmega1284p.o
                0x00000000000048cc                __vector_22
                0x00000000000048cc                __vector_28
                0x00000000000048cc                __vector_1
                0x00000000000048cc                __vector_32
                0x00000000000048cc                __vector_34
                0x00000000000048cc                __vector_24
                0x00000000000048cc                __vector_12
                0x00000000000048cc                __bad_interrupt
                0x00000000000048cc                __vector_6
                0x00000000000048cc                __vector_31
                0x00000000000048cc                __vector_3
                0x00000000000048cc                __vector_23
                0x00000000000048cc                __vector_30
                0x00000000000048cc                __vector_25
                0x00000000000048cc                __vector_11
                0x00000000000048cc                __vector_17
                0x00000000000048cc                __vector_19
                0x00000000000048cc                __vector_7
                0x00000000000048cc                __vector_27
                0x00000000000048cc                __vector_5
                0x00000000000048cc                __vector_33
                0x00000000000048cc                __vector_4
                0x00000000000048cc                __vector_9
                0x00000000000048cc                __vector_2
                0x00000000000048cc                __vector_21
                0x00000000000048cc                __vector_15
                0x00000000000048cc                __vector_29
                0x00000000000048cc                __vector_8
                0x00000000000048cc                __vector_26
                0x00000000000048cc                __vector_14
                0x00000000000048cc                __vector_10
                0x00000000000048cc                __vector_16
                0x00000000000048cc                __vector_18
                0x00000000000048d0                . = ALIGN (0x2)
 *(.text.*)
 .text.avr-libc
                0x00000000000048d0      0x74c /usr/lib/gcc/avr/5.4.0/../../../avr/lib/avr51/libprintf_flt.a(vfprintf_flt.o)
                0x00000000000048d0                vfprintf
 .text.chip_select
                0x000000000000501c       0x32 hardware/hal.o
                0x000000000000501c                chip_select
 .text.chip_deselect
                0x000000000000504e       0x30 hardware/hal.o
                0x000000000000504e                chip_deselect
 .text.chip_select_init
                0x000000000000507e        0x4 hardware/hal.o
                0x000000000000507e                chip_select_init
 .text.spi_end  0x0000000000005082       0x44 hardware/hal.o
                0x0000000000005082                spi_end
 .text.spi_TX_buffer
                0x00000000000050c6        0x4 hardware/hal.o
                0x00000000000050c6                spi_TX_buffer
 .text.spi_RX_buffer
                0x00000000000050ca        0x4 hardware/hal.o
                0x00000000000050ca                spi_RX_buffer
 .text.spi_TX   0x00000000000050ce       0x20 hardware/hal.o
                0x00000000000050ce                spi_TX
 .text.spi_init
                0x00000000000050ee       0x40 hardware/hal.o
                0x00000000000050ee                spi_init
 .text.spi_begin
                0x000000000000512e       0x78 hardware/hal.o
                0x000000000000512e                spi_begin
 .text.spi_TXRX
                0x00000000000051a6       0x22 hardware/hal.o
                0x00000000000051a6                spi_TXRX
 .text.freeRam  0x00000000000051c8       0x2e hardware/ram.o
                0x00000000000051c8                freeRam
 .text.PrintFree
                0x00000000000051f6      0x106 hardware/ram.o
                0x00000000000051f6                PrintFree
 .text.safecalloc
                0x00000000000052fc       0x50 hardware/ram.o
                0x00000000000052fc                safecalloc
 .text.safemalloc
                0x000000000000534c       0x42 hardware/ram.o
                0x000000000000534c                safemalloc
 .text.safefree
                0x000000000000538e       0x54 hardware/ram.o
                0x000000000000538e                safefree
 .text.delayus  0x00000000000053e2       0x5a hardware/delay.o
                0x00000000000053e2                delayus
 .text.delayms  0x000000000000543c       0x90 hardware/delay.o
                0x000000000000543c                delayms
 .text.uart_ubr
                0x00000000000054cc      0x134 hardware/rs232.o
                0x00000000000054cc                uart_ubr
 .text.uart_init
                0x0000000000005600       0x8e hardware/rs232.o
                0x0000000000005600                uart_init
 .text.uart_rx_interrupt
                0x000000000000568e       0x40 hardware/rs232.o
                0x000000000000568e                uart_rx_interrupt
 .text.__vector_20
                0x00000000000056ce       0x54 hardware/rs232.o
                0x00000000000056ce                __vector_20
 .text.uart_rx_count
                0x0000000000005722       0x18 hardware/rs232.o
                0x0000000000005722                uart_rx_count
 .text.uart_get_tail
                0x000000000000573a       0x4c hardware/rs232.o
                0x000000000000573a                uart_get_tail
 .text.uart_rx_byte
                0x0000000000005786        0x6 hardware/rs232.o
                0x0000000000005786                uart_rx_byte
 .text.uart_tx_byte
                0x000000000000578c       0x32 hardware/rs232.o
                0x000000000000578c                uart_tx_byte
 .text.uart_getchar
                0x00000000000057be       0x2c hardware/rs232.o
                0x00000000000057be                uart_getchar
 .text.uart0_getchar
                0x00000000000057ea        0x6 hardware/rs232.o
                0x00000000000057ea                uart0_getchar
 .text.uart_putchar
                0x00000000000057f0       0x24 hardware/rs232.o
                0x00000000000057f0                uart_putchar
 .text.uart0_putchar
                0x0000000000005814       0x14 hardware/rs232.o
                0x0000000000005814                uart0_putchar
 .text.uart_keyhit
                0x0000000000005828        0x4 hardware/rs232.o
                0x0000000000005828                uart_keyhit
 .text.SPI0_Speed
                0x000000000000582c       0xce hardware/spi.o
                0x000000000000582c                SPI0_Speed
 .text.SPI0_Mode
                0x00000000000058fa       0x6c hardware/spi.o
                0x00000000000058fa                SPI0_Mode
 .text.SPI0_TXRX_Byte
                0x0000000000005966        0xc hardware/spi.o
                0x0000000000005966                SPI0_TXRX_Byte
 .text.SPI0_Init
                0x0000000000005972       0x4a hardware/spi.o
                0x0000000000005972                SPI0_Init
 .text.SPI0_TX  0x00000000000059bc       0x28 hardware/spi.o
                0x00000000000059bc                SPI0_TX
 .text.SPI0_TXRX
                0x00000000000059e4       0x2c hardware/spi.o
                0x00000000000059e4                SPI0_TXRX
 .text.SPI0_RX  0x0000000000005a10       0x2a hardware/spi.o
                0x0000000000005a10                SPI0_RX
 .text.TWI_Init
                0x0000000000005a3a       0x18 hardware/TWI_AVR8.o
                0x0000000000005a3a                TWI_Init
 .text.TWI_StopTransmission
                0x0000000000005a52        0x8 hardware/TWI_AVR8.o
                0x0000000000005a52                TWI_StopTransmission
 .text.TWI_StartTransmission
                0x0000000000005a5a       0xc0 hardware/TWI_AVR8.o
                0x0000000000005a5a                TWI_StartTransmission
 .text.TWI_SendByte
                0x0000000000005b1a       0x28 hardware/TWI_AVR8.o
                0x0000000000005b1a                TWI_SendByte
 .text.TWI_ReceiveByte
                0x0000000000005b42       0x3c hardware/TWI_AVR8.o
                0x0000000000005b42                TWI_ReceiveByte
 .text.TWI_ReadPacket
                0x0000000000005b7e       0x82 hardware/TWI_AVR8.o
                0x0000000000005b7e                TWI_ReadPacket
 .text.TWI_WritePacket
                0x0000000000005c00       0x5c hardware/TWI_AVR8.o
                0x0000000000005c00                TWI_WritePacket
 .text.BINtoBCD
                0x0000000000005c5c        0xe hardware/rtc.o
                0x0000000000005c5c                BINtoBCD
 .text.BCDtoBIN
                0x0000000000005c6a       0x12 hardware/rtc.o
                0x0000000000005c6a                BCDtoBIN
 .text.rtc_run  0x0000000000005c7c       0xc0 hardware/rtc.o
                0x0000000000005c7c                rtc_run
 .text.rtc_write
                0x0000000000005d3c       0xb6 hardware/rtc.o
                0x0000000000005d3c                rtc_write
 .text.rtc_init
                0x0000000000005df2       0xe6 hardware/rtc.o
                0x0000000000005df2                rtc_init
 .text.rtc_read
                0x0000000000005ed8       0xd8 hardware/rtc.o
                0x0000000000005ed8                rtc_read
 .text.i2c_Start
                0x0000000000005fb0       0x12 hardware/LCD.o
                0x0000000000005fb0                i2c_Start
 .text.i2c_End  0x0000000000005fc2        0xe hardware/LCD.o
                0x0000000000005fc2                i2c_End
 .text.LCD_init
                0x0000000000005fd0       0x30 hardware/LCD.o
                0x0000000000005fd0                LCD_init
 .text.LCD_write
                0x0000000000006000       0x3c hardware/LCD.o
                0x0000000000006000                LCD_write
 .text.LCD_puts
                0x000000000000603c       0x14 hardware/LCD.o
                0x000000000000603c                LCD_puts
 .text.LCD_setFastBacklightRGB
                0x0000000000006050       0x36 hardware/LCD.o
                0x0000000000006050                LCD_setFastBacklightRGB
 .text.sep      0x0000000000006086       0x16 lib/stringsup.o
                0x0000000000006086                sep
 .text.isupper  0x000000000000609c       0x16 lib/stringsup.o
                0x000000000000609c                isupper
 .text.islower  0x00000000000060b2       0x16 lib/stringsup.o
                0x00000000000060b2                islower
 .text.tolower  0x00000000000060c8       0x1a lib/stringsup.o
                0x00000000000060c8                tolower
 .text.toupper  0x00000000000060e2       0x1a lib/stringsup.o
                0x00000000000060e2                toupper
 .text.strcpy   0x00000000000060fc       0x16 lib/stringsup.o
                0x00000000000060fc                strcpy
 .text.strncpy  0x0000000000006112       0x2c lib/stringsup.o
                0x0000000000006112                strncpy
 .text.strcat   0x000000000000613e       0x26 lib/stringsup.o
                0x000000000000613e                strcat
 .text.reverse  0x0000000000006164       0x32 lib/stringsup.o
                0x0000000000006164                reverse
 .text.strupper
                0x0000000000006196       0x1a lib/stringsup.o
                0x0000000000006196                strupper
 .text.trim_tail
                0x00000000000061b0       0x1c lib/stringsup.o
                0x00000000000061b0                trim_tail
 .text.skipspaces
                0x00000000000061cc       0x14 lib/stringsup.o
                0x00000000000061cc                skipspaces
 .text.strcmp   0x00000000000061e0       0x1a lib/stringsup.o
                0x00000000000061e0                strcmp
 .text.strncmp  0x00000000000061fa       0x2a lib/stringsup.o
                0x00000000000061fa                strncmp
 .text.strcasecmp
                0x0000000000006224       0x3e lib/stringsup.o
                0x0000000000006224                strcasecmp
 .text.strncasecmp
                0x0000000000006262       0x50 lib/stringsup.o
                0x0000000000006262                strncasecmp
 .text.MATCH    0x00000000000062b2       0x28 lib/stringsup.o
                0x00000000000062b2                MATCH
 .text.MATCHARGS
                0x00000000000062da       0x5e lib/stringsup.o
                0x00000000000062da                MATCHARGS
 .text.MATCHI   0x0000000000006338       0x28 lib/stringsup.o
                0x0000000000006338                MATCHI
 .text.MATCHI_LEN
                0x0000000000006360       0x34 lib/stringsup.o
                0x0000000000006360                MATCHI_LEN
 .text.split_args
                0x0000000000006394       0xb8 lib/stringsup.o
                0x0000000000006394                split_args
 .text.token    0x000000000000644c       0x58 lib/stringsup.o
                0x000000000000644c                token
 .text.get_value
                0x00000000000064a4       0x68 lib/stringsup.o
                0x00000000000064a4                get_value
 .text.enable_system_task
                0x000000000000650c        0x4 lib/timer_hal.o
                0x000000000000650c                enable_system_task
 .text.install_timers_isr
                0x0000000000006510       0x26 lib/timer_hal.o
                0x0000000000006510                install_timers_isr
 .text.__vector_13
                0x0000000000006536       0x4e lib/timer_hal.o
                0x0000000000006536                __vector_13
 .text.clock_gettime
                0x0000000000006584       0xea lib/timer_hal.o
                0x0000000000006584                clock_gettime
 .text.clock_task
                0x000000000000666e       0x7a lib/timer.o
                0x000000000000666e                clock_task
 .text.clock_settime.part.2
                0x00000000000066e8       0x7c lib/timer.o
 .text.set_timers
                0x0000000000006764       0x6c lib/timer.o
                0x0000000000006764                set_timers
 .text.delete_all_timers
                0x00000000000067d0       0x16 lib/timer.o
                0x00000000000067d0                delete_all_timers
 .text.subtract_timespec
                0x00000000000067e6       0x82 lib/timer.o
                0x00000000000067e6                subtract_timespec
 .text.ts_to_str
                0x0000000000006868       0x54 lib/timer.o
                0x0000000000006868                ts_to_str
 .text.clock_elapsed_begin
                0x00000000000068bc        0xc lib/timer.o
                0x00000000000068bc                clock_elapsed_begin
 .text.clock_elapsed_end
                0x00000000000068c8       0x84 lib/timer.o
                0x00000000000068c8                clock_elapsed_end
 .text.clock_clear
                0x000000000000694c       0x36 lib/timer.o
                0x000000000000694c                clock_clear
 .text.enable_timers
                0x0000000000006982       0x28 lib/timer.o
                0x0000000000006982                enable_timers
 .text.execute_timers
                0x00000000000069aa       0x28 lib/timer.o
                0x00000000000069aa                execute_timers
 .text.init_timers
                0x00000000000069d2       0xb0 lib/timer.o
                0x00000000000069d2                init_timers
 .text.clock_getres
                0x0000000000006a82       0x20 lib/timer.o
                0x0000000000006a82                clock_getres
 .text.clock_settime
                0x0000000000006aa2       0x10 lib/timer.o
                0x0000000000006aa2                clock_settime
 .text.IS_Leap  0x0000000000006ab2       0x2a lib/time.o
 .text.tm_mon_to_ascii
                0x0000000000006adc       0x20 lib/time.o
                0x0000000000006adc                tm_mon_to_ascii
 .text.Days_Per_Month
                0x0000000000006afc       0x42 lib/time.o
                0x0000000000006afc                Days_Per_Month
 .text.time_to_tm
                0x0000000000006b3e      0x1bc lib/time.o
                0x0000000000006b3e                time_to_tm
 .text.gmtime_r
                0x0000000000006cfa       0x2a lib/time.o
                0x0000000000006cfa                gmtime_r
 .text.gmtime   0x0000000000006d24       0x16 lib/time.o
                0x0000000000006d24                gmtime
 .text.gettimezone
                0x0000000000006d3a       0x22 lib/time.o
                0x0000000000006d3a                gettimezone
 .text.settimezone
                0x0000000000006d5c       0x22 lib/time.o
                0x0000000000006d5c                settimezone
 .text.gettimeofday
                0x0000000000006d7e       0x5c lib/time.o
                0x0000000000006d7e                gettimeofday
 .text.time     0x0000000000006dda       0x42 lib/time.o
                0x0000000000006dda                time
 .text.is_dst   0x0000000000006e1c       0x58 lib/time.o
                0x0000000000006e1c                is_dst
 .text.localtime_r
                0x0000000000006e74       0x98 lib/time.o
                0x0000000000006e74                localtime_r
 .text.localtime
                0x0000000000006f0c        0x8 lib/time.o
                0x0000000000006f0c                localtime
 .text.normalize
                0x0000000000006f14      0x390 lib/time.o
                0x0000000000006f14                normalize
 .text.timegm   0x00000000000072a4        0x8 lib/time.o
                0x00000000000072a4                timegm
 .text.setdate_r
                0x00000000000072ac      0x22e lib/time.o
                0x00000000000072ac                setdate_r
 .text.setdate  0x00000000000074da       0x42 lib/time.o
                0x00000000000074da                setdate
 .text.find_dst
                0x000000000000751c      0x10c lib/time.o
                0x000000000000751c                find_dst
 .text.set_dst  0x0000000000007628      0x128 lib/time.o
                0x0000000000007628                set_dst
 .text.asctime_r
                0x0000000000007750       0xa4 lib/time.o
                0x0000000000007750                asctime_r
 .text.asctime  0x00000000000077f4        0x8 lib/time.o
                0x00000000000077f4                asctime
 .text.ctime_gm
                0x00000000000077fc       0x22 lib/time.o
                0x00000000000077fc                ctime_gm
 .text.initialize_clock
                0x000000000000781e       0xee lib/time.o
                0x000000000000781e                initialize_clock
 .text.display_clock
                0x000000000000790c       0xd4 lib/time.o
                0x000000000000790c                display_clock
 .text._putc_buffer_fn
                0x00000000000079e0       0x32 printf/printf.o
                0x00000000000079e0                _putc_buffer_fn
 .text._putc_fn
                0x0000000000007a12       0x18 printf/printf.o
 .text.bin2num  0x0000000000007a2a      0x112 printf/printf.o
                0x0000000000007a2a                bin2num
 .text.pch_init
                0x0000000000007b3c       0x1a printf/printf.o
                0x0000000000007b3c                pch_init
 .text.pch      0x0000000000007b56       0x48 printf/printf.o
                0x0000000000007b56                pch
 .text.p_ntoa   0x0000000000007b9e       0xaa printf/printf.o
                0x0000000000007b9e                p_ntoa
 .text.p_ftoa   0x0000000000007c48      0x20e printf/printf.o
                0x0000000000007c48                p_ftoa
 .text.p_etoa   0x0000000000007e56      0x2b8 printf/printf.o
                0x0000000000007e56                p_etoa
 .text._puts_pad
                0x000000000000810e       0x84 printf/printf.o
                0x000000000000810e                _puts_pad
 .text._printf_fn
                0x0000000000008192      0x834 printf/printf.o
                0x0000000000008192                _printf_fn
 .text.vsnprintf_P
                0x00000000000089c6       0x4c printf/printf.o
                0x00000000000089c6                vsnprintf_P
 .text.snprintf_P
                0x0000000000008a12       0x28 printf/printf.o
                0x0000000000008a12                snprintf_P
 .text.sprintf_P
                0x0000000000008a3a       0x28 printf/printf.o
                0x0000000000008a3a                sprintf_P
 .text.printf_P
                0x0000000000008a62       0x3a printf/printf.o
                0x0000000000008a62                printf_P
 .text.atodigit
                0x0000000000008a9c       0x3c printf/mathio.o
                0x0000000000008a9c                atodigit
 .text.strtol   0x0000000000008ad8       0xbc printf/mathio.o
                0x0000000000008ad8                strtol
 .text.atoh     0x0000000000008b94        0xc printf/mathio.o
                0x0000000000008b94                atoh
 .text.atoi     0x0000000000008ba0        0xe printf/mathio.o
                0x0000000000008ba0                atoi
 .text.atol     0x0000000000008bae        0xc printf/mathio.o
                0x0000000000008bae                atol
 .text.ld_dword
                0x0000000000008bba       0x2a fatfs/ff.o
 .text.st_dword
                0x0000000000008be4        0xc fatfs/ff.o
 .text.mem_set  0x0000000000008bf0       0x12 fatfs/ff.o
 .text.clust2sect
                0x0000000000008c02       0x50 fatfs/ff.o
 .text.clmt_clust
                0x0000000000008c52       0x78 fatfs/ff.o
 .text.sum_sfn  0x0000000000008cca       0x1e fatfs/ff.o
 .text.get_ldnumber
                0x0000000000008ce8       0x40 fatfs/ff.o
 .text.validate
                0x0000000000008d28       0x5a fatfs/ff.o
 .text.mem_cpy.part.0
                0x0000000000008d82       0x16 fatfs/ff.o
 .text.ld_clust.isra.1
                0x0000000000008d98       0x2a fatfs/ff.o
 .text.st_clust.isra.2
                0x0000000000008dc2       0x1a fatfs/ff.o
 .text.sync_window.part.3
                0x0000000000008ddc       0xa2 fatfs/ff.o
 .text.sync_window
                0x0000000000008e7e       0x12 fatfs/ff.o
 .text.sync_fs  0x0000000000008e90       0xd8 fatfs/ff.o
 .text.move_window
                0x0000000000008f68       0x82 fatfs/ff.o
 .text.check_fs
                0x0000000000008fea       0x7e fatfs/ff.o
 .text.find_volume
                0x0000000000009068      0x552 fatfs/ff.o
 .text.put_fat  0x00000000000095ba      0x1fa fatfs/ff.o
 .text.get_fat.isra.7
                0x00000000000097b4      0x166 fatfs/ff.o
 .text.dir_sdi  0x000000000000991a      0x180 fatfs/ff.o
 .text.create_chain
                0x0000000000009a9a      0x1a2 fatfs/ff.o
 .text.remove_chain
                0x0000000000009c3c      0x122 fatfs/ff.o
 .text.get_fileinfo
                0x0000000000009d5e      0x1b0 fatfs/ff.o
 .text.dir_next
                0x0000000000009f0e      0x250 fatfs/ff.o
 .text.dir_alloc
                0x000000000000a15e       0x74 fatfs/ff.o
 .text.dir_read
                0x000000000000a1d2      0x19c fatfs/ff.o
 .text.dir_remove
                0x000000000000a36e       0x90 fatfs/ff.o
 .text.dir_find
                0x000000000000a3fe      0x22e fatfs/ff.o
 .text.dir_register
                0x000000000000a62c      0x348 fatfs/ff.o
 .text.follow_path
                0x000000000000a974      0x442 fatfs/ff.o
 .text.f_mount  0x000000000000adb6       0x7c fatfs/ff.o
                0x000000000000adb6                f_mount
 .text.f_open   0x000000000000ae32      0x3f8 fatfs/ff.o
                0x000000000000ae32                f_open
 .text.f_read   0x000000000000b22a      0x296 fatfs/ff.o
                0x000000000000b22a                f_read
 .text.f_write  0x000000000000b4c0      0x32e fatfs/ff.o
                0x000000000000b4c0                f_write
 .text.f_sync   0x000000000000b7ee      0x100 fatfs/ff.o
                0x000000000000b7ee                f_sync
 .text.f_close  0x000000000000b8ee       0x32 fatfs/ff.o
                0x000000000000b8ee                f_close
 .text.f_chdir  0x000000000000b920       0xb6 fatfs/ff.o
                0x000000000000b920                f_chdir
 .text.f_getcwd
                0x000000000000b9d6      0x268 fatfs/ff.o
                0x000000000000b9d6                f_getcwd
 .text.f_lseek  0x000000000000bc3e      0x5ba fatfs/ff.o
                0x000000000000bc3e                f_lseek
 .text.f_opendir
                0x000000000000c1f8       0xe6 fatfs/ff.o
                0x000000000000c1f8                f_opendir
 .text.f_closedir
                0x000000000000c2de       0x2a fatfs/ff.o
                0x000000000000c2de                f_closedir
 .text.f_readdir
                0x000000000000c308       0x8c fatfs/ff.o
                0x000000000000c308                f_readdir
 .text.f_stat   0x000000000000c394       0x80 fatfs/ff.o
                0x000000000000c394                f_stat
 .text.f_getfree
                0x000000000000c414      0x1da fatfs/ff.o
                0x000000000000c414                f_getfree
 .text.f_unlink
                0x000000000000c5ee      0x152 fatfs/ff.o
                0x000000000000c5ee                f_unlink
 .text.f_mkdir  0x000000000000c740      0x28e fatfs/ff.o
                0x000000000000c740                f_mkdir
 .text.f_rename
                0x000000000000c9ce      0x21e fatfs/ff.o
                0x000000000000c9ce                f_rename
 .text.f_chmod  0x000000000000cbec       0x9a fatfs/ff.o
                0x000000000000cbec                f_chmod
 .text.f_utime  0x000000000000cc86       0xb2 fatfs/ff.o
                0x000000000000cc86                f_utime
 .text.f_getlabel
                0x000000000000cd38       0xf4 fatfs/ff.o
                0x000000000000cd38                f_getlabel
 .text.f_mkfs   0x000000000000ce2c      0xad8 fatfs/ff.o
                0x000000000000ce2c                f_mkfs
 .text.ff_memalloc
                0x000000000000d904        0x6 fatfs/option/syscall.o
                0x000000000000d904                ff_memalloc
 .text.ff_memfree
                0x000000000000d90a        0x6 fatfs/option/syscall.o
                0x000000000000d90a                ff_memfree
 .text.ff_convert
                0x000000000000d910       0x4e fatfs/option/unicode.o
                0x000000000000d910                ff_convert
 .text.ff_wtoupper
                0x000000000000d95e       0xa8 fatfs/option/unicode.o
                0x000000000000d95e                ff_wtoupper
 .text.disk_status
                0x000000000000da06        0xc fatfs.hal/diskio.o
                0x000000000000da06                disk_status
 .text.disk_initialize
                0x000000000000da12        0xc fatfs.hal/diskio.o
                0x000000000000da12                disk_initialize
 .text.disk_read
                0x000000000000da1e       0x20 fatfs.hal/diskio.o
                0x000000000000da1e                disk_read
 .text.disk_write
                0x000000000000da3e       0x20 fatfs.hal/diskio.o
                0x000000000000da3e                disk_write
 .text.disk_ioctl
                0x000000000000da5e       0x14 fatfs.hal/diskio.o
                0x000000000000da5e                disk_ioctl
 .text.xchg_spi
                0x000000000000da72        0x4 fatfs.hal/mmc.o
 .text.deselect
                0x000000000000da76        0xc fatfs.hal/mmc.o
 .text.rcvr_datablock
                0x000000000000da82       0x4e fatfs.hal/mmc.o
 .text.wait_ready
                0x000000000000dad0       0x24 fatfs.hal/mmc.o
                0x000000000000dad0                wait_ready
 .text.select   0x000000000000daf4       0x3a fatfs.hal/mmc.o
 .text.send_cmd
                0x000000000000db2e       0x86 fatfs.hal/mmc.o
 .text.xmit_datablock
                0x000000000000dbb4       0x54 fatfs.hal/mmc.o
 .text.mmc_disk_initialize
                0x000000000000dc08      0x13a fatfs.hal/mmc.o
                0x000000000000dc08                mmc_disk_initialize
 .text.mmc_disk_status
                0x000000000000dd42        0x6 fatfs.hal/mmc.o
                0x000000000000dd42                mmc_disk_status
 .text.mmc_disk_read
                0x000000000000dd48       0x8c fatfs.hal/mmc.o
                0x000000000000dd48                mmc_disk_read
 .text.mmc_disk_write
                0x000000000000ddd4       0xca fatfs.hal/mmc.o
                0x000000000000ddd4                mmc_disk_write
 .text.mmc_disk_ioctl
                0x000000000000de9e      0x510 fatfs.hal/mmc.o
                0x000000000000de9e                mmc_disk_ioctl
 .text.mmc_disk_timerproc
                0x000000000000e3ae       0x1e fatfs.hal/mmc.o
                0x000000000000e3ae                mmc_disk_timerproc
 .text.mmc_task
                0x000000000000e3cc       0x3c fatfs.hal/mmc_hal.o
 .text.mmc_install_timer
                0x000000000000e408       0x2e fatfs.hal/mmc_hal.o
                0x000000000000e408                mmc_install_timer
 .text.mmc_spi_begin
                0x000000000000e436       0x1a fatfs.hal/mmc_hal.o
                0x000000000000e436                mmc_spi_begin
 .text.mmc_spi_end
                0x000000000000e450        0x8 fatfs.hal/mmc_hal.o
                0x000000000000e450                mmc_spi_end
 .text.mmc_slow
                0x000000000000e458       0x1a fatfs.hal/mmc_hal.o
                0x000000000000e458                mmc_slow
 .text.mmc_spi_init
                0x000000000000e472        0xa fatfs.hal/mmc_hal.o
                0x000000000000e472                mmc_spi_init
 .text.mmc_fast
                0x000000000000e47c       0x1a fatfs.hal/mmc_hal.o
                0x000000000000e47c                mmc_fast
 .text.mmc_spi_TX_buffer
                0x000000000000e496        0x6 fatfs.hal/mmc_hal.o
                0x000000000000e496                mmc_spi_TX_buffer
 .text.mmc_spi_RX_buffer
                0x000000000000e49c        0x6 fatfs.hal/mmc_hal.o
                0x000000000000e49c                mmc_spi_RX_buffer
 .text.mmc_spi_TXRX
                0x000000000000e4a2        0x6 fatfs.hal/mmc_hal.o
                0x000000000000e4a2                mmc_spi_TXRX
 .text.mmc_set_ms_timeout
                0x000000000000e4a8        0xe fatfs.hal/mmc_hal.o
                0x000000000000e4a8                mmc_set_ms_timeout
 .text.mmc_test_timeout
                0x000000000000e4b6       0x3e fatfs.hal/mmc_hal.o
                0x000000000000e4b6                mmc_test_timeout
 .text.mmc_init
                0x000000000000e4f4      0x14a fatfs.hal/mmc_hal.o
                0x000000000000e4f4                mmc_init
 .text.mmc_power_off
                0x000000000000e63e        0x2 fatfs.hal/mmc_hal.o
                0x000000000000e63e                mmc_power_off
 .text.mmc_ins_status
                0x000000000000e640        0x6 fatfs.hal/mmc_hal.o
                0x000000000000e640                mmc_ins_status
 .text.mmc_wp_status
                0x000000000000e646        0x6 fatfs.hal/mmc_hal.o
                0x000000000000e646                mmc_wp_status
 .text.tm_to_fat
                0x000000000000e64c       0xd8 fatfs.sup/fatfs_sup.o
                0x000000000000e64c                tm_to_fat
 .text.get_fattime
                0x000000000000e724       0x26 fatfs.sup/fatfs_sup.o
                0x000000000000e724                get_fattime
 .text.put_rc   0x000000000000e74a       0x1e fatfs.sup/fatfs_sup.o
                0x000000000000e74a                put_rc
 .text.fatfs_scan_files
                0x000000000000e768       0xe0 fatfs.sup/fatfs_sup.o
                0x000000000000e768                fatfs_scan_files
 .text.fatfs_fstype
                0x000000000000e848       0x1e fatfs.sup/fatfs_sup.o
                0x000000000000e848                fatfs_fstype
 .text.fatfs_status
                0x000000000000e866      0x2d8 fatfs.sup/fatfs_sup.o
                0x000000000000e866                fatfs_status
 .text.fatfs_filinfo_list
                0x000000000000eb3e      0x10e fatfs.sup/fatfs_sup.o
                0x000000000000eb3e                fatfs_filinfo_list
 .text.fatfs_help
                0x000000000000ec4c       0x38 fatfs.sup/fatfs_tests.o
                0x000000000000ec4c                fatfs_help
 .text.fatfs_ls
                0x000000000000ec84      0x19a fatfs.sup/fatfs_tests.o
                0x000000000000ec84                fatfs_ls
 .text.mmc_test
                0x000000000000ee1e       0x64 fatfs.sup/fatfs_tests.o
                0x000000000000ee1e                mmc_test
 .text.fatfs_tests
                0x000000000000ee82      0x116 fatfs.sup/fatfs_tests.o
                0x000000000000ee82                fatfs_tests
 .text.fatfs_getc
                0x000000000000ef98      0x106 posix/posix.o
                0x000000000000ef98                fatfs_getc
 .text.fatfs_putc
                0x000000000000f09e       0x96 posix/posix.o
                0x000000000000f09e                fatfs_putc
 .text.fgetc    0x000000000000f134       0xa2 posix/posix.o
                0x000000000000f134                fgetc
 .text.fputc    0x000000000000f1d6       0x9a posix/posix.o
                0x000000000000f1d6                fputc
 .text._fprintf_putc
                0x000000000000f270       0x1a posix/posix.o
 .text.getchar  0x000000000000f28a        0xc posix/posix.o
                0x000000000000f28a                getchar
 .text.putchar  0x000000000000f296        0xc posix/posix.o
                0x000000000000f296                putchar
 .text.fgets    0x000000000000f2a2       0x68 posix/posix.o
                0x000000000000f2a2                fgets
 .text.fputs    0x000000000000f30a       0x30 posix/posix.o
                0x000000000000f30a                fputs
 .text.puts     0x000000000000f33a       0x2e posix/posix.o
                0x000000000000f33a                puts
 .text.fileno   0x000000000000f368       0x38 posix/posix.o
                0x000000000000f368                fileno
 .text.fileno_to_stream
                0x000000000000f3a0       0x2a posix/posix.o
                0x000000000000f3a0                fileno_to_stream
 .text.mctime   0x000000000000f3ca       0x4a posix/posix.o
                0x000000000000f3ca                mctime
 .text.dump_stat
                0x000000000000f414      0x15a posix/posix.o
                0x000000000000f414                dump_stat
 .text.basename
                0x000000000000f56e       0x1c posix/posix.o
                0x000000000000f56e                basename
 .text.chdir    0x000000000000f58a       0x3e posix/posix.o
                0x000000000000f58a                chdir
 .text.chmod    0x000000000000f5c8       0x52 posix/posix.o
                0x000000000000f5c8                chmod
 .text.getcwd   0x000000000000f61a       0x4a posix/posix.o
                0x000000000000f61a                getcwd
 .text.mkdir    0x000000000000f664       0x5c posix/posix.o
                0x000000000000f664                mkdir
 .text.rename   0x000000000000f6c0       0x3e posix/posix.o
                0x000000000000f6c0                rename
 .text.unlink   0x000000000000f6fe       0x3e posix/posix.o
                0x000000000000f6fe                unlink
 .text.rmdir    0x000000000000f73c        0x4 posix/posix.o
                0x000000000000f73c                rmdir
 .text.closedir
                0x000000000000f740       0x36 posix/posix.o
                0x000000000000f740                closedir
 .text.opendir  0x000000000000f776       0x3c posix/posix.o
                0x000000000000f776                opendir
 .text.readdir  0x000000000000f7b2       0x7c posix/posix.o
                0x000000000000f7b2                readdir
 .text.perror   0x000000000000f82e       0x76 posix/posix.o
                0x000000000000f82e                perror
 .text.fdevopen
                0x000000000000f8a4       0x96 posix/posix.o
                0x000000000000f8a4                fdevopen
 .text.mkfs     0x000000000000f93a       0xe8 posix/posix.o
                0x000000000000f93a                mkfs
 .text.fat_time_to_unix
                0x000000000000fa22       0x88 posix/posix.o
                0x000000000000fa22                fat_time_to_unix
 .text.stat     0x000000000000faaa      0x118 posix/posix.o
                0x000000000000faaa                stat
 .text.unix_time_to_fat
                0x000000000000fbc2       0x90 posix/posix.o
                0x000000000000fbc2                unix_time_to_fat
 .text.utime    0x000000000000fc52       0x86 posix/posix.o
                0x000000000000fc52                utime
 .text.fileno_to_fatfs
                0x000000000000fcd8       0x2a posix/posix.o
                0x000000000000fcd8                fileno_to_fatfs
 .text.ftell    0x000000000000fd02       0x36 posix/posix.o
                0x000000000000fd02                ftell
 .text.lseek    0x000000000000fd38       0xce posix/posix.o
                0x000000000000fd38                lseek
 .text.fseek    0x000000000000fe06       0x4e posix/posix.o
                0x000000000000fe06                fseek
 .text.read     0x000000000000fe54       0xda posix/posix.o
                0x000000000000fe54                read
 .text.fread    0x000000000000ff2e       0x38 posix/posix.o
                0x000000000000ff2e                fread
 .text.syncfs   0x000000000000ff66       0x66 posix/posix.o
                0x000000000000ff66                syncfs
 .text.sync     0x000000000000ffcc       0x2a posix/posix.o
                0x000000000000ffcc                sync
 .text.write    0x000000000000fff6       0xdc posix/posix.o
                0x000000000000fff6                write
 .text.fwrite   0x00000000000100d2       0x38 posix/posix.o
                0x00000000000100d2                fwrite
 .text.free_file_descriptor
                0x000000000001010a       0x6a posix/posix.o
                0x000000000001010a                free_file_descriptor
 .text.close    0x0000000000010174       0x62 posix/posix.o
                0x0000000000010174                close
 .text.fclose   0x00000000000101d6       0x10 posix/posix.o
                0x00000000000101d6                fclose
 .text.new_file_descriptor
                0x00000000000101e6       0x8a posix/posix.o
                0x00000000000101e6                new_file_descriptor
 .text.open     0x0000000000010270      0x13e posix/posix.o
                0x0000000000010270                open
 .text.posix_fopen_modes_to_open
                0x00000000000103ae       0xd4 posix/posix.o
                0x00000000000103ae                posix_fopen_modes_to_open
 .text.fopen    0x0000000000010482       0x1a posix/posix.o
                0x0000000000010482                fopen
 .text.fprintf  0x000000000001049c       0x40 posix/posix.o
                0x000000000001049c                fprintf
 .text.posix_help
                0x00000000000104dc       0x38 posix/posix_tests.o
                0x00000000000104dc                posix_help
 .text.copy     0x0000000000010514      0x1c0 posix/posix_tests.o
                0x0000000000010514                copy
 .text.testpage
                0x00000000000106d4       0x66 posix/posix_tests.o
                0x00000000000106d4                testpage
 .text.cat      0x000000000001073a       0xda posix/posix_tests.o
                0x000000000001073a                cat
 .text.hexdump  0x0000000000010814      0x228 posix/posix_tests.o
                0x0000000000010814                hexdump
 .text.ls_info  0x0000000000010a3c      0x17a posix/posix_tests.o
                0x0000000000010a3c                ls_info
 .text.ls       0x0000000000010bb6      0x238 posix/posix_tests.o
                0x0000000000010bb6                ls
 .text.logfile  0x0000000000010dee       0xa0 posix/posix_tests.o
                0x0000000000010dee                logfile
 .text.sum      0x0000000000010e8e       0xa0 posix/posix_tests.o
                0x0000000000010e8e                sum
 .text.upload   0x0000000000010f2e       0xcc posix/posix_tests.o
                0x0000000000010f2e                upload
 .text.posix_tests
                0x0000000000010ffa      0x480 posix/posix_tests.o
                0x0000000000010ffa                posix_tests
 .text.gpib_timer_init
                0x000000000001147a       0x28 gpib/gpib_hal.o
                0x000000000001147a                gpib_timer_init
 .text.reverse_8bits
                0x00000000000114a2       0x14 gpib/gpib_hal.o
                0x00000000000114a2                reverse_8bits
 .text.ppr_set  0x00000000000114b6       0x14 gpib/gpib_hal.o
                0x00000000000114b6                ppr_set
 .text.ppr_reg  0x00000000000114ca        0x8 gpib/gpib_hal.o
                0x00000000000114ca                ppr_reg
 .text.ppr_init
                0x00000000000114d2       0x22 gpib/gpib_hal.o
                0x00000000000114d2                ppr_init
 .text.ppr_bit_set
                0x00000000000114f4       0x1a gpib/gpib_hal.o
                0x00000000000114f4                ppr_bit_set
 .text.ppr_bit_clr
                0x000000000001150e       0x1c gpib/gpib_hal.o
                0x000000000001150e                ppr_bit_clr
 .text.dbf_open
                0x000000000001152a       0x44 gpib/gpib_hal.o
                0x000000000001152a                dbf_open
 .text.dbf_read
                0x000000000001156e       0x30 gpib/gpib_hal.o
                0x000000000001156e                dbf_read
 .text.dbf_write
                0x000000000001159e       0x30 gpib/gpib_hal.o
                0x000000000001159e                dbf_write
 .text.dbf_lseek
                0x00000000000115ce       0x30 gpib/gpib_hal.o
                0x00000000000115ce                dbf_lseek
 .text.dbf_close
                0x00000000000115fe       0x30 gpib/gpib_hal.o
                0x00000000000115fe                dbf_close
 .text.dbf_open_read
                0x000000000001162e       0xae gpib/gpib_hal.o
                0x000000000001162e                dbf_open_read
 .text.dbf_open_write
                0x00000000000116dc       0xae gpib/gpib_hal.o
                0x00000000000116dc                dbf_open_write
 .text.gpib_timer_elapsed_begin
                0x000000000001178a        0x6 gpib/gpib.o
                0x000000000001178a                gpib_timer_elapsed_begin
 .text.gpib_timer_reset
                0x0000000000011790       0x1e gpib/gpib.o
                0x0000000000011790                gpib_timer_reset
 .text.gpib_timer_elapsed_end
                0x00000000000117ae        0x6 gpib/gpib.o
                0x00000000000117ae                gpib_timer_elapsed_end
 .text.gpib_timer_task
                0x00000000000117b4       0x4c gpib/gpib.o
                0x00000000000117b4                gpib_timer_task
 .text.gpib_timeout_set
                0x0000000000011800       0x14 gpib/gpib.o
                0x0000000000011800                gpib_timeout_set
 .text.gpib_bus_read_init
                0x0000000000011814       0x46 gpib/gpib.o
                0x0000000000011814                gpib_bus_read_init
 .text.gpib_bus_init
                0x000000000001185a       0x50 gpib/gpib.o
                0x000000000001185a                gpib_bus_init
 .text.gpib_state_init
                0x00000000000118aa       0x50 gpib/gpib.o
                0x00000000000118aa                gpib_state_init
 .text.gpib_enable_PPR
                0x00000000000118fa       0x62 gpib/gpib.o
                0x00000000000118fa                gpib_enable_PPR
 .text.gpib_disable_PPR
                0x000000000001195c       0x62 gpib/gpib.o
                0x000000000001195c                gpib_disable_PPR
 .text.gpib_assert_ifc
                0x00000000000119be       0x3c gpib/gpib.o
                0x00000000000119be                gpib_assert_ifc
 .text.gpib_unread
                0x00000000000119fa       0x4a gpib/gpib.o
                0x00000000000119fa                gpib_unread
 .text.gpib_bus_read
                0x0000000000011a44        0xc gpib/gpib.o
                0x0000000000011a44                gpib_bus_read
 .text.gpib_control_pin_read
                0x0000000000011a50       0x20 gpib/gpib.o
                0x0000000000011a50                gpib_control_pin_read
 .text.gpib_handshake_pin_read
                0x0000000000011a70       0x18 gpib/gpib.o
                0x0000000000011a70                gpib_handshake_pin_read
 .text.gpib_write_byte
                0x0000000000011a88      0x2d0 gpib/gpib.o
                0x0000000000011a88                gpib_write_byte
 .text.gpib_decode_header
                0x0000000000011d58       0xa4 gpib/gpib.o
                0x0000000000011d58                gpib_decode_header
 .text.gpib_trace_display
                0x0000000000011dfc      0x28e gpib/gpib.o
                0x0000000000011dfc                gpib_trace_display
 .text.gpib_read_byte
                0x000000000001208a      0x1ac gpib/gpib.o
                0x000000000001208a                gpib_read_byte
 .text.gpib_decode
                0x0000000000012236        0x8 gpib/gpib.o
                0x0000000000012236                gpib_decode
 .text.gpib_read_str
                0x000000000001223e      0x15c gpib/gpib.o
                0x000000000001223e                gpib_read_str
 .text.gpib_write_str
                0x000000000001239a       0xf2 gpib/gpib.o
                0x000000000001239a                gpib_write_str
 .text.gpib_file_init
                0x000000000001248c       0x5e gpib/gpib_task.o
                0x000000000001248c                gpib_file_init
 .text.SS80_is_MLA
                0x00000000000124ea       0x22 gpib/gpib_task.o
                0x00000000000124ea                SS80_is_MLA
 .text.SS80_is_MTA
                0x000000000001250c       0x22 gpib/gpib_task.o
                0x000000000001250c                SS80_is_MTA
 .text.SS80_is_MSA
                0x000000000001252e       0x22 gpib/gpib_task.o
                0x000000000001252e                SS80_is_MSA
 .text.AMIGO_is_MLA
                0x0000000000012550       0x22 gpib/gpib_task.o
                0x0000000000012550                AMIGO_is_MLA
 .text.AMIGO_is_MTA
                0x0000000000012572       0x22 gpib/gpib_task.o
                0x0000000000012572                AMIGO_is_MTA
 .text.AMIGO_is_MSA
                0x0000000000012594       0x22 gpib/gpib_task.o
                0x0000000000012594                AMIGO_is_MSA
 .text.PRINTER_is_MLA
                0x00000000000125b6       0x22 gpib/gpib_task.o
                0x00000000000125b6                PRINTER_is_MLA
 .text.PRINTER_is_MTA
                0x00000000000125d8       0x22 gpib/gpib_task.o
                0x00000000000125d8                PRINTER_is_MTA
 .text.gpib_init_devices
                0x00000000000125fa       0x10 gpib/gpib_task.o
                0x00000000000125fa                gpib_init_devices
 .text.gpib_trace_task
                0x000000000001260a      0x11a gpib/gpib_task.o
                0x000000000001260a                gpib_trace_task
 .text.gpib_error_test
                0x0000000000012724      0x114 gpib/gpib_task.o
                0x0000000000012724                gpib_error_test
 .text.GPIB_COMMANDS
                0x0000000000012838       0xa8 gpib/gpib_task.o
                0x0000000000012838                GPIB_COMMANDS
 .text.Send_Identify
                0x00000000000128e0       0x94 gpib/gpib_task.o
                0x00000000000128e0                Send_Identify
 .text.GPIB     0x0000000000012974      0x16e gpib/gpib_task.o
                0x0000000000012974                GPIB
 .text.GPIB_TALK
                0x0000000000012ae2      0x12a gpib/gpib_task.o
                0x0000000000012ae2                GPIB_TALK
 .text.GPIB_SECONDARY_ADDRESS
                0x0000000000012c0c       0xfa gpib/gpib_task.o
                0x0000000000012c0c                GPIB_SECONDARY_ADDRESS
 .text.listen_cleanup
                0x0000000000012d06       0x44 gpib/gpib_task.o
                0x0000000000012d06                listen_cleanup
 .text.GPIB_LISTEN
                0x0000000000012d4a      0x11c gpib/gpib_task.o
                0x0000000000012d4a                GPIB_LISTEN
 .text.gpib_task
                0x0000000000012e66       0xc2 gpib/gpib_task.o
                0x0000000000012e66                gpib_task
 .text.talk_cleanup
                0x0000000000012f28        0x2 gpib/gpib_task.o
                0x0000000000012f28                talk_cleanup
 .text.gpib_help
                0x0000000000012f2a       0x38 gpib/gpib_tests.o
                0x0000000000012f2a                gpib_help
 .text.gpib_tests
                0x0000000000012f62      0x5f2 gpib/gpib_tests.o
                0x0000000000012f62                gpib_tests
 .text.SS80ControllerPack
                0x0000000000013554       0x78 gpib/ss80.o
                0x0000000000013554                SS80ControllerPack
 .text.SS80UnitPack
                0x00000000000135cc      0x198 gpib/ss80.o
                0x00000000000135cc                SS80UnitPack
 .text.SS80VolumePack
                0x0000000000013764       0xca gpib/ss80.o
                0x0000000000013764                SS80VolumePack
 .text.SS80_test_extended_status
                0x000000000001382e       0x34 gpib/ss80.o
                0x000000000001382e                SS80_test_extended_status
 .text.SS80_display_extended_status
                0x0000000000013862       0xae gpib/ss80.o
                0x0000000000013862                SS80_display_extended_status
 .text.SS80_send_status
                0x0000000000013910      0x102 gpib/ss80.o
                0x0000000000013910                SS80_send_status
 .text.SS80_describe
                0x0000000000013a12       0xe0 gpib/ss80.o
                0x0000000000013a12                SS80_describe
 .text.SS80_Check_Unit
                0x0000000000013af2       0x44 gpib/ss80.o
                0x0000000000013af2                SS80_Check_Unit
 .text.SS80_Check_Volume
                0x0000000000013b36       0x40 gpib/ss80.o
                0x0000000000013b36                SS80_Check_Volume
 .text.SS80_Command_State
                0x0000000000013b76      0x4f0 gpib/ss80.o
                0x0000000000013b76                SS80_Command_State
 .text.SS80_cmd_seek
                0x0000000000014066      0x102 gpib/ss80.o
                0x0000000000014066                SS80_cmd_seek
 .text.SS80_locate_and_write
                0x0000000000014168      0x32e gpib/ss80.o
                0x0000000000014168                SS80_locate_and_write
 .text.SS80_Report
                0x0000000000014496       0x9c gpib/ss80.o
                0x0000000000014496                SS80_Report
 .text.Clear_Common
                0x0000000000014532       0x3e gpib/ss80.o
                0x0000000000014532                Clear_Common
 .text.SS80_init
                0x0000000000014570       0x8c gpib/ss80.o
                0x0000000000014570                SS80_init
 .text.SS80_Channel_Independent_Clear
                0x00000000000145fc       0x18 gpib/ss80.o
                0x00000000000145fc                SS80_Channel_Independent_Clear
 .text.SS80_Universal_Device_Clear
                0x0000000000014614       0x1c gpib/ss80.o
                0x0000000000014614                SS80_Universal_Device_Clear
 .text.SS80_Selected_Device_Clear
                0x0000000000014630       0x40 gpib/ss80.o
                0x0000000000014630                SS80_Selected_Device_Clear
 .text.SS80_Amigo_Clear
                0x0000000000014670       0x86 gpib/ss80.o
                0x0000000000014670                SS80_Amigo_Clear
 .text.SS80_Cancel
                0x00000000000146f6       0x22 gpib/ss80.o
                0x00000000000146f6                SS80_Cancel
 .text.SS80_Transparent_State
                0x0000000000014718      0x224 gpib/ss80.o
                0x0000000000014718                SS80_Transparent_State
 .text.SS80_error_return
                0x000000000001493c       0x74 gpib/ss80.o
                0x000000000001493c                SS80_error_return
 .text.SS80_locate_and_read
                0x00000000000149b0      0x2d0 gpib/ss80.o
                0x00000000000149b0                SS80_locate_and_read
 .text.SS80_Execute_State
                0x0000000000014c80       0xac gpib/ss80.o
                0x0000000000014c80                SS80_Execute_State
 .text.SS80_COMMANDS
                0x0000000000014d2c      0x1ce gpib/ss80.o
                0x0000000000014d2c                SS80_COMMANDS
 .text.amigo_overflow_check
                0x0000000000014efa       0xa0 gpib/amigo.o
 .text.amigo_chs_to_logical
                0x0000000000014f9a       0xde gpib/amigo.o
 .text.amigo_init
                0x0000000000015078       0x8a gpib/amigo.o
                0x0000000000015078                amigo_init
 .text.amigo_request_logical_address
                0x0000000000015102       0x1c gpib/amigo.o
                0x0000000000015102                amigo_request_logical_address
 .text.amigo_request_status
                0x000000000001511e       0xb0 gpib/amigo.o
                0x000000000001511e                amigo_request_status
 .text.amigo_send_logical_address
                0x00000000000151ce       0xbc gpib/amigo.o
                0x00000000000151ce                amigo_send_logical_address
 .text.amigo_send_status
                0x000000000001528a       0xbc gpib/amigo.o
                0x000000000001528a                amigo_send_status
 .text.amigo_increment
                0x0000000000015346       0x52 gpib/amigo.o
                0x0000000000015346                amigo_increment
 .text.amigo_seek
                0x0000000000015398       0x56 gpib/amigo.o
                0x0000000000015398                amigo_seek
 .text.amigo_verify
                0x00000000000153ee      0x122 gpib/amigo.o
                0x00000000000153ee                amigo_verify
 .text.amigo_format
                0x0000000000015510      0x124 gpib/amigo.o
                0x0000000000015510                amigo_format
 .text.amigo_buffered_read
                0x0000000000015634      0x188 gpib/amigo.o
                0x0000000000015634                amigo_buffered_read
 .text.amigo_buffered_write
                0x00000000000157bc      0x170 gpib/amigo.o
                0x00000000000157bc                amigo_buffered_write
 .text.amigo_cmd_dsj
                0x000000000001592c       0xc4 gpib/amigo.o
                0x000000000001592c                amigo_cmd_dsj
 .text.amigo_cmd_clear
                0x00000000000159f0       0x46 gpib/amigo.o
                0x00000000000159f0                amigo_cmd_clear
 .text.amigo_todo_op
                0x0000000000015a36      0x152 gpib/amigo.o
                0x0000000000015a36                amigo_todo_op
 .text.amigo_todo
                0x0000000000015b88      0x120 gpib/amigo.o
                0x0000000000015b88                amigo_todo
 .text.amigo_check_unit
                0x0000000000015ca8       0x28 gpib/amigo.o
                0x0000000000015ca8                amigo_check_unit
 .text.Amigo_Command
                0x0000000000015cd0      0x5cc gpib/amigo.o
                0x0000000000015cd0                Amigo_Command
 .text.Amigo_Execute
                0x000000000001629c      0x1ae gpib/amigo.o
                0x000000000001629c                Amigo_Execute
 .text.AMIGO_COMMANDS
                0x000000000001644a      0x130 gpib/amigo.o
                0x000000000001644a                AMIGO_COMMANDS
 .text.printer_init
                0x000000000001657a       0x1c gpib/printer.o
                0x000000000001657a                printer_init
 .text.receive_plot_flush
                0x0000000000016596       0xb2 gpib/printer.o
                0x0000000000016596                receive_plot_flush
 .text.printer_close
                0x0000000000016648       0x9a gpib/printer.o
                0x0000000000016648                printer_close
 .text.printer_open
                0x00000000000166e2      0x142 gpib/printer.o
                0x00000000000166e2                printer_open
 .text.printer_buffer
                0x0000000000016824       0xe6 gpib/printer.o
                0x0000000000016824                printer_buffer
 .text.PRINTER_COMMANDS
                0x000000000001690a       0x5e gpib/printer.o
                0x000000000001690a                PRINTER_COMMANDS
 .text.plot_echo
                0x0000000000016968      0x128 gpib/printer.o
                0x0000000000016968                plot_echo
 .text.V2B_MSB  0x0000000000016a90       0x28 gpib/drives.o
                0x0000000000016a90                V2B_MSB
 .text.V2B_LSB  0x0000000000016ab8       0x2a gpib/drives.o
                0x0000000000016ab8                V2B_LSB
 .text.B2V_MSB  0x0000000000016ae2       0x3e gpib/drives.o
                0x0000000000016ae2                B2V_MSB
 .text.B2V_LSB  0x0000000000016b20       0x40 gpib/drives.o
                0x0000000000016b20                B2V_LSB
 .text.find_type
                0x0000000000016b60       0x28 gpib/drives.o
                0x0000000000016b60                find_type
 .text.type_to_str
                0x0000000000016b88       0x32 gpib/drives.o
                0x0000000000016b88                type_to_str
 .text.find_free
                0x0000000000016bba        0x8 gpib/drives.o
                0x0000000000016bba                find_free
 .text.find_device
                0x0000000000016bc2       0x54 gpib/drives.o
                0x0000000000016bc2                find_device
 .text.set_active_device
                0x0000000000016c16      0x216 gpib/drives.o
                0x0000000000016c16                set_active_device
 .text.alloc_device
                0x0000000000016e2c      0x120 gpib/drives.o
                0x0000000000016e2c                alloc_device
 .text.init_Devices
                0x0000000000016f4c       0x28 gpib/drives.o
                0x0000000000016f4c                init_Devices
 .text.push_state
                0x0000000000016f74       0x32 gpib/drives.o
                0x0000000000016f74                push_state
 .text.pop_state
                0x0000000000016fa6       0x2e gpib/drives.o
                0x0000000000016fa6                pop_state
 .text.assign_value
                0x0000000000016fd4      0x13e gpib/drives.o
                0x0000000000016fd4                assign_value
 .text.set_Config_Defaults
                0x0000000000017112        0x2 gpib/drives.o
                0x0000000000017112                set_Config_Defaults
 .text.POSIX_Read_Config
                0x0000000000017114     0x10e4 gpib/drives.o
                0x0000000000017114                POSIX_Read_Config
 .text.print_var_P
                0x00000000000181f8       0xa2 gpib/drives.o
                0x00000000000181f8                print_var_P
 .text.print_str_P
                0x000000000001829a       0x8e gpib/drives.o
                0x000000000001829a                print_str_P
 .text.display_Addresses
                0x0000000000018328      0x1f6 gpib/drives.o
                0x0000000000018328                display_Addresses
 .text.display_Config
                0x000000000001851e      0x4b4 gpib/drives.o
                0x000000000001851e                display_Config
 .text.format_drives
                0x00000000000189d2      0x272 gpib/drives.o
                0x00000000000189d2                format_drives
 .text.controller_send_str
                0x0000000000018c44       0x86 gpib/controller.o
                0x0000000000018c44                controller_send_str
 .text.controller_read_str
                0x0000000000018cca       0x8c gpib/controller.o
                0x0000000000018cca                controller_read_str
 .text.controller_read_trace
                0x0000000000018d56       0x86 gpib/controller.o
                0x0000000000018d56                controller_read_trace
 .text.lif_help
                0x0000000000018ddc       0x38 lif/lifutils.o
                0x0000000000018ddc                lif_help
 .text.lif_calloc
                0x0000000000018e14       0x58 lif/lifutils.o
                0x0000000000018e14                lif_calloc
 .text.lif_free
                0x0000000000018e6c       0x20 lif/lifutils.o
                0x0000000000018e6c                lif_free
 .text.lif_stralloc
                0x0000000000018e8c       0x3e lif/lifutils.o
                0x0000000000018e8c                lif_stralloc
 .text.lif_open
                0x0000000000018eca       0x50 lif/lifutils.o
                0x0000000000018eca                lif_open
 .text.lif_stat
                0x0000000000018f1a       0x48 lif/lifutils.o
                0x0000000000018f1a                lif_stat
 .text.lif_seek_msg
                0x0000000000018f62       0x74 lif/lifutils.o
                0x0000000000018f62                lif_seek_msg
 .text.lif_read
                0x0000000000018fd6       0xb2 lif/lifutils.o
                0x0000000000018fd6                lif_read
 .text.lif_write
                0x0000000000019088       0x9c lif/lifutils.o
                0x0000000000019088                lif_write
 .text.lif_chars
                0x0000000000019124       0x56 lif/lifutils.o
                0x0000000000019124                lif_chars
 .text.lif_B2S  0x000000000001917a       0x74 lif/lifutils.o
                0x000000000001917a                lif_B2S
 .text.lif_checkname
                0x00000000000191ee       0x3a lif/lifutils.o
                0x00000000000191ee                lif_checkname
 .text.lif_S2B  0x0000000000019228       0x3a lif/lifutils.o
                0x0000000000019228                lif_S2B
 .text.lif_fixname
                0x0000000000019262       0x7a lif/lifutils.o
                0x0000000000019262                lif_fixname
 .text.lif_vol2str
                0x00000000000192dc      0x130 lif/lifutils.o
                0x00000000000192dc                lif_vol2str
 .text.lif_str2vol
                0x000000000001940c      0x110 lif/lifutils.o
                0x000000000001940c                lif_str2vol
 .text.lif_dir2str
                0x000000000001951c       0xe2 lif/lifutils.o
                0x000000000001951c                lif_dir2str
 .text.lif_str2dir
                0x00000000000195fe       0xca lif/lifutils.o
                0x00000000000195fe                lif_str2dir
 .text.lif_BIN2BCD
                0x00000000000196c8        0xe lif/lifutils.o
                0x00000000000196c8                lif_BIN2BCD
 .text.lif_BCD2BIN
                0x00000000000196d6       0x16 lif/lifutils.o
                0x00000000000196d6                lif_BCD2BIN
 .text.lif_time2lifbcd
                0x00000000000196ec       0x84 lif/lifutils.o
                0x00000000000196ec                lif_time2lifbcd
 .text.lif_lifbcd2time
                0x0000000000019770       0xa0 lif/lifutils.o
                0x0000000000019770                lif_lifbcd2time
 .text.lif_ctime_gmt
                0x0000000000019810       0x3c lif/lifutils.o
                0x0000000000019810                lif_ctime_gmt
 .text.lif_lifbcd2timestr
                0x000000000001984c       0x4e lif/lifutils.o
                0x000000000001984c                lif_lifbcd2timestr
 .text.lif_image_clear
                0x000000000001989a        0xc lif/lifutils.o
                0x000000000001989a                lif_image_clear
 .text.lif_dir_clear
                0x00000000000198a6       0x10 lif/lifutils.o
                0x00000000000198a6                lif_dir_clear
 .text.lif_vol_clear
                0x00000000000198b6        0xe lif/lifutils.o
                0x00000000000198b6                lif_vol_clear
 .text.lif_dump_vol
                0x00000000000198c4      0x326 lif/lifutils.o
                0x00000000000198c4                lif_dump_vol
 .text.lif_check_volume
                0x0000000000019bea      0x1b6 lif/lifutils.o
                0x0000000000019bea                lif_check_volume
 .text.lif_check_dir
                0x0000000000019da0      0x366 lif/lifutils.o
                0x0000000000019da0                lif_check_dir
 .text.lif_close_volume
                0x000000000001a106       0x4c lif/lifutils.o
                0x000000000001a106                lif_close_volume
 .text.lif_checkdirindex
                0x000000000001a152       0xb6 lif/lifutils.o
                0x000000000001a152                lif_checkdirindex
 .text.lif_readdirindex
                0x000000000001a208       0xd2 lif/lifutils.o
                0x000000000001a208                lif_readdirindex
 .text.lif_writedirindex
                0x000000000001a2da       0xb8 lif/lifutils.o
                0x000000000001a2da                lif_writedirindex
 .text.lif_writedirEOF
                0x000000000001a392       0x30 lif/lifutils.o
                0x000000000001a392                lif_writedirEOF
 .text.lif_updatefree
                0x000000000001a3c2      0x210 lif/lifutils.o
                0x000000000001a3c2                lif_updatefree
 .text.lif_create_volume
                0x000000000001a5d2      0x5b2 lif/lifutils.o
                0x000000000001a5d2                lif_create_volume
 .text.lif_newdir
                0x000000000001ab84      0x2ca lif/lifutils.o
                0x000000000001ab84                lif_newdir
 .text.lif_open_volume
                0x000000000001ae4e      0x1f0 lif/lifutils.o
                0x000000000001ae4e                lif_open_volume
 .text.lif_dir  0x000000000001b03e      0x2da lif/lifutils.o
                0x000000000001b03e                lif_dir
 .text.lif_find_file
                0x000000000001b318       0xc8 lif/lifutils.o
                0x000000000001b318                lif_find_file
 .text.lif_e010_pad_sector
                0x000000000001b3e0       0xb4 lif/lifutils.o
                0x000000000001b3e0                lif_e010_pad_sector
 .text.lif_ascii_string_to_e010
                0x000000000001b494      0x172 lif/lifutils.o
                0x000000000001b494                lif_ascii_string_to_e010
 .text.lif_add_ascii_file_as_e010_wrapper
                0x000000000001b606      0x21a lif/lifutils.o
                0x000000000001b606                lif_add_ascii_file_as_e010_wrapper
 .text.lif_add_ascii_file_as_e010
                0x000000000001b820      0x272 lif/lifutils.o
                0x000000000001b820                lif_add_ascii_file_as_e010
 .text.lif_extract_e010_as_ascii
                0x000000000001ba92      0x5d8 lif/lifutils.o
                0x000000000001ba92                lif_extract_e010_as_ascii
 .text.lif_extract_lif_as_lif
                0x000000000001c06a      0x28c lif/lifutils.o
                0x000000000001c06a                lif_extract_lif_as_lif
 .text.lif_add_lif_file
                0x000000000001c2f6      0x330 lif/lifutils.o
                0x000000000001c2f6                lif_add_lif_file
 .text.lif_del_file
                0x000000000001c626      0x130 lif/lifutils.o
                0x000000000001c626                lif_del_file
 .text.lif_rename_file
                0x000000000001c756      0x10c lif/lifutils.o
                0x000000000001c756                lif_rename_file
 .text.lif_create_image
                0x000000000001c862       0xf8 lif/lifutils.o
                0x000000000001c862                lif_create_image
 .text.lif_tests
                0x000000000001c95a      0x24c lif/lifutils.o
                0x000000000001c95a                lif_tests
 .text.copyright
                0x000000000001cba6       0x92 main.o
                0x000000000001cba6                copyright
 .text.delay_tests
                0x000000000001cc38       0xc6 main.o
                0x000000000001cc38                delay_tests
 .text.help     0x000000000001ccfe       0x38 main.o
                0x000000000001ccfe                help
 .text.task     0x000000000001cd36      0x164 main.o
                0x000000000001cd36                task
 .text.startup.main
                0x000000000001ce9a      0x27e main.o
                0x000000000001ce9a                main
 .text.libgcc.mul
                0x000000000001d118       0x1e /usr/lib/gcc/avr/5.4.0/avr51/libgcc.a(_mulsi3.o)
                0x000000000001d118                __mulsi3
 .text.libgcc.div
                0x000000000001d136       0x18 /usr/lib/gcc/avr/5.4.0/avr51/libgcc.a(_udivmodqi4.o)
                0x000000000001d136                __udivmodqi4
 .text.libgcc.div
                0x000000000001d14e       0x28 /usr/lib/gcc/avr/5.4.0/avr51/libgcc.a(_udivmodhi4.o)
                0x000000000001d14e                __udivmodhi4
 .text.libgcc.div
                0x000000000001d176       0x26 /usr/lib/gcc/avr/5.4.0/avr51/libgcc.a(_divmodhi4.o)
                0x000000000001d176                __divmodhi4
                0x000000000001d176                _div
 .text.libgcc.div
                0x000000000001d19c       0x44 /usr/lib/gcc/avr/5.4.0/avr51/libgcc.a(_udivmodsi4.o)
                0x000000000001d19c                __udivmodsi4
 .text.libgcc.div
                0x000000000001d1e0       0x28 /usr/lib/gcc/avr/5.4.0/avr51/libgcc.a(_divmodsi4.o)
                0x000000000001d1e0                __divmodsi4
 .text.libgcc.div
                0x000000000001d208       0x10 /usr/lib/gcc/avr/5.4.0/avr51/libgcc.a(_negsi2.o)
                0x000000000001d208                __negsi2
 .text.libgcc   0x000000000001d218       0x12 /usr/lib/gcc/avr/5.4.0/avr51/libgcc.a(_tablejump2.o)
                0x000000000001d218                __tablejump2__
 .text.libgcc.mul
                0x000000000001d22a        0xc /usr/lib/gcc/avr/5.4.0/avr51/libgcc.a(_usmulhisi3.o)
                0x000000000001d22a                __usmulhisi3
                0x000000000001d22c                __usmulhisi3_tail
 .text.libgcc.mul
                0x000000000001d236       0x14 /usr/lib/gcc/avr/5.4.0/avr51/libgcc.a(_muluhisi3.o)
                0x000000000001d236                __muluhisi3
 .text.libgcc.mul
                0x000000000001d24a        0xc /usr/lib/gcc/avr/5.4.0/avr51/libgcc.a(_mulshisi3.o)
                0x000000000001d24a                __mulshisi3
                0x000000000001d24e                __mulohisi3
 .text.libgcc   0x000000000001d256       0x20 /usr/lib/gcc/avr/5.4.0/avr51/libgcc.a(_negdi2.o)
                0x000000000001d256                __negdi2
 .text.libgcc.prologue
                0x000000000001d276       0x38 /usr/lib/gcc/avr/5.4.0/avr51/libgcc.a(_prologue.o)
                0x000000000001d276                __prologue_saves__
 .text.libgcc.prologue
                0x000000000001d2ae       0x36 /usr/lib/gcc/avr/5.4.0/avr51/libgcc.a(_epilogue.o)
                0x000000000001d2ae                __epilogue_restores__
 .text.libgcc   0x000000000001d2e4        0xe /usr/lib/gcc/avr/5.4.0/avr51/libgcc.a(_xload_1.o)
                0x000000000001d2e4                __xload_1
 .text.libgcc   0x000000000001d2f2       0x18 /usr/lib/gcc/avr/5.4.0/avr51/libgcc.a(_cmpdi2_s8.o)
                0x000000000001d2f2                __cmpdi2_s8
 .text.libgcc.mul
                0x000000000001d30a       0x1e /usr/lib/gcc/avr/5.4.0/avr51/libgcc.a(_umulhisi3.o)
                0x000000000001d30a                __umulhisi3
 .text.avr-libc.fplib
                0x000000000001d328        0xa /usr/lib/gcc/avr/5.4.0/../../../avr/lib/avr51/libm.a(addsf3.o)
                0x000000000001d328                __subsf3
                0x000000000001d32a                __addsf3
 .text.avr-libc.fplib
                0x000000000001d332       0xc0 /usr/lib/gcc/avr/5.4.0/../../../avr/lib/avr51/libm.a(addsf3x.o)
                0x000000000001d34c                __addsf3x
 .text.avr-libc.fplib
                0x000000000001d3f2        0x8 /usr/lib/gcc/avr/5.4.0/../../../avr/lib/avr51/libm.a(cmpsf2.o)
                0x000000000001d3f2                __lesf2
                0x000000000001d3f2                __nesf2
                0x000000000001d3f2                __eqsf2
                0x000000000001d3f2                __cmpsf2
                0x000000000001d3f2                __ltsf2
 .text.avr-libc.fplib
                0x000000000001d3fa        0x4 /usr/lib/gcc/avr/5.4.0/../../../avr/lib/avr51/libm.a(divsf3.o)
                0x000000000001d3fa                __divsf3
 .text.avr-libc.fplib
                0x000000000001d3fe       0xcc /usr/lib/gcc/avr/5.4.0/../../../avr/lib/avr51/libm.a(divsf3x.o)
                0x000000000001d414                __divsf3x
                0x000000000001d418                __divsf3_pse
 .text.avr-libc.fplib
                0x000000000001d4ca        0xa /usr/lib/gcc/avr/5.4.0/../../../avr/lib/avr51/libm.a(fixsfsi.o)
                0x000000000001d4ca                __fixsfsi
 .text.avr-libc.fplib
                0x000000000001d4d4       0x58 /usr/lib/gcc/avr/5.4.0/../../../avr/lib/avr51/libm.a(fixunssfsi.o)
                0x000000000001d4d4                __fixunssfsi
 .text.avr-libc.fplib
                0x000000000001d52c       0x7a /usr/lib/gcc/avr/5.4.0/../../../avr/lib/avr51/libm.a(floatsisf.o)
                0x000000000001d52c                __floatunsisf
                0x000000000001d530                __floatsisf
 .text.avr-libc.fplib
                0x000000000001d5a6       0x48 /usr/lib/gcc/avr/5.4.0/../../../avr/lib/avr51/libm.a(fp_cmp.o)
                0x000000000001d5a6                __fp_cmp
 .text.avr-libc.fplib
                0x000000000001d5ee        0xc /usr/lib/gcc/avr/5.4.0/../../../avr/lib/avr51/libm.a(fp_inf.o)
                0x000000000001d5ee                __fp_inf
 .text.avr-libc.fplib
                0x000000000001d5fa        0x6 /usr/lib/gcc/avr/5.4.0/../../../avr/lib/avr51/libm.a(fp_nan.o)
                0x000000000001d5fa                __fp_nan
 .text.avr-libc.fplib
                0x000000000001d600        0xe /usr/lib/gcc/avr/5.4.0/../../../avr/lib/avr51/libm.a(fp_pscA.o)
                0x000000000001d600                __fp_pscA
 .text.avr-libc.fplib
                0x000000000001d60e        0xe /usr/lib/gcc/avr/5.4.0/../../../avr/lib/avr51/libm.a(fp_pscB.o)
                0x000000000001d60e                __fp_pscB
 .text.avr-libc.fplib
                0x000000000001d61c       0x22 /usr/lib/gcc/avr/5.4.0/../../../avr/lib/avr51/libm.a(fp_round.o)
                0x000000000001d61c                __fp_round
 .text.avr-libc.fplib
                0x000000000001d63e       0x44 /usr/lib/gcc/avr/5.4.0/../../../avr/lib/avr51/libm.a(fp_split3.o)
                0x000000000001d63e                __fp_split3
                0x000000000001d64e                __fp_splitA
 .text.avr-libc.fplib
                0x000000000001d682        0xe /usr/lib/gcc/avr/5.4.0/../../../avr/lib/avr51/libm.a(fp_zero.o)
                0x000000000001d682                __fp_zero
                0x000000000001d684                __fp_szero
 .text.avr-libc.fplib
                0x000000000001d690        0x8 /usr/lib/gcc/avr/5.4.0/../../../avr/lib/avr51/libm.a(gesf2.o)
                0x000000000001d690                __gtsf2
                0x000000000001d690                __gesf2
 .text.avr-libc.fplib
                0x000000000001d698        0x4 /usr/lib/gcc/avr/5.4.0/../../../avr/lib/avr51/libm.a(mulsf3.o)
                0x000000000001d698                __mulsf3
 .text.avr-libc.fplib
                0x000000000001d69c       0xc2 /usr/lib/gcc/avr/5.4.0/../../../avr/lib/avr51/libm.a(mulsf3x.o)
                0x000000000001d6b0                __mulsf3x
                0x000000000001d6b4                __mulsf3_pse
 .text.avr-libc.fplib
                0x000000000001d75e       0x40 /usr/lib/gcc/avr/5.4.0/../../../avr/lib/avr51/libm.a(round.o)
                0x000000000001d75e                round
 .text.avr-libc.fplib
                0x000000000001d79e       0x36 /usr/lib/gcc/avr/5.4.0/../../../avr/lib/avr51/libm.a(fp_mintl.o)
                0x000000000001d79e                __fp_mintl
 .text.avr-libc.fplib
                0x000000000001d7d4       0x1c /usr/lib/gcc/avr/5.4.0/../../../avr/lib/avr51/libm.a(fp_mpack.o)
                0x000000000001d7d4                __fp_mpack
                0x000000000001d7d8                __fp_mpack_finite
 .text.avr-libc
                0x000000000001d7f0       0x34 /usr/lib/gcc/avr/5.4.0/../../../avr/lib/avr51/libc.a(calloc.o)
                0x000000000001d7f0                calloc
 .text.avr-libc
                0x000000000001d824      0x242 /usr/lib/gcc/avr/5.4.0/../../../avr/lib/avr51/libc.a(malloc.o)
                0x000000000001d824                malloc
                0x000000000001d954                free
 .text.avr-libc
                0x000000000001da66      0x1b0 /usr/lib/gcc/avr/5.4.0/../../../avr/lib/avr51/libc.a(ftoa_engine.o)
                0x000000000001da66                __ftoa_engine
 .text.avr-libc
                0x000000000001dc16       0x16 /usr/lib/gcc/avr/5.4.0/../../../avr/lib/avr51/libc.a(strnlen_P.o)
                0x000000000001dc16                strnlen_P
 .text.avr-libc
                0x000000000001dc2c        0xe /usr/lib/gcc/avr/5.4.0/../../../avr/lib/avr51/libc.a(memset.o)
                0x000000000001dc2c                memset
 .text.avr-libc
                0x000000000001dc3a       0x16 /usr/lib/gcc/avr/5.4.0/../../../avr/lib/avr51/libc.a(strnlen.o)
                0x000000000001dc3a                strnlen
 .text.avr-libc
                0x000000000001dc50       0xbc /usr/lib/gcc/avr/5.4.0/../../../avr/lib/avr51/libc.a(ultoa_invert.o)
                0x000000000001dc50                __ultoa_invert
                0x000000000001dd0c                . = ALIGN (0x2)
 *(.fini9)
 .fini9         0x000000000001dd0c        0x0 /usr/lib/gcc/avr/5.4.0/avr51/libgcc.a(_exit.o)
                0x000000000001dd0c                exit
                0x000000000001dd0c                _exit
 *(.fini9)
 *(.fini8)
 *(.fini8)
 *(.fini7)
 *(.fini7)
 *(.fini6)
 *(.fini6)
 *(.fini5)
 *(.fini5)
 *(.fini4)
 *(.fini4)
 *(.fini3)
 *(.fini3)
 *(.fini2)
 *(.fini2)
 *(.fini1)
 *(.fini1)
 *(.fini0)
 .fini0         0x000000000001dd0c        0x4 /usr/lib/gcc/avr/5.4.0/avr51/libgcc.a(_exit.o)
 *(.fini0)
                0x000000000001dd10                _etext = .

.data           0x0000000000800100     0x1618 load address 0x000000000001dd10
                0x0000000000800100                PROVIDE (__data_start, .)
 *(.data)
 .data          0x0000000000800100        0x5 hardware/hal.o
                0x0000000000800100                _spi_clock
                0x0000000000800104                _cs_pin
 .data          0x0000000000800105        0x2 hardware/LCD.o
 .data          0x0000000000800107       0x2a lib/time.o
                0x0000000000800107                __Month
                0x0000000000800121                __WDay
 .data          0x0000000000800131        0x1 fatfs.hal/mmc.o
                0x0000000000800131                Stat
 .data          0x0000000000800132       0x4a posix/posix.o
                0x0000000000800132                sys_errlist
 .data          0x000000000080017c        0x2 posix/posix_tests.o
 .data          0x000000000080017e       0x34 gpib/gpib.o
                0x000000000080017e                gpib_tokens
 .data          0x00000000008001b2        0xe gpib/gpib_task.o
                0x00000000008001b2                debuglevel
                0x00000000008001b4                cfgfile
 .data          0x00000000008001c0       0x8a gpib/ss80.o
                0x00000000008001c0                faults
                0x0000000000800234                TD
 .data          0x000000000080024a        0x6 /usr/lib/gcc/avr/5.4.0/../../../avr/lib/avr51/libc.a(malloc.o)
                0x000000000080024a                __malloc_heap_end
                0x000000000080024c                __malloc_heap_start
                0x000000000080024e                __malloc_margin
 *(.data*)
 *(.rodata)
 .rodata        0x0000000000800250       0x32 lib/time.o
 .rodata        0x0000000000800282       0xb9 fatfs/ff.o
 .rodata        0x000000000080033b      0x3ae fatfs/option/unicode.o
 .rodata        0x00000000008006e9        0x8 fatfs.sup/fatfs_sup.o
 .rodata        0x00000000008006f1       0x14 posix/posix.o
 *(.rodata*)
 .rodata.str1.1
                0x0000000000800705        0x9 lib/stringsup.o
 .rodata.str1.1
                0x000000000080070e       0x50 lib/time.o
 .rodata.str1.1
                0x000000000080075e       0x67 printf/printf.o
 .rodata.str1.1
                0x00000000008007c5       0x44 fatfs/ff.o
 .rodata.str1.1
                0x0000000000800809        0x2 fatfs.hal/mmc_hal.o
 .rodata.str1.1
                0x000000000080080b       0x28 fatfs.sup/fatfs_sup.o
 .rodata.str1.1
                0x0000000000800833       0x22 fatfs.sup/fatfs_tests.o
                                         0x2c (size before relaxing)
 .rodata.str1.1
                0x0000000000800855      0x2b0 posix/posix.o
                                        0x2bb (size before relaxing)
 .rodata.str1.1
                0x0000000000800b05       0x62 posix/posix_tests.o
                                         0x7a (size before relaxing)
 .rodata.str1.1
                0x0000000000800b67      0x1b2 gpib/gpib.o
                                        0x1ba (size before relaxing)
 .rodata.str1.1
                0x0000000000800d19        0xc gpib/gpib_task.o
                                         0x13 (size before relaxing)
 .rodata.str1.1
                0x0000000000800d25       0xa1 gpib/gpib_tests.o
                                         0xb2 (size before relaxing)
 .rodata.str1.1
                0x0000000000800dc6      0x517 gpib/ss80.o
 .rodata.str1.1
                0x00000000008012dd       0x5e gpib/amigo.o
                                         0x73 (size before relaxing)
 .rodata.str1.1
                0x000000000080133b       0x39 gpib/printer.o
                                         0x48 (size before relaxing)
 .rodata.str1.1
                0x0000000000801374      0x221 gpib/drives.o
                                        0x24a (size before relaxing)
 .rodata.str1.1
                0x0000000000801595       0xaa lif/lifutils.o
                                         0xcd (size before relaxing)
 .rodata.str1.1
                0x000000000080163f       0xd9 main.o
                                         0xe0 (size before relaxing)
 *(.gnu.linkonce.d*)
                0x0000000000801718                . = ALIGN (0x2)
                0x0000000000801718                _edata = .
                0x0000000000801718                PROVIDE (__data_end, .)

.bss            0x0000000000801718      0x7d3
                0x0000000000801718                PROVIDE (__bss_start, .)
 *(.bss)
 .bss           0x0000000000801718        0x6 hardware/spi.o
 .bss           0x000000000080171e       0x2c lib/timer.o
 .bss           0x000000000080174a       0x96 lib/time.o
 .bss           0x00000000008017e0        0x4 fatfs/ff.o
 .bss           0x00000000008017e4        0x3 fatfs.hal/mmc.o
 .bss           0x00000000008017e7        0xa fatfs.hal/mmc_hal.o
                0x00000000008017e7                _mmc_pre
                0x00000000008017e9                _mmc_clock
                0x00000000008017ed                _mmc_timeout
 .bss           0x00000000008017f1      0x12d posix/posix.o
 .bss           0x000000000080191e        0x1 gpib/gpib_hal.o
 .bss           0x000000000080191f        0x1 gpib/gpib.o
                0x000000000080191f                gpib_unread_f
 .bss           0x0000000000801920        0x2 gpib/gpib_task.o
                0x0000000000801920                gpib_log_fp
 .bss           0x0000000000801922       0x25 gpib/ss80.o
 .bss           0x0000000000801947        0xd gpib/printer.o
                0x0000000000801947                plot
 .bss           0x0000000000801954       0x18 gpib/drives.o
                0x0000000000801954                lines
                0x0000000000801956                AMIGOs
                0x0000000000801958                AMIGOp
                0x000000000080195a                SS80s
                0x000000000080195c                SS80p
                0x000000000080195e                PRINTERp
 .bss           0x000000000080196c       0x40 lif/lifutils.o
 *(.bss*)
 *(COMMON)
 COMMON         0x00000000008019ac        0x2 hardware/hal.o
                0x00000000008019ac                rtc_ok
 COMMON         0x00000000008019ae       0x57 hardware/rs232.o
                0x00000000008019ae                uarts
 COMMON         0x0000000000801a05       0x24 lib/timer.o
                0x0000000000801a05                __clock
                0x0000000000801a0d                timer_irq
                0x0000000000801a25                __tzone
 COMMON         0x0000000000801a29        0xc lib/time.o
                0x0000000000801a29                dst
 COMMON         0x0000000000801a35        0x6 printf/printf.o
                0x0000000000801a35                _pch
 COMMON         0x0000000000801a3b      0x23d fatfs.sup/fatfs_sup.o
                0x0000000000801a3b                Fatfs
                0x0000000000801c70                AccSize
                0x0000000000801c74                AccDirs
                0x0000000000801c76                AccFiles
 COMMON         0x0000000000801c78       0x22 posix/posix.o
                0x0000000000801c78                errno
                0x0000000000801c7a                __iob
 COMMON         0x0000000000801c9a        0x9 gpib/gpib_hal.o
                0x0000000000801c9a                gpib_timer
 COMMON         0x0000000000801ca3      0x20c gpib/gpib.o
                0x0000000000801ca3                lastcmd
                0x0000000000801ca5                gpib_iobuff
                0x0000000000801ea5                listening_last
                0x0000000000801ea6                spoll
                0x0000000000801ea7                current
                0x0000000000801ea9                talking
                0x0000000000801eaa                secondary
                0x0000000000801eab                listening
                0x0000000000801eac                talking_last
                0x0000000000801ead                gpib_unread_data
 COMMON         0x0000000000801eaf       0x38 gpib/drives.o
                0x0000000000801eaf                Devices