Archive member included to satisfy reference by file (symbol)

/usr/lib/gcc/avr/5.4.0/../../../avr/lib/avr51/libprintf_flt.a(vfprintf_flt.o)
                              (vfprintf)
/usr/lib/gcc/avr/5.4.0/avr51/libgcc.a(_mulsi3.o)
                              printf/mathio.o (__mulsi3)
/usr/lib/gcc/avr/5.4.0/avr51/libgcc.a(_udivmodqi4.o)
                              hardware/rtc.o (__udivmodqi4)
/usr/lib/gcc/avr/5.4.0/avr51/libgcc.a(_udivmodhi4.o)
                              fatfs/ff.o (__udivmodhi4)
/usr/lib/gcc/avr/5.4.0/avr51/libgcc.a(_divmodhi4.o)
                              lib/time.o (__divmodhi4)
/usr/lib/gcc/avr/5.4.0/avr51/libgcc.a(_udivmodsi4.o)
                              hardware/spi.o (__udivmodsi4)
/usr/lib/gcc/avr/5.4.0/avr51/libgcc.a(_divmodsi4.o)
                              lib/time.o (__divmodsi4)
/usr/lib/gcc/avr/5.4.0/avr51/libgcc.a(_negsi2.o)
                              /usr/lib/gcc/avr/5.4.0/avr51/libgcc.a(_divmodsi4.o) (__negsi2)
/usr/lib/gcc/avr/5.4.0/avr51/libgcc.a(_exit.o)
                              /usr/lib/gcc/avr/5.4.0/../../../avr/lib/avr51/crtatmega1284p.o (exit)
/usr/lib/gcc/avr/5.4.0/avr51/libgcc.a(_tablejump2.o)
                              printf/printf.o (__tablejump2__)
/usr/lib/gcc/avr/5.4.0/avr51/libgcc.a(_copy_data.o)
                              hardware/hal.o (__do_copy_data)
/usr/lib/gcc/avr/5.4.0/avr51/libgcc.a(_clear_bss.o)
                              hardware/hal.o (__do_clear_bss)
/usr/lib/gcc/avr/5.4.0/avr51/libgcc.a(_usmulhisi3.o)
                              lib/time.o (__usmulhisi3)
/usr/lib/gcc/avr/5.4.0/avr51/libgcc.a(_muluhisi3.o)
                              lib/timer_hal.o (__muluhisi3)
/usr/lib/gcc/avr/5.4.0/avr51/libgcc.a(_mulshisi3.o)
                              gpib/amigo.o (__mulshisi3)
/usr/lib/gcc/avr/5.4.0/avr51/libgcc.a(_muldi3.o)
                              printf/mathio.o (__muldi3)
/usr/lib/gcc/avr/5.4.0/avr51/libgcc.a(_muldi3_6.o)
                              /usr/lib/gcc/avr/5.4.0/avr51/libgcc.a(_muldi3.o) (__muldi3_6)
/usr/lib/gcc/avr/5.4.0/avr51/libgcc.a(_negdi2.o)
                              printf/printf.o (__negdi2)
/usr/lib/gcc/avr/5.4.0/avr51/libgcc.a(_prologue.o)
                              hardware/hal.o (__prologue_saves__)
/usr/lib/gcc/avr/5.4.0/avr51/libgcc.a(_epilogue.o)
                              hardware/hal.o (__epilogue_restores__)
/usr/lib/gcc/avr/5.4.0/avr51/libgcc.a(_xload_1.o)
                              printf/printf.o (__xload_1)
/usr/lib/gcc/avr/5.4.0/avr51/libgcc.a(_adddi3.o)
                              printf/mathio.o (__adddi3)
/usr/lib/gcc/avr/5.4.0/avr51/libgcc.a(_cmpdi2_s8.o)
                              printf/printf.o (__cmpdi2_s8)
/usr/lib/gcc/avr/5.4.0/avr51/libgcc.a(_umulhisi3.o)
                              /usr/lib/gcc/avr/5.4.0/avr51/libgcc.a(_usmulhisi3.o) (__umulhisi3)
/usr/lib/gcc/avr/5.4.0/../../../avr/lib/avr51/libm.a(addsf3.o)
                              hardware/rs232.o (__subsf3)
/usr/lib/gcc/avr/5.4.0/../../../avr/lib/avr51/libm.a(addsf3x.o)
                              /usr/lib/gcc/avr/5.4.0/../../../avr/lib/avr51/libm.a(addsf3.o) (__addsf3x)
/usr/lib/gcc/avr/5.4.0/../../../avr/lib/avr51/libm.a(cmpsf2.o)
                              printf/mathio.o (__eqsf2)
/usr/lib/gcc/avr/5.4.0/../../../avr/lib/avr51/libm.a(divsf3.o)
                              hardware/rs232.o (__divsf3)
/usr/lib/gcc/avr/5.4.0/../../../avr/lib/avr51/libm.a(divsf3x.o)
                              /usr/lib/gcc/avr/5.4.0/../../../avr/lib/avr51/libm.a(divsf3.o) (__divsf3x)
/usr/lib/gcc/avr/5.4.0/../../../avr/lib/avr51/libm.a(fixsfsi.o)
                              printf/printf.o (__fixsfsi)
/usr/lib/gcc/avr/5.4.0/../../../avr/lib/avr51/libm.a(fixunssfsi.o)
                              hardware/rs232.o (__fixunssfsi)
/usr/lib/gcc/avr/5.4.0/../../../avr/lib/avr51/libm.a(floatsisf.o)
                              hardware/rs232.o (__floatunsisf)
/usr/lib/gcc/avr/5.4.0/../../../avr/lib/avr51/libm.a(fp_cmp.o)
                              /usr/lib/gcc/avr/5.4.0/../../../avr/lib/avr51/libm.a(cmpsf2.o) (__fp_cmp)
/usr/lib/gcc/avr/5.4.0/../../../avr/lib/avr51/libm.a(fp_inf.o)
                              /usr/lib/gcc/avr/5.4.0/../../../avr/lib/avr51/libm.a(addsf3x.o) (__fp_inf)
/usr/lib/gcc/avr/5.4.0/../../../avr/lib/avr51/libm.a(fp_nan.o)
                              /usr/lib/gcc/avr/5.4.0/../../../avr/lib/avr51/libm.a(addsf3x.o) (__fp_nan)
/usr/lib/gcc/avr/5.4.0/../../../avr/lib/avr51/libm.a(fp_pscA.o)
                              /usr/lib/gcc/avr/5.4.0/../../../avr/lib/avr51/libm.a(addsf3x.o) (__fp_pscA)
/usr/lib/gcc/avr/5.4.0/../../../avr/lib/avr51/libm.a(fp_pscB.o)
                              /usr/lib/gcc/avr/5.4.0/../../../avr/lib/avr51/libm.a(addsf3x.o) (__fp_pscB)
/usr/lib/gcc/avr/5.4.0/../../../avr/lib/avr51/libm.a(fp_round.o)
                              /usr/lib/gcc/avr/5.4.0/../../../avr/lib/avr51/libm.a(addsf3.o) (__fp_round)
[...]
Memory Configuration

Name             Origin             Length             Attributes
text             0x0000000000000000 0x0000000000020000 xr
data             0x0000000000800100 0x000000000000ff00 rw !x
eeprom           0x0000000000810000 0x0000000000010000 rw !x
fuse             0x0000000000820000 0x0000000000000003 rw !x
lock             0x0000000000830000 0x0000000000000400 rw !x
signature        0x0000000000840000 0x0000000000000400 rw !x
user_signatures  0x0000000000850000 0x0000000000000400 rw !x
*default*        0x0000000000000000 0xffffffffffffffff

Linker script and memory map

Address of section .data set to 0x800100
LOAD /usr/lib/gcc/avr/5.4.0/../../../avr/lib/avr51/crtatmega1284p.o
LOAD /usr/lib/gcc/avr/5.4.0/../../../avr/lib/avr51/libprintf_flt.a
LOAD /usr/lib/gcc/avr/5.4.0/../../../avr/lib/avr51/libm.a
LOAD hardware/hal.o
LOAD hardware/ram.o
LOAD hardware/delay.o
LOAD hardware/rs232.o
LOAD hardware/spi.o
LOAD hardware/TWI_AVR8.o
LOAD hardware/i2c.o
LOAD hardware/rtc.o
LOAD hardware/LCD.o
LOAD display/lcd_printf.o
LOAD lib/stringsup.o
LOAD lib/parsing.o
LOAD lib/timer_hal.o
LOAD lib/timer.o
LOAD lib/time.o
LOAD lib/queue.o
LOAD printf/printf.o
LOAD printf/mathio.o
LOAD fatfs/ff.o
LOAD fatfs/ffsystem.o
LOAD fatfs/ffunicode.o
LOAD fatfs.hal/diskio.o
LOAD fatfs.hal/mmc.o
LOAD fatfs.hal/mmc_hal.o
LOAD fatfs.sup/fatfs_sup.o
LOAD fatfs.sup/fatfs_tests.o
LOAD posix/posix.o
LOAD posix/posix_tests.o
LOAD gpib/gpib_hal.o
LOAD gpib/gpib.o
LOAD gpib/gpib_task.o
LOAD gpib/gpib_tests.o
LOAD gpib/drives.o
LOAD gpib/drives_sup.o
LOAD gpib/ss80.o
LOAD gpib/amigo.o
LOAD gpib/printer.o
LOAD gpib/vector.o
LOAD gpib/controller.o
LOAD lif/lifsup.o
LOAD lif/lifutils.o
LOAD main.o
START GROUP
LOAD /usr/lib/gcc/avr/5.4.0/avr51/libgcc.a
LOAD /usr/lib/gcc/avr/5.4.0/../../../avr/lib/avr51/libm.a
LOAD /usr/lib/gcc/avr/5.4.0/../../../avr/lib/avr51/libc.a
END GROUP
                0x0000000000020000                __TEXT_REGION_LENGTH__ = DEFINED (__TEXT_REGION_LENGTH__)?__TEXT_REGION_LENGTH__:0x20000
                0x000000000000ff00                __DATA_REGION_LENGTH__ = DEFINED (__DATA_REGION_LENGTH__)?__DATA_REGION_LENGTH__:0xff00
                0x0000000000010000                __EEPROM_REGION_LENGTH__ = DEFINED (__EEPROM_REGION_LENGTH__)?__EEPROM_REGION_LENGTH__:0x10000
                [0x0000000000000003]                __FUSE_REGION_LENGTH__ = DEFINED (__FUSE_REGION_LENGTH__)?__FUSE_REGION_LENGTH__:0x400
                0x0000000000000400                __LOCK_REGION_LENGTH__ = DEFINED (__LOCK_REGION_LENGTH__)?__LOCK_REGION_LENGTH__:0x400
                0x0000000000000400                __SIGNATURE_REGION_LENGTH__ = DEFINED (__SIGNATURE_REGION_LENGTH__)?__SIGNATURE_REGION_LENGTH__:0x400
                0x0000000000000400                __USER_SIGNATURE_REGION_LENGTH__ = DEFINED (__USER_SIGNATURE_REGION_LENGTH__)?__USER_SIGNATURE_REGION_LENGTH__:0x400

.hash
 *(.hash)

.dynsym
 *(.dynsym)

.dynstr
 *(.dynstr)

.gnu.version
 *(.gnu.version)

.gnu.version_d
 *(.gnu.version_d)

.gnu.version_r
 *(.gnu.version_r)

.rel.init
 *(.rel.init)

.rela.init
 *(.rela.init)

.rel.text
 *(.rel.text)
 *(.rel.text.*)
 *(.rel.gnu.linkonce.t*)

.rela.text
 *(.rela.text)
 *(.rela.text.*)
 *(.rela.gnu.linkonce.t*)

.rel.fini
 *(.rel.fini)

.rela.fini
 *(.rela.fini)

.rel.rodata
 *(.rel.rodata)
 *(.rel.rodata.*)
 *(.rel.gnu.linkonce.r*)

.rela.rodata
 *(.rela.rodata)
 *(.rela.rodata.*)
 *(.rela.gnu.linkonce.r*)

.rel.data
 *(.rel.data)
 *(.rel.data.*)
 *(.rel.gnu.linkonce.d*)

.rela.data
 *(.rela.data)
 *(.rela.data.*)
 *(.rela.gnu.linkonce.d*)

.rel.ctors
 *(.rel.ctors)

.rela.ctors
 *(.rela.ctors)

.rel.dtors
 *(.rel.dtors)

.rela.dtors
 *(.rela.dtors)

.rel.got
 *(.rel.got)

.rela.got
 *(.rela.got)

.rel.bss
 *(.rel.bss)

.rela.bss
 *(.rela.bss)

.rel.plt
 *(.rel.plt)

.rela.plt
 *(.rela.plt)

.text           0x0000000000000000    0x1ca5e
 *(.vectors)
 .vectors       0x0000000000000000       0x8c /usr/lib/gcc/avr/5.4.0/../../../avr/lib/avr51/crtatmega1284p.o
                0x0000000000000000                __vectors
                0x0000000000000000                __vector_default
 *(.vectors)
 *(.progmem.gcc*)
 .progmem.gcc_sw_table._printf_fn
                0x000000000000008c       0xdc printf/printf.o
 .progmem.gcc_sw_table.ff_wtoupper
                0x0000000000000168       0x12 fatfs/ffunicode.o
 .progmem.gcc_sw_table.gpib_write_byte
                0x000000000000017a       0x14 gpib/gpib.o
 .progmem.gcc_sw_table.gpib_read_byte
                0x000000000000018e       0x12 gpib/gpib.o
 .progmem.gcc_sw_table.Read_Config
                0x00000000000001a0       0x20 gpib/drives.o
 .progmem.gcc_sw_table.Amigo_Execute
                0x00000000000001c0       0x16 gpib/amigo.o
                0x00000000000001d6                . = ALIGN (0x2)
                0x00000000000001d6                __trampolines_start = .
 *(.trampolines)
 .trampolines   0x00000000000001d6        0x0 linker stubs
 *(.trampolines*)
                0x00000000000001d6                __trampolines_end = .
 *libprintf_flt.a:*(.progmem.data)
 .progmem.data  0x00000000000001d6        0x8 /usr/lib/gcc/avr/5.4.0/../../../avr/lib/avr51/libprintf_flt.a(vfprintf_flt.o)
 *libc.a:*(.progmem.data)
 .progmem.data  0x00000000000001de       0xfa /usr/lib/gcc/avr/5.4.0/../../../avr/lib/avr51/libc.a(ftoa_engine.o)
 *(.progmem*)
 .progmem.data.__c.3741
                0x00000000000002d8       0x1e hardware/hal.o
 .progmem.data.__c.3736
                0x00000000000002f6       0x1d hardware/hal.o
 .progmem.data.__c.3767
                0x0000000000000313       0x25 hardware/ram.o
 .progmem.data.__c.3758
                0x0000000000000338       0x18 hardware/ram.o
 .progmem.data.__c.3752
                0x0000000000000350       0x1b hardware/ram.o
 .progmem.data.__c.3737
                0x000000000000036b       0x14 hardware/ram.o
 .progmem.data.__c.3735
                0x000000000000037f       0x1e hardware/ram.o
 .progmem.data.__c.3733
                0x000000000000039d       0x1e hardware/ram.o
 .progmem.data.__c.3731
                0x00000000000003bb       0x1e hardware/ram.o
 .progmem.data.__c.3729
                0x00000000000003d9       0x1e hardware/ram.o
 .progmem.data.__c.3727
                0x00000000000003f7       0x13 hardware/ram.o
 .progmem.data.__c.3725
                0x000000000000040a       0x13 hardware/ram.o
 .progmem.data.__c.3723
                0x000000000000041d        0xd hardware/ram.o
 .progmem.data.__c.3721
                0x000000000000042a       0x1d hardware/spi.o
 .progmem.data.__c.3745
                0x0000000000000447       0x10 hardware/rtc.o
 .progmem.data.__c.3738
                0x0000000000000457       0x11 hardware/rtc.o
 .progmem.data.__c.3731
                0x0000000000000468       0x1e hardware/rtc.o
 .progmem.data.__c.3723
                0x0000000000000486       0x1e hardware/rtc.o
 .progmem.data.__c.3721
                0x00000000000004a4       0x1b hardware/rtc.o
 .progmem.data.__c.3748
                0x00000000000004bf       0x26 lib/parsing.o
 .progmem.data.__c.3705
                0x00000000000004e5       0x20 lib/parsing.o
 .progmem.data.__c.3784
                0x0000000000000505       0x10 lib/timer.o
 .progmem.data.__c.3782
                0x0000000000000515       0x11 lib/timer.o
 .progmem.data.__c.3780
                0x0000000000000526       0x18 lib/timer.o
 .progmem.data.__c.3778
                0x000000000000053e        0xc lib/timer.o
 .progmem.data.__c.3776
                0x000000000000054a       0x13 lib/timer.o
 .progmem.data.__c.3774
                0x000000000000055d       0x14 lib/timer.o
 .progmem.data.__c.3754
                0x0000000000000571        0xb lib/timer.o
 .progmem.data.__c.3752
                0x000000000000057c        0xe lib/timer.o
 .progmem.data.__c.3738
                0x000000000000058a        0xa lib/timer.o
 .progmem.data.__c.3718
                0x0000000000000594       0x1d lib/timer.o
 .progmem.data.__c.3993
                0x00000000000005b1       0x11 lib/time.o
 .progmem.data.__c.3991
                0x00000000000005c2       0x12 lib/time.o
 .progmem.data.__c.3989
                0x00000000000005d4       0x11 lib/time.o
 .progmem.data.__c.3987
                0x00000000000005e5       0x11 lib/time.o
 .progmem.data.__c.3985
                0x00000000000005f6       0x12 lib/time.o
 .progmem.data.__c.3978
                0x0000000000000608       0x24 lib/time.o
 .progmem.data.__c.3976
                0x000000000000062c       0x1a lib/time.o
 .progmem.data.__c.3974
                0x0000000000000646       0x17 lib/time.o
 .progmem.data.__c.3972
                0x000000000000065d       0x15 lib/time.o
 .progmem.data.__c.3970
                0x0000000000000672       0x12 lib/time.o
 .progmem.data.__c.3924
                0x0000000000000684       0x17 lib/time.o
 .progmem.data.__c.3922
                0x000000000000069b       0x11 lib/time.o
 .progmem.data.__c.3920
                0x00000000000006ac       0x12 lib/time.o
 .progmem.data.__c.3918
                0x00000000000006be       0x11 lib/time.o
 .progmem.data.__c.3916
                0x00000000000006cf       0x11 lib/time.o
 .progmem.data.__c.3914
                0x00000000000006e0       0x12 lib/time.o
 .progmem.data.__c.3893
                0x00000000000006f2       0x21 lib/time.o
 .progmem.data.__c.3768
                0x0000000000000713       0x1d lib/time.o
 .progmem.data.__c.3736
                0x0000000000000730       0x10 fatfs.hal/mmc.o
 .progmem.data.__c.3765
                0x0000000000000740        0xe fatfs.hal/mmc_hal.o
 .progmem.data.__c.3763
                0x000000000000074e       0x15 fatfs.hal/mmc_hal.o
 .progmem.data.__c.3761
                0x0000000000000763       0x1e fatfs.hal/mmc_hal.o
 .progmem.data.__c.3758
                0x0000000000000781       0x11 fatfs.hal/mmc_hal.o
 .progmem.data.__c.3756
                0x0000000000000792        0xc fatfs.hal/mmc_hal.o
 .progmem.data.__c.3754
                0x000000000000079e       0x10 fatfs.hal/mmc_hal.o
 .progmem.data.__c.3741
                0x00000000000007ae        0xd fatfs.hal/mmc_hal.o
 .progmem.data.__c.3713
                0x00000000000007bb       0x1c fatfs.hal/mmc_hal.o
 .progmem.data.__c.3785
                0x00000000000007d7        0x2 fatfs.sup/fatfs_sup.o
 .progmem.data.__c.3783
                0x00000000000007d9       0x22 fatfs.sup/fatfs_sup.o
 .progmem.data.__c.3781
                0x00000000000007fb       0x1b fatfs.sup/fatfs_sup.o
 .progmem.data.__c.3775
                0x0000000000000816       0x4d fatfs.sup/fatfs_sup.o
 .progmem.data.__c.3773
                0x0000000000000863       0x25 fatfs.sup/fatfs_sup.o
 .progmem.data.__c.3771
                0x0000000000000888       0x1e fatfs.sup/fatfs_sup.o
 .progmem.data.__c.3769
                0x00000000000008a6       0x1f fatfs.sup/fatfs_sup.o
 .progmem.data.__c.3767
                0x00000000000008c5       0x1f fatfs.sup/fatfs_sup.o
 .progmem.data.__c.3765
                0x00000000000008e4       0x1f fatfs.sup/fatfs_sup.o
 .progmem.data.__c.3763
                0x0000000000000903       0x1f fatfs.sup/fatfs_sup.o
 .progmem.data.__c.3761
                0x0000000000000922       0x1f fatfs.sup/fatfs_sup.o
 .progmem.data.__c.3759
                0x0000000000000941       0x1e fatfs.sup/fatfs_sup.o
 .progmem.data.__c.3757
                0x000000000000095f       0x1e fatfs.sup/fatfs_sup.o
 .progmem.data.__c.3755
                0x000000000000097d       0x1f fatfs.sup/fatfs_sup.o
 .progmem.data.__c.3753
                0x000000000000099c       0x1e fatfs.sup/fatfs_sup.o
 .progmem.data.__c.3751
                0x00000000000009ba       0x11 fatfs.sup/fatfs_sup.o
 .progmem.data.__c.3715
                0x00000000000009cb        0x7 fatfs.sup/fatfs_sup.o
 .progmem.data.__c.3753
                0x00000000000009d2       0x15 fatfs.sup/fatfs_tests.o
 .progmem.data.__c.3751
                0x00000000000009e7       0x29 fatfs.sup/fatfs_tests.o
 .progmem.data.__c.3747
                0x0000000000000a10        0xe fatfs.sup/fatfs_tests.o
 .progmem.data.__c.3734
                0x0000000000000a1e       0x20 fatfs.sup/fatfs_tests.o
 .progmem.data.__c.3732
                0x0000000000000a3e        0xe fatfs.sup/fatfs_tests.o
 .progmem.data.__c.3730
                0x0000000000000a4c       0x14 fatfs.sup/fatfs_tests.o
 .progmem.data.__c.3728
                0x0000000000000a60       0x10 fatfs.sup/fatfs_tests.o
 .progmem.data.__c.3726
                0x0000000000000a70       0x20 fatfs.sup/fatfs_tests.o
 .progmem.data.__c.3718
                0x0000000000000a90       0x10 fatfs.sup/fatfs_tests.o
 .progmem.data.__c.3708
                0x0000000000000aa0       0x7c fatfs.sup/fatfs_tests.o
 .progmem.data.__c.3706
                0x0000000000000b1c        0xc fatfs.sup/fatfs_tests.o
 .progmem.data.__c.4038
                0x0000000000000b28        0x4 posix/posix.o
 .progmem.data.__c.4036
                0x0000000000000b2c        0x8 posix/posix.o
 .progmem.data.__c.3791
                0x0000000000000b34        0xc posix/posix.o
 .progmem.data.__c.3720
                0x0000000000000b40       0x18 posix/posix.o
 .progmem.data.__c.3713
                0x0000000000000b58       0x18 posix/posix.o
 .progmem.data.__c.3877
                0x0000000000000b70        0xb posix/posix_tests.o
 .progmem.data.__c.3873
                0x0000000000000b7b       0x23 posix/posix_tests.o
 .progmem.data.__c.3870
                0x0000000000000b9e       0x10 posix/posix_tests.o
 .progmem.data.__c.3865
                0x0000000000000bae       0x16 posix/posix_tests.o
 .progmem.data.__c.3863
                0x0000000000000bc4        0xe posix/posix_tests.o
 .progmem.data.__c.3861
                0x0000000000000bd2       0x21 posix/posix_tests.o
 .progmem.data.__c.3848
                0x0000000000000bf3       0x1a posix/posix_tests.o
 .progmem.data.__c.3843
                0x0000000000000c0d        0x4 posix/posix_tests.o
 .progmem.data.__c.3841
                0x0000000000000c11       0x12 posix/posix_tests.o
 .progmem.data.__c.3829
                0x0000000000000c23        0x2 posix/posix_tests.o
 .progmem.data.__c.3827
                0x0000000000000c25        0x7 posix/posix_tests.o
 .progmem.data.__c.3817
                0x0000000000000c2c       0x13 posix/posix_tests.o
 .progmem.data.__c.3813
                0x0000000000000c3f        0xf posix/posix_tests.o
 .progmem.data.__c.3810
                0x0000000000000c4e        0xd posix/posix_tests.o
 .progmem.data.__c.3808
                0x0000000000000c5b        0xd posix/posix_tests.o
 .progmem.data.__c.3806
                0x0000000000000c68       0x10 posix/posix_tests.o
 .progmem.data.__c.3804
                0x0000000000000c78        0xd posix/posix_tests.o
 .progmem.data.__c.3802
                0x0000000000000c85       0x10 posix/posix_tests.o
 .progmem.data.__c.3800
                0x0000000000000c95        0xc posix/posix_tests.o
 .progmem.data.__c.3789
                0x0000000000000ca1        0xb posix/posix_tests.o
 .progmem.data.__c.3787
                0x0000000000000cac        0x2 posix/posix_tests.o
 .progmem.data.__c.3782
                0x0000000000000cae       0x10 posix/posix_tests.o
 .progmem.data.__c.3772
                0x0000000000000cbe       0x11 posix/posix_tests.o
 .progmem.data.__c.3770
                0x0000000000000ccf        0xe posix/posix_tests.o
 .progmem.data.__c.3768
                0x0000000000000cdd       0x11 posix/posix_tests.o
 .progmem.data.__c.3766
                0x0000000000000cee        0x4 posix/posix_tests.o
 .progmem.data.__c.3763
                0x0000000000000cf2       0x11 posix/posix_tests.o
 .progmem.data.__c.3755
                0x0000000000000d03       0x11 posix/posix_tests.o
 .progmem.data.__c.3739
                0x0000000000000d14       0xc6 posix/posix_tests.o
 .progmem.data.__c.3737
                0x0000000000000dda        0xc posix/posix_tests.o
 .progmem.data.__c.3929
                0x0000000000000de6        0xe gpib/gpib_hal.o
 .progmem.data.__c.3923
                0x0000000000000df4        0xd gpib/gpib_hal.o
 .progmem.data.__c.3916
                0x0000000000000e01        0xe gpib/gpib_hal.o
 .progmem.data.__c.3907
                0x0000000000000e0f        0xd gpib/gpib_hal.o
 .progmem.data.__c.3898
                0x0000000000000e1c       0x11 gpib/gpib_hal.o
 .progmem.data.__c.3884
                0x0000000000000e2d       0x13 gpib/gpib_hal.o
 .progmem.data.__c.3866
                0x0000000000000e40       0x1d gpib/gpib_hal.o
 .progmem.data.__c.4507
                0x0000000000000e5d       0x28 gpib/gpib.o
 .progmem.data.__c.4502
                0x0000000000000e85       0x1a gpib/gpib.o
 .progmem.data.__c.4492
                0x0000000000000e9f       0x27 gpib/gpib.o
 .progmem.data.__c.4488
                0x0000000000000ec6       0x2d gpib/gpib.o
 .progmem.data.__c.4485
                0x0000000000000ef3       0x19 gpib/gpib.o
 .progmem.data.__c.4469
                0x0000000000000f0c        0xb gpib/gpib.o
 .progmem.data.__c.4467
                0x0000000000000f17        0xb gpib/gpib.o
 .progmem.data.__c.4465
                0x0000000000000f22        0xb gpib/gpib.o
 .progmem.data.__c.4461
                0x0000000000000f2d        0x6 gpib/gpib.o
 .progmem.data.__c.4459
                0x0000000000000f33        0x9 gpib/gpib.o
 .progmem.data.__c.4417
                0x0000000000000f3c       0x13 gpib/gpib.o
 .progmem.data.__c.4413
                0x0000000000000f4f       0x1a gpib/gpib.o
 .progmem.data.__c.4409
                0x0000000000000f69       0x1b gpib/gpib.o
 .progmem.data.__c.4406
                0x0000000000000f84       0x1b gpib/gpib.o
 .progmem.data.__c.4401
                0x0000000000000f9f       0x28 gpib/gpib.o
 .progmem.data.__c.4397
                0x0000000000000fc7       0x1a gpib/gpib.o
 .progmem.data.__c.4380
                0x0000000000000fe1       0x2e gpib/gpib.o
 .progmem.data.__c.4368
                0x000000000000100f        0xc gpib/gpib.o
 .progmem.data.__c.4354
                0x000000000000101b       0x1b gpib/gpib.o
 .progmem.data.__c.4352
                0x0000000000001036       0x27 gpib/gpib.o
 .progmem.data.__c.4347
                0x000000000000105d       0x1b gpib/gpib.o
 .progmem.data.__c.4345
                0x0000000000001078       0x26 gpib/gpib.o
 .progmem.data.__c.4340
                0x000000000000109e       0x13 gpib/gpib.o
 .progmem.data.__c.4335
                0x00000000000010b1       0x11 gpib/gpib.o
 .progmem.data.__c.4511
                0x00000000000010c2       0x11 gpib/gpib_task.o
 .progmem.data.__c.4506
                0x00000000000010d3       0x26 gpib/gpib_task.o
 .progmem.data.__c.4504
                0x00000000000010f9       0x12 gpib/gpib_task.o
 .progmem.data.__c.4502
                0x000000000000110b       0x11 gpib/gpib_task.o
 .progmem.data.__c.4497
                0x000000000000111c        0xc gpib/gpib_task.o
 .progmem.data.__c.4495
                0x0000000000001128       0x10 gpib/gpib_task.o
 .progmem.data.__c.4493
                0x0000000000001138       0x14 gpib/gpib_task.o
 .progmem.data.__c.4491
                0x000000000000114c       0x12 gpib/gpib_task.o
 .progmem.data.__c.4489
                0x000000000000115e       0x11 gpib/gpib_task.o
 .progmem.data.__c.4487
                0x000000000000116f        0x7 gpib/gpib_task.o
 .progmem.data.__c.4482
                0x0000000000001176        0xc gpib/gpib_task.o
 .progmem.data.__c.4480
                0x0000000000001182       0x14 gpib/gpib_task.o
 .progmem.data.__c.4478
                0x0000000000001196       0x11 gpib/gpib_task.o
 .progmem.data.__c.4476
                0x00000000000011a7       0x12 gpib/gpib_task.o
 .progmem.data.__c.4474
                0x00000000000011b9        0x2 gpib/gpib_task.o
 .progmem.data.__c.4472
                0x00000000000011bb        0x7 gpib/gpib_task.o
 .progmem.data.__c.4467
                0x00000000000011c2       0x21 gpib/gpib_task.o
 .progmem.data.__c.4465
                0x00000000000011e3        0x7 gpib/gpib_task.o
 .progmem.data.__c.4463
                0x00000000000011ea        0xd gpib/gpib_task.o
 .progmem.data.__c.4461
                0x00000000000011f7        0xc gpib/gpib_task.o
 .progmem.data.__c.4459
                0x0000000000001203        0x7 gpib/gpib_task.o
 .progmem.data.__c.4457
                0x000000000000120a        0x7 gpib/gpib_task.o
 .progmem.data.__c.4455
                0x0000000000001211        0x7 gpib/gpib_task.o
 .progmem.data.__c.4453
                0x0000000000001218       0x18 gpib/gpib_task.o
 .progmem.data.__c.4451
                0x0000000000001230       0x18 gpib/gpib_task.o
 .progmem.data.__c.4446
                0x0000000000001248       0x1a gpib/gpib_task.o
 .progmem.data.__c.4444
                0x0000000000001262       0x21 gpib/gpib_task.o
 .progmem.data.__c.4417
                0x0000000000001283       0x11 gpib/gpib_task.o
 .progmem.data.__c.4415
                0x0000000000001294        0xd gpib/gpib_task.o
 .progmem.data.__c.4413
                0x00000000000012a1        0x7 gpib/gpib_task.o
 .progmem.data.__c.4411
                0x00000000000012a8        0xb gpib/gpib_task.o
 .progmem.data.__c.4409
                0x00000000000012b3        0x7 gpib/gpib_task.o
 .progmem.data.__c.4404
                0x00000000000012ba       0x12 gpib/gpib_task.o
 .progmem.data.__c.4402
                0x00000000000012cc        0x6 gpib/gpib_task.o
 .progmem.data.__c.4398
                0x00000000000012d2        0xc gpib/gpib_task.o
 .progmem.data.__c.4396
                0x00000000000012de       0x17 gpib/gpib_task.o
 .progmem.data.__c.4394
                0x00000000000012f5       0x2b gpib/gpib_task.o
 .progmem.data.__c.4392
                0x0000000000001320       0x1a gpib/gpib_task.o
 .progmem.data.__c.4346
                0x000000000000133a       0x19 gpib/gpib_task.o
 .progmem.data.__c.4344
                0x0000000000001353       0x11 gpib/gpib_task.o
 .progmem.data.__c.4342
                0x0000000000001364       0x12 gpib/gpib_task.o
 .progmem.data.__c.4537
                0x0000000000001376        0xd gpib/gpib_tests.o
 .progmem.data.__c.4529
                0x0000000000001383      0x1c9 gpib/gpib_tests.o
 .progmem.data.__c.4527
                0x000000000000154c        0xb gpib/gpib_tests.o
 .progmem.data.__c.4917
                0x0000000000001557        0x8 gpib/drives.o
 .progmem.data.__c.4915
                0x000000000000155f       0x1a gpib/drives.o
 .progmem.data.__c.4913
                0x0000000000001579       0x22 gpib/drives.o
 .progmem.data.__c.4911
                0x000000000000159b        0x8 gpib/drives.o
 .progmem.data.__c.4909
                0x00000000000015a3       0x1a gpib/drives.o
 .progmem.data.__c.4907
                0x00000000000015bd       0x22 gpib/drives.o
 .progmem.data.__c.4890
                0x00000000000015df       0x37 gpib/drives.o
 .progmem.data.__c.4888
                0x0000000000001616       0x36 gpib/drives.o
 .progmem.data.__c.4875
                0x000000000000164c       0x1f gpib/drives.o
 .progmem.data.__c.4839
                0x000000000000166b       0x22 gpib/drives.o
 .progmem.data.__c.4831
                0x000000000000168d       0x24 gpib/drives.o
 .progmem.data.__c.4818
                0x00000000000016b1       0x2b gpib/drives.o
 .progmem.data.__c.4816
                0x00000000000016dc       0x38 gpib/drives.o
 .progmem.data.__c.4814
                0x0000000000001714       0x35 gpib/drives.o
 .progmem.data.__c.4812
                0x0000000000001749       0x35 gpib/drives.o
 .progmem.data.__c.4810
                0x000000000000177e       0x39 gpib/drives.o
 .progmem.data.__c.4808
                0x00000000000017b7       0x25 gpib/drives.o
 .progmem.data.__c.4769
                0x00000000000017dc        0x2 gpib/drives.o
 .progmem.data.__c.4764
                0x00000000000017de        0x2 gpib/drives.o
 .progmem.data.__c.4762
                0x00000000000017e0       0x14 gpib/drives.o
 .progmem.data.__c.4760
                0x00000000000017f4       0x1f gpib/drives.o
 .progmem.data.__c.4758
                0x0000000000001813        0xa gpib/drives.o
 .progmem.data.__c.4756
                0x000000000000181d       0x14 gpib/drives.o
 .progmem.data.__c.4754
                0x0000000000001831       0x1f gpib/drives.o
 .progmem.data.__c.4752
                0x0000000000001850        0x9 gpib/drives.o
 .progmem.data.__c.4749
                0x0000000000001859       0x20 gpib/drives.o
 .progmem.data.__c.4740
                0x0000000000001879        0x2 gpib/drives.o
 .progmem.data.__c.4735
                0x000000000000187b        0x2 gpib/drives.o
 .progmem.data.__c.4733
                0x000000000000187d        0x9 gpib/drives.o
 .progmem.data.__c.4731
                0x0000000000001886        0xa gpib/drives.o
 .progmem.data.__c.4729
                0x0000000000001890        0x9 gpib/drives.o
 .progmem.data.__c.4726
                0x0000000000001899       0x12 gpib/drives.o
 .progmem.data.__c.4720
                0x00000000000018ab       0x27 gpib/drives.o
 .progmem.data.__c.4718
                0x00000000000018d2       0x1d gpib/drives.o
 .progmem.data.__c.4716
                0x00000000000018ef       0x22 gpib/drives.o
 .progmem.data.__c.4712
                0x0000000000001911       0x22 gpib/drives.o
 .progmem.data.__c.4709
                0x0000000000001933       0x30 gpib/drives.o
 .progmem.data.__c.4700
                0x0000000000001963       0x2f gpib/drives.o
 .progmem.data.__c.4697
                0x0000000000001992       0x30 gpib/drives.o
 .progmem.data.__c.4688
                0x00000000000019c2       0x2e gpib/drives.o
 .progmem.data.__c.4680
                0x00000000000019f0       0x2e gpib/drives.o
 .progmem.data.__c.4670
                0x0000000000001a1e       0x2c gpib/drives.o
 .progmem.data.__c.4653
                0x0000000000001a4a       0x32 gpib/drives.o
 .progmem.data.__c.4645
                0x0000000000001a7c       0x2e gpib/drives.o
 .progmem.data.__c.4642
                0x0000000000001aaa       0x2e gpib/drives.o
 .progmem.data.__c.4634
                0x0000000000001ad8       0x2d gpib/drives.o
 .progmem.data.__c.4624
                0x0000000000001b05       0x31 gpib/drives.o
 .progmem.data.__c.4621
                0x0000000000001b36       0x2a gpib/drives.o
 .progmem.data.__c.4617
                0x0000000000001b60       0x22 gpib/drives.o
 .progmem.data.__c.4606
                0x0000000000001b82       0x22 gpib/drives.o
 .progmem.data.__c.4603
                0x0000000000001ba4       0x1e gpib/drives.o
 .progmem.data.__c.4601
                0x0000000000001bc2        0xd gpib/drives.o
 .progmem.data.__c.4582
                0x0000000000001bcf        0x4 gpib/drives.o
 .progmem.data.__c.4572
                0x0000000000001bd3        0xc gpib/drives.o
 .progmem.data.__c.4561
                0x0000000000001bdf       0x15 gpib/drives.o
 .progmem.data.__c.3762
                0x0000000000001bf4       0x11 gpib/drives_sup.o
 .progmem.data.__c.3760
                0x0000000000001c05        0x7 gpib/drives_sup.o
 .progmem.data.__c.3756
                0x0000000000001c0c       0x1d gpib/drives_sup.o
 .progmem.data.__c.4654
                0x0000000000001c29       0x34 gpib/ss80.o
 .progmem.data.__c.4652
                0x0000000000001c5d       0x34 gpib/ss80.o
 .progmem.data.__c.4650
                0x0000000000001c91       0x14 gpib/ss80.o
 .progmem.data.__c.4648
                0x0000000000001ca5        0xf gpib/ss80.o
 .progmem.data.__c.4646
                0x0000000000001cb4       0x15 gpib/ss80.o
 .progmem.data.__c.4644
                0x0000000000001cc9       0x16 gpib/ss80.o
 .progmem.data.__c.4642
                0x0000000000001cdf       0x16 gpib/ss80.o
 .progmem.data.__c.4637
                0x0000000000001cf5       0x23 gpib/ss80.o
 .progmem.data.__c.4623
                0x0000000000001d18        0xf gpib/ss80.o
 .progmem.data.__c.4621
                0x0000000000001d27       0x13 gpib/ss80.o
 .progmem.data.__c.4614
                0x0000000000001d3a        0xc gpib/ss80.o
 .progmem.data.__c.4600
                0x0000000000001d46       0x13 gpib/ss80.o
 .progmem.data.__c.4598
                0x0000000000001d59       0x1a gpib/ss80.o
 .progmem.data.__c.4591
                0x0000000000001d73       0x14 gpib/ss80.o
 .progmem.data.__c.4589
                0x0000000000001d87       0x20 gpib/ss80.o
 .progmem.data.__c.4584
                0x0000000000001da7       0x3c gpib/ss80.o
 .progmem.data.__c.4581
                0x0000000000001de3       0x20 gpib/ss80.o
 .progmem.data.__c.4579
                0x0000000000001e03       0x14 gpib/ss80.o
 .progmem.data.__c.4577
                0x0000000000001e17       0x27 gpib/ss80.o
 .progmem.data.__c.4575
                0x0000000000001e3e       0x1e gpib/ss80.o
 .progmem.data.__c.4573
                0x0000000000001e5c       0x1d gpib/ss80.o
 .progmem.data.__c.4570
                0x0000000000001e79       0x25 gpib/ss80.o
 .progmem.data.__c.4567
                0x0000000000001e9e       0x19 gpib/ss80.o
 .progmem.data.__c.4565
                0x0000000000001eb7       0x13 gpib/ss80.o
 .progmem.data.__c.4556
                0x0000000000001eca       0x38 gpib/ss80.o
 .progmem.data.__c.4553
                0x0000000000001f02       0x20 gpib/ss80.o
 .progmem.data.__c.4551
                0x0000000000001f22       0x23 gpib/ss80.o
 .progmem.data.__c.4549
                0x0000000000001f45       0x17 gpib/ss80.o
 .progmem.data.__c.4547
                0x0000000000001f5c       0x19 gpib/ss80.o
 .progmem.data.__c.4545
                0x0000000000001f75       0x1b gpib/ss80.o
 .progmem.data.__c.4543
                0x0000000000001f90       0x1f gpib/ss80.o
 .progmem.data.__c.4541
                0x0000000000001faf       0x1e gpib/ss80.o
 .progmem.data.__c.4539
                0x0000000000001fcd       0x11 gpib/ss80.o
 .progmem.data.__c.4537
                0x0000000000001fde       0x1c gpib/ss80.o
 .progmem.data.__c.4535
                0x0000000000001ffa       0x1d gpib/ss80.o
 .progmem.data.__c.4533
                0x0000000000002017       0x16 gpib/ss80.o
 .progmem.data.__c.4531
                0x000000000000202d       0x21 gpib/ss80.o
 .progmem.data.__c.4529
                0x000000000000204e       0x25 gpib/ss80.o
 .progmem.data.__c.4527
                0x0000000000002073       0x1a gpib/ss80.o
 .progmem.data.__c.4525
                0x000000000000208d       0x16 gpib/ss80.o
 .progmem.data.__c.4523
                0x00000000000020a3        0xe gpib/ss80.o
 .progmem.data.__c.4521
                0x00000000000020b1       0x1c gpib/ss80.o
 .progmem.data.__c.4519
                0x00000000000020cd       0x1d gpib/ss80.o
 .progmem.data.__c.4517
                0x00000000000020ea       0x19 gpib/ss80.o
 .progmem.data.__c.4514
                0x0000000000002103       0x18 gpib/ss80.o
 .progmem.data.__c.4512
                0x000000000000211b       0x19 gpib/ss80.o
 .progmem.data.__c.4509
                0x0000000000002134       0x16 gpib/ss80.o
 .progmem.data.__c.4507
                0x000000000000214a       0x19 gpib/ss80.o
 .progmem.data.__c.4505
                0x0000000000002163       0x26 gpib/ss80.o
 .progmem.data.__c.4496
                0x0000000000002189       0x1a gpib/ss80.o
 .progmem.data.__c.4491
                0x00000000000021a3       0x18 gpib/ss80.o
 .progmem.data.__c.4486
                0x00000000000021bb       0x1f gpib/ss80.o
 .progmem.data.__c.4484
                0x00000000000021da       0x1d gpib/ss80.o
 .progmem.data.__c.4482
                0x00000000000021f7       0x23 gpib/ss80.o
 .progmem.data.__c.4480
                0x000000000000221a       0x11 gpib/ss80.o
 .progmem.data.__c.4472
                0x000000000000222b       0x1b gpib/ss80.o
 .progmem.data.__c.4470
                0x0000000000002246       0x14 gpib/ss80.o
 .progmem.data.__c.4460
                0x000000000000225a        0xb gpib/ss80.o
 .progmem.data.__c.4458
                0x0000000000002265        0x5 gpib/ss80.o
 .progmem.data.__c.4433
                0x000000000000226a       0x2b gpib/ss80.o
 .progmem.data.__c.4431
                0x0000000000002295       0x28 gpib/ss80.o
 .progmem.data.__c.4427
                0x00000000000022bd       0x26 gpib/ss80.o
 .progmem.data.__c.4425
                0x00000000000022e3       0x14 gpib/ss80.o
 .progmem.data.__c.4421
                0x00000000000022f7       0x13 gpib/ss80.o
 .progmem.data.__c.4419
                0x000000000000230a       0x29 gpib/ss80.o
 .progmem.data.__c.4407
                0x0000000000002333       0x28 gpib/ss80.o
 .progmem.data.__c.4405
                0x000000000000235b       0x25 gpib/ss80.o
 .progmem.data.__c.4400
                0x0000000000002380       0x19 gpib/ss80.o
 .progmem.data.__c.4398
                0x0000000000002399       0x18 gpib/ss80.o
 .progmem.data.__c.4396
                0x00000000000023b1       0x1e gpib/ss80.o
 .progmem.data.__c.4394
                0x00000000000023cf       0x28 gpib/ss80.o
 .progmem.data.__c.4377
                0x00000000000023f7       0x1c gpib/ss80.o
 .progmem.data.__c.4361
                0x0000000000002413       0x13 gpib/ss80.o
 .progmem.data.__c.4468
                0x0000000000002426       0x29 gpib/amigo.o
 .progmem.data.__c.4465
                0x000000000000244f       0x2b gpib/amigo.o
 .progmem.data.__c.4462
                0x000000000000247a       0x29 gpib/amigo.o
 .progmem.data.__c.4457
                0x00000000000024a3       0x20 gpib/amigo.o
 .progmem.data.__c.4454
                0x00000000000024c3       0x1c gpib/amigo.o
 .progmem.data.__c.4451
                0x00000000000024df       0x22 gpib/amigo.o
 .progmem.data.__c.4448
                0x0000000000002501       0x1f gpib/amigo.o
 .progmem.data.__c.4445
                0x0000000000002520       0x21 gpib/amigo.o
 .progmem.data.__c.4442
                0x0000000000002541       0x20 gpib/amigo.o
 .progmem.data.__c.4438
                0x0000000000002561       0x32 gpib/amigo.o
 .progmem.data.__c.4433
                0x0000000000002593       0x10 gpib/amigo.o
 .progmem.data.__c.4430
                0x00000000000025a3       0x1f gpib/amigo.o
 .progmem.data.__c.4428
                0x00000000000025c2       0x2b gpib/amigo.o
 .progmem.data.__c.4426
                0x00000000000025ed       0x20 gpib/amigo.o
 .progmem.data.__c.4424
                0x000000000000260d       0x29 gpib/amigo.o
 .progmem.data.__c.4422
                0x0000000000002636       0x1c gpib/amigo.o
 .progmem.data.__c.4420
                0x0000000000002652       0x22 gpib/amigo.o
 .progmem.data.__c.4418
                0x0000000000002674       0x10 gpib/amigo.o
 .progmem.data.__c.4415
                0x0000000000002684       0x21 gpib/amigo.o
 .progmem.data.__c.4413
                0x00000000000026a5       0x29 gpib/amigo.o
 .progmem.data.__c.4411
                0x00000000000026ce       0x14 gpib/amigo.o
 .progmem.data.__c.4408
                0x00000000000026e2       0x14 gpib/amigo.o
 .progmem.data.__c.4405
                0x00000000000026f6       0x20 gpib/amigo.o
 .progmem.data.__c.4402
                0x0000000000002716       0x2f gpib/amigo.o
 .progmem.data.__c.4400
                0x0000000000002745       0x21 gpib/amigo.o
 .progmem.data.__c.4398
                0x0000000000002766       0x21 gpib/amigo.o
 .progmem.data.__c.4396
                0x0000000000002787       0x22 gpib/amigo.o
 .progmem.data.__c.4394
                0x00000000000027a9       0x32 gpib/amigo.o
 .progmem.data.__c.4382
                0x00000000000027db       0x51 gpib/amigo.o
 .progmem.data.__c.4380
                0x000000000000282c       0x50 gpib/amigo.o
 .progmem.data.__c.4378
                0x000000000000287c       0x50 gpib/amigo.o
 .progmem.data.__c.4376
                0x00000000000028cc       0x50 gpib/amigo.o
 .progmem.data.__c.4371
                0x000000000000291c       0x65 gpib/amigo.o
 .progmem.data.__c.4369
                0x0000000000002981       0x67 gpib/amigo.o
 .progmem.data.__c.4367
                0x00000000000029e8       0x67 gpib/amigo.o
 .progmem.data.__c.4365
                0x0000000000002a4f       0x67 gpib/amigo.o
 .progmem.data.__c.4358
                0x0000000000002ab6        0xf gpib/amigo.o
 .progmem.data.__c.4345
                0x0000000000002ac5        0xd gpib/amigo.o
 .progmem.data.__c.4343
                0x0000000000002ad2       0x1a gpib/amigo.o
 .progmem.data.__c.4336
                0x0000000000002aec       0x1f gpib/amigo.o
 .progmem.data.__c.4329
                0x0000000000002b0b       0x1a gpib/amigo.o
 .progmem.data.__c.4322
                0x0000000000002b25       0x15 gpib/amigo.o
 .progmem.data.__c.4318
                0x0000000000002b3a       0x10 gpib/amigo.o
 .progmem.data.__c.4277
                0x0000000000002b4a       0x2b gpib/amigo.o
 .progmem.data.__c.4307
                0x0000000000002b75       0x28 gpib/amigo.o
 .progmem.data.__c.4284
                0x0000000000002b9d       0x19 gpib/amigo.o
 .progmem.data.__c.4270
                0x0000000000002bb6       0x1a gpib/amigo.o
 .progmem.data.__c.4268
                0x0000000000002bd0       0x15 gpib/amigo.o
 .progmem.data.__c.4262
                0x0000000000002be5       0x1a gpib/amigo.o
 .progmem.data.__c.4260
                0x0000000000002bff       0x1e gpib/amigo.o
 .progmem.data.__c.4254
                0x0000000000002c1d       0x18 gpib/amigo.o
 .progmem.data.__c.4258
                0x0000000000002c35       0x1a gpib/printer.o
 .progmem.data.__c.4256
                0x0000000000002c4f       0x1c gpib/printer.o
 .progmem.data.__c.4251
                0x0000000000002c6b        0x7 gpib/printer.o
 .progmem.data.__c.4245
                0x0000000000002c72       0x21 gpib/printer.o
 .progmem.data.__c.4239
                0x0000000000002c93        0xe gpib/printer.o
 .progmem.data.__c.4237
                0x0000000000002ca1       0x15 gpib/printer.o
 .progmem.data.__c.4231
                0x0000000000002cb6        0xc gpib/printer.o
 .progmem.data.__c.4229
                0x0000000000002cc2       0x16 gpib/printer.o
 .progmem.data.__c.4227
                0x0000000000002cd8       0x22 gpib/printer.o
 .progmem.data.__c.4672
                0x0000000000002cfa       0x20 lif/lifutils.o
 .progmem.data.__c.4670
                0x0000000000002d1a       0x20 lif/lifutils.o
 .progmem.data.__c.4668
                0x0000000000002d3a       0x23 lif/lifutils.o
 .progmem.data.__c.4666
                0x0000000000002d5d       0x25 lif/lifutils.o
 .progmem.data.__c.4664
                0x0000000000002d82       0x29 lif/lifutils.o
 .progmem.data.__c.4651
                0x0000000000002dab       0x17 lif/lifutils.o
 .progmem.data.__c.4649
                0x0000000000002dc2       0x29 lif/lifutils.o
 .progmem.data.__c.4647
                0x0000000000002deb       0x36 lif/lifutils.o
 .progmem.data.__c.4645
                0x0000000000002e21       0x27 lif/lifutils.o
 .progmem.data.__c.4643
                0x0000000000002e48       0x27 lif/lifutils.o
 .progmem.data.__c.4641
                0x0000000000002e6f       0x28 lif/lifutils.o
 .progmem.data.__c.4632
                0x0000000000002e97        0xf lif/lifutils.o
 .progmem.data.__c.4630
                0x0000000000002ea6       0x28 lif/lifutils.o
 .progmem.data.__c.4628
                0x0000000000002ece       0x1f lif/lifutils.o
 .progmem.data.__c.4626
                0x0000000000002eed       0x20 lif/lifutils.o
 .progmem.data.__c.4624
                0x0000000000002f0d       0x25 lif/lifutils.o
 .progmem.data.__c.4616
                0x0000000000002f32        0xe lif/lifutils.o
 .progmem.data.__c.4611
                0x0000000000002f40        0xe lif/lifutils.o
 .progmem.data.__c.4609
                0x0000000000002f4e       0x30 lif/lifutils.o
 .progmem.data.__c.4607
                0x0000000000002f7e       0x13 lif/lifutils.o
 .progmem.data.__c.4605
                0x0000000000002f91       0x2f lif/lifutils.o
 .progmem.data.__c.4603
                0x0000000000002fc0       0x1c lif/lifutils.o
 .progmem.data.__c.4601
                0x0000000000002fdc       0x1b lif/lifutils.o
 .progmem.data.__c.4599
                0x0000000000002ff7       0x20 lif/lifutils.o
 .progmem.data.__c.4582
                0x0000000000003017        0xe lif/lifutils.o
 .progmem.data.__c.4577
                0x0000000000003025        0xe lif/lifutils.o
 .progmem.data.__c.4575
                0x0000000000003033       0x13 lif/lifutils.o
 .progmem.data.__c.4573
                0x0000000000003046       0x18 lif/lifutils.o
 .progmem.data.__c.4556
                0x000000000000305e        0xe lif/lifutils.o
 .progmem.data.__c.4553
                0x000000000000306c       0x28 lif/lifutils.o
 .progmem.data.__c.4545
                0x0000000000003094        0xe lif/lifutils.o
 .progmem.data.__c.4543
                0x00000000000030a2       0x28 lif/lifutils.o
 .progmem.data.__c.4540
                0x00000000000030ca       0x56 lif/lifutils.o
 .progmem.data.__c.4538
                0x0000000000003120       0x35 lif/lifutils.o
 .progmem.data.__c.4534
                0x0000000000003155       0x10 lif/lifutils.o
 .progmem.data.__c.4532
                0x0000000000003165       0x38 lif/lifutils.o
 .progmem.data.__c.4530
                0x000000000000319d       0x17 lif/lifutils.o
 .progmem.data.__c.4528
                0x00000000000031b4       0x18 lif/lifutils.o
 .progmem.data.__c.4504
                0x00000000000031cc        0xe lif/lifutils.o
 .progmem.data.__c.4502
                0x00000000000031da       0x19 lif/lifutils.o
 .progmem.data.__c.4500
                0x00000000000031f3       0x19 lif/lifutils.o
 .progmem.data.__c.4498
                0x000000000000320c       0x17 lif/lifutils.o
 .progmem.data.__c.4496
                0x0000000000003223       0x17 lif/lifutils.o
 .progmem.data.__c.4494
                0x000000000000323a       0x27 lif/lifutils.o
 .progmem.data.__c.4492
                0x0000000000003261       0x30 lif/lifutils.o
 .progmem.data.__c.4490
                0x0000000000003291       0x2f lif/lifutils.o
 .progmem.data.__c.4488
                0x00000000000032c0       0x30 lif/lifutils.o
 .progmem.data.__c.4486
                0x00000000000032f0       0x2f lif/lifutils.o
 .progmem.data.__c.4484
                0x000000000000331f       0x2e lif/lifutils.o
 .progmem.data.__c.4482
                0x000000000000334d       0x33 lif/lifutils.o
 .progmem.data.__c.4468
                0x0000000000003380        0xe lif/lifutils.o
 .progmem.data.__c.4466
                0x000000000000338e        0xe lif/lifutils.o
 .progmem.data.__c.4461
                0x000000000000339c        0xe lif/lifutils.o
 .progmem.data.__c.4444
                0x00000000000033aa       0x24 lif/lifutils.o
 .progmem.data.__c.4427
                0x00000000000033ce       0x39 lif/lifutils.o
 .progmem.data.__c.4413
                0x0000000000003407       0x25 lif/lifutils.o
 .progmem.data.__c.4411
                0x000000000000342c       0x27 lif/lifutils.o
 .progmem.data.__c.4404
                0x0000000000003453       0x13 lif/lifutils.o
 .progmem.data.__c.4402
                0x0000000000003466       0x13 lif/lifutils.o
 .progmem.data.__c.4400
                0x0000000000003479       0x13 lif/lifutils.o
 .progmem.data.__c.4398
                0x000000000000348c       0x11 lif/lifutils.o
 .progmem.data.__c.4396
                0x000000000000349d        0xd lif/lifutils.o
 .progmem.data.__c.4394
                0x00000000000034aa        0xc lif/lifutils.o
 .progmem.data.__c.4392
                0x00000000000034b6        0x2 lif/lifutils.o
 .progmem.data.__c.4389
                0x00000000000034b8       0x30 lif/lifutils.o
 .progmem.data.__c.4387
                0x00000000000034e8       0x4c lif/lifutils.o
 .progmem.data.__c.4384
                0x0000000000003534       0x40 lif/lifutils.o
 .progmem.data.__c.4382
                0x0000000000003574       0x17 lif/lifutils.o
 .progmem.data.__c.4372
                0x000000000000358b       0x33 lif/lifutils.o
 .progmem.data.__c.4370
                0x00000000000035be       0x33 lif/lifutils.o
 .progmem.data.__c.4368
                0x00000000000035f1       0x36 lif/lifutils.o
 .progmem.data.__c.4366
                0x0000000000003627       0x3f lif/lifutils.o
 .progmem.data.__c.4353
                0x0000000000003666       0x51 lif/lifutils.o
 .progmem.data.__c.4350
                0x00000000000036b7       0x29 lif/lifutils.o
 .progmem.data.__c.4348
                0x00000000000036e0       0x38 lif/lifutils.o
 .progmem.data.__c.4336
                0x0000000000003718       0x4d lif/lifutils.o
 .progmem.data.__c.4311
                0x0000000000003765       0x20 lif/lifutils.o
 .progmem.data.__c.4302
                0x0000000000003785       0x3a lif/lifutils.o
 .progmem.data.__c.4283
                0x00000000000037bf        0xd lif/lifutils.o
 .progmem.data.__c.4278
                0x00000000000037cc        0xd lif/lifutils.o
 .progmem.data.__c.4273
                0x00000000000037d9        0xd lif/lifutils.o
 .progmem.data.__c.4265
                0x00000000000037e6        0xd lif/lifutils.o
 .progmem.data.__c.4263
                0x00000000000037f3       0x55 lif/lifutils.o
 .progmem.data.__c.4247
                0x0000000000003848       0x2c lif/lifutils.o
 .progmem.data.__c.4245
                0x0000000000003874       0x2b lif/lifutils.o
 .progmem.data.__c.4243
                0x000000000000389f       0x4b lif/lifutils.o
 .progmem.data.__c.4241
                0x00000000000038ea       0x4b lif/lifutils.o
 .progmem.data.__c.4239
                0x0000000000003935       0x2e lif/lifutils.o
 .progmem.data.__c.4237
                0x0000000000003963       0x41 lif/lifutils.o
 .progmem.data.__c.4235
                0x00000000000039a4       0x44 lif/lifutils.o
 .progmem.data.__c.4233
                0x00000000000039e8       0x21 lif/lifutils.o
 .progmem.data.__c.4227
                0x0000000000003a09       0x2c lif/lifutils.o
 .progmem.data.__c.4225
                0x0000000000003a35       0x2f lif/lifutils.o
 .progmem.data.__c.4223
                0x0000000000003a64       0x25 lif/lifutils.o
 .progmem.data.__c.4221
                0x0000000000003a89       0x39 lif/lifutils.o
 .progmem.data.__c.4219
                0x0000000000003ac2       0x39 lif/lifutils.o
 .progmem.data.__c.4217
                0x0000000000003afb       0x18 lif/lifutils.o
 .progmem.data.__c.4215
                0x0000000000003b13       0x39 lif/lifutils.o
 .progmem.data.__c.4213
                0x0000000000003b4c       0x1f lif/lifutils.o
 .progmem.data.__c.4206
                0x0000000000003b6b        0x2 lif/lifutils.o
 .progmem.data.__c.4204
                0x0000000000003b6d       0x1a lif/lifutils.o
 .progmem.data.__c.4202
                0x0000000000003b87       0x1c lif/lifutils.o
 .progmem.data.__c.4200
                0x0000000000003ba3       0x1d lif/lifutils.o
 .progmem.data.__c.4198
                0x0000000000003bc0       0x1d lif/lifutils.o
 .progmem.data.__c.4196
                0x0000000000003bdd       0x1d lif/lifutils.o
 .progmem.data.__c.4194
                0x0000000000003bfa       0x1c lif/lifutils.o
 .progmem.data.__c.4192
                0x0000000000003c16       0x1c lif/lifutils.o
 .progmem.data.__c.4190
                0x0000000000003c32       0x1a lif/lifutils.o
 .progmem.data.__c.4188
                0x0000000000003c4c       0x1a lif/lifutils.o
 .progmem.data.__c.4186
                0x0000000000003c66       0x1c lif/lifutils.o
 .progmem.data.__c.4184
                0x0000000000003c82       0x1c lif/lifutils.o
 .progmem.data.__c.4182
                0x0000000000003c9e       0x1d lif/lifutils.o
 .progmem.data.__c.4180
                0x0000000000003cbb       0x1d lif/lifutils.o
 .progmem.data.__c.4178
                0x0000000000003cd8       0x1c lif/lifutils.o
 .progmem.data.__c.4176
                0x0000000000003cf4       0x1a lif/lifutils.o
 .progmem.data.__c.4174
                0x0000000000003d0e       0x1d lif/lifutils.o
 .progmem.data.__c.4172
                0x0000000000003d2b       0x1d lif/lifutils.o
 .progmem.data.__c.4170
                0x0000000000003d48       0x1d lif/lifutils.o
 .progmem.data.__c.4168
                0x0000000000003d65       0x1d lif/lifutils.o
 .progmem.data.__c.4166
                0x0000000000003d82       0x1d lif/lifutils.o
 .progmem.data.__c.4164
                0x0000000000003d9f       0x1d lif/lifutils.o
 .progmem.data.__c.4162
                0x0000000000003dbc       0x1d lif/lifutils.o
 .progmem.data.__c.4160
                0x0000000000003dd9       0x1d lif/lifutils.o
 .progmem.data.__c.4158
                0x0000000000003df6       0x1a lif/lifutils.o
 .progmem.data.__c.4156
                0x0000000000003e10        0x5 lif/lifutils.o
 .progmem.data.__c.4033
                0x0000000000003e15       0x3d lif/lifutils.o
 .progmem.data.__c.4024
                0x0000000000003e52       0x3c lif/lifutils.o
 .progmem.data.__c.4015
                0x0000000000003e8e       0x21 lif/lifutils.o
 .progmem.data.__c.4008
                0x0000000000003eaf       0x19 lif/lifutils.o
 .progmem.data.__c.4002
                0x0000000000003ec8       0x25 lif/lifutils.o
 .progmem.data.__c.3990
                0x0000000000003eed       0x18 lif/lifutils.o
 .progmem.data.__c.3985
                0x0000000000003f05       0x29 lif/lifutils.o
 .progmem.data.__c.3979
                0x0000000000003f2e       0x21 lif/lifutils.o
 .progmem.data.__c.3966
                0x0000000000003f4f      0x1c9 lif/lifutils.o
 .progmem.data.__c.3964
                0x0000000000004118        0xa lif/lifutils.o
 .progmem.data.__c.4652
                0x0000000000004122       0x14 main.o
 .progmem.data.__c.4650
                0x0000000000004136       0x16 main.o
 .progmem.data.__c.4648
                0x000000000000414c       0x16 main.o
 .progmem.data.__c.4646
                0x0000000000004162       0x15 main.o
 .progmem.data.__c.4644
                0x0000000000004177       0x18 main.o
 .progmem.data.__c.4642
                0x000000000000418f       0x12 main.o
 .progmem.data.__c.4640
                0x00000000000041a1       0x15 main.o
 .progmem.data.__c.4638
                0x00000000000041b6       0x16 main.o
 .progmem.data.__c.4636
                0x00000000000041cc       0x11 main.o
 .progmem.data.__c.4634
                0x00000000000041dd       0x18 main.o
 .progmem.data.__c.4632
                0x00000000000041f5       0x1a main.o
 .progmem.data.__c.4630
                0x000000000000420f       0x1d main.o
 .progmem.data.__c.4628
                0x000000000000422c       0x1e main.o
 .progmem.data.__c.4626
                0x000000000000424a       0x1d main.o
 .progmem.data.__c.4624
                0x0000000000004267        0xf main.o
 .progmem.data.__c.4622
                0x0000000000004276       0x12 main.o
 .progmem.data.__c.4620
                0x0000000000004288       0x16 main.o
 .progmem.data.__c.4618
                0x000000000000429e       0x16 main.o
 .progmem.data.__c.4616
                0x00000000000042b4       0x1a main.o
 .progmem.data.__c.4614
                0x00000000000042ce       0x1a main.o
 .progmem.data.__c.4612
                0x00000000000042e8       0x27 main.o
 .progmem.data.__c.4610
                0x000000000000430f       0x10 main.o
 .progmem.data.__c.4608
                0x000000000000431f       0x1d main.o
 .progmem.data.__c.4606
                0x000000000000433c       0x1f main.o
 .progmem.data.__c.4604
                0x000000000000435b       0x27 main.o
 .progmem.data.__c.4602
                0x0000000000004382       0x11 main.o
 .progmem.data.__c.4600
                0x0000000000004393        0x7 main.o
 .progmem.data.__c.4592
                0x000000000000439a        0xc main.o
 .progmem.data.__c.4590
                0x00000000000043a6        0x4 main.o
 .progmem.data.__c.4588
                0x00000000000043aa        0x3 main.o
 .progmem.data.__c.4577
                0x00000000000043ad       0x1e main.o
 .progmem.data.__c.4570
                0x00000000000043cb        0x2 main.o
 .progmem.data.__c.4568
                0x00000000000043cd       0x1a main.o
 .progmem.data.__c.4566
                0x00000000000043e7       0x1a main.o
 .progmem.data.__c.4564
                0x0000000000004401       0x27 main.o
 .progmem.data.__c.4562
                0x0000000000004428       0x10 main.o
 .progmem.data.__c.4560
                0x0000000000004438       0x1d main.o
 .progmem.data.__c.4558
                0x0000000000004455       0x1f main.o
 .progmem.data.__c.4556
                0x0000000000004474       0x30 main.o
                0x00000000000044a4                . = ALIGN (0x2)
 *(.jumptables)
 *(.jumptables*)
 *(.lowtext)
 *(.lowtext*)
                0x00000000000044a4                __ctors_start = .
 *(.ctors)
                0x00000000000044a4                __ctors_end = .
                0x00000000000044a4                __dtors_start = .
 *(.dtors)
                0x00000000000044a4                __dtors_end = .
 SORT(*)(.ctors)
 SORT(*)(.dtors)
 *(.init0)
 .init0         0x00000000000044a4        0x0 /usr/lib/gcc/avr/5.4.0/../../../avr/lib/avr51/crtatmega1284p.o
                0x00000000000044a4                __init
 *(.init0)
 *(.init1)
 *(.init1)
 *(.init2)
 .init2         0x00000000000044a4        0xc /usr/lib/gcc/avr/5.4.0/../../../avr/lib/avr51/crtatmega1284p.o
 *(.init2)
 *(.init3)
 *(.init3)
 *(.init4)
 .init4         0x00000000000044b0       0x1a /usr/lib/gcc/avr/5.4.0/avr51/libgcc.a(_copy_data.o)
                0x00000000000044b0                __do_copy_data
 .init4         0x00000000000044ca       0x10 /usr/lib/gcc/avr/5.4.0/avr51/libgcc.a(_clear_bss.o)
                0x00000000000044ca                __do_clear_bss
 *(.init4)
 *(.init5)
 *(.init5)
 *(.init6)
 *(.init6)
 *(.init7)
 *(.init7)
 *(.init8)
 *(.init8)
 *(.init9)
 .init9         0x00000000000044da        0x8 /usr/lib/gcc/avr/5.4.0/../../../avr/lib/avr51/crtatmega1284p.o
 *(.init9)
 *(.text)
 .text          0x00000000000044e2        0x4 /usr/lib/gcc/avr/5.4.0/../../../avr/lib/avr51/crtatmega1284p.o
                0x00000000000044e2                __vector_22
                0x00000000000044e2                __vector_28
                0x00000000000044e2                __vector_1
                0x00000000000044e2                __vector_32
                0x00000000000044e2                __vector_34
                0x00000000000044e2                __vector_24
                0x00000000000044e2                __vector_12
                0x00000000000044e2                __bad_interrupt
                0x00000000000044e2                __vector_6
                0x00000000000044e2                __vector_31
                0x00000000000044e2                __vector_3
                0x00000000000044e2                __vector_23
                0x00000000000044e2                __vector_30
                0x00000000000044e2                __vector_25
                0x00000000000044e2                __vector_11
                0x00000000000044e2                __vector_17
                0x00000000000044e2                __vector_19
                0x00000000000044e2                __vector_7
                0x00000000000044e2                __vector_27
                0x00000000000044e2                __vector_5
                0x00000000000044e2                __vector_33
                0x00000000000044e2                __vector_4
                0x00000000000044e2                __vector_9
                0x00000000000044e2                __vector_2
                0x00000000000044e2                __vector_21
                0x00000000000044e2                __vector_15
                0x00000000000044e2                __vector_29
                0x00000000000044e2                __vector_8
                0x00000000000044e2                __vector_14
                0x00000000000044e2                __vector_10
                0x00000000000044e2                __vector_16
                0x00000000000044e2                __vector_18
                0x00000000000044e6                . = ALIGN (0x2)
 *(.text.*)
 .text.avr-libc
                0x00000000000044e6      0x74c /usr/lib/gcc/avr/5.4.0/../../../avr/lib/avr51/libprintf_flt.a(vfprintf_flt.o)
                0x00000000000044e6                vfprintf
 .text.chip_select
                0x0000000000004c32       0x32 hardware/hal.o
                0x0000000000004c32                chip_select
 .text.chip_deselect
                0x0000000000004c64       0x30 hardware/hal.o
                0x0000000000004c64                chip_deselect
 .text.chip_select_init
                0x0000000000004c94        0x4 hardware/hal.o
                0x0000000000004c94                chip_select_init
 .text.spi_end  0x0000000000004c98       0x60 hardware/hal.o
                0x0000000000004c98                spi_end
 .text.spi_TX_buffer
                0x0000000000004cf8        0x4 hardware/hal.o
                0x0000000000004cf8                spi_TX_buffer
 .text.spi_RX_buffer
                0x0000000000004cfc        0x4 hardware/hal.o
                0x0000000000004cfc                spi_RX_buffer
 .text.spi_TX   0x0000000000004d00       0x20 hardware/hal.o
                0x0000000000004d00                spi_TX
 .text.spi_init
                0x0000000000004d20       0x40 hardware/hal.o
                0x0000000000004d20                spi_init
 .text.spi_begin
                0x0000000000004d60       0x90 hardware/hal.o
                0x0000000000004d60                spi_begin
 .text.spi_TXRX
                0x0000000000004df0       0x22 hardware/hal.o
                0x0000000000004df0                spi_TXRX
 .text.freeRam  0x0000000000004e12       0x2e hardware/ram.o
                0x0000000000004e12                freeRam
 .text.PrintFree
                0x0000000000004e40      0x122 hardware/ram.o
                0x0000000000004e40                PrintFree
 .text.safecalloc
                0x0000000000004f62       0x54 hardware/ram.o
                0x0000000000004f62                safecalloc
 .text.safemalloc
                0x0000000000004fb6       0x44 hardware/ram.o
                0x0000000000004fb6                safemalloc
 .text.safefree
                0x0000000000004ffa       0x6a hardware/ram.o
                0x0000000000004ffa                safefree
 .text.delayus  0x0000000000005064       0x5a hardware/delay.o
                0x0000000000005064                delayus
 .text.delayms  0x00000000000050be       0x90 hardware/delay.o
                0x00000000000050be                delayms
 .text.uart_rx_flush
                0x000000000000514e       0x22 hardware/rs232.o
                0x000000000000514e                uart_rx_flush
 .text.uart_ubr
                0x0000000000005170      0x134 hardware/rs232.o
                0x0000000000005170                uart_ubr
 .text.uart_init
                0x00000000000052a4       0x8e hardware/rs232.o
                0x00000000000052a4                uart_init
 .text.uart_rx_interrupt
                0x0000000000005332       0x46 hardware/rs232.o
                0x0000000000005332                uart_rx_interrupt
 .text.__vector_20
                0x0000000000005378       0x54 hardware/rs232.o
                0x0000000000005378                __vector_20
 .text.uart_rx_count
                0x00000000000053cc       0x18 hardware/rs232.o
                0x00000000000053cc                uart_rx_count
 .text.uart_get_tail
                0x00000000000053e4       0x4c hardware/rs232.o
                0x00000000000053e4                uart_get_tail
 .text.uart_rx_byte
                0x0000000000005430        0x6 hardware/rs232.o
                0x0000000000005430                uart_rx_byte
 .text.uart_tx_byte
                0x0000000000005436       0x32 hardware/rs232.o
                0x0000000000005436                uart_tx_byte
 .text.uart_getchar
                0x0000000000005468       0x2c hardware/rs232.o
                0x0000000000005468                uart_getchar
 .text.uart0_getchar
                0x0000000000005494        0x6 hardware/rs232.o
                0x0000000000005494                uart0_getchar
 .text.uart_putchar
                0x000000000000549a       0x24 hardware/rs232.o
                0x000000000000549a                uart_putchar
 .text.uart0_putchar
                0x00000000000054be       0x14 hardware/rs232.o
                0x00000000000054be                uart0_putchar
 .text.uart_keyhit
                0x00000000000054d2        0x4 hardware/rs232.o
                0x00000000000054d2                uart_keyhit
 .text.SPI0_Speed
                0x00000000000054d6       0xce hardware/spi.o
                0x00000000000054d6                SPI0_Speed
 .text.SPI0_Mode
                0x00000000000055a4       0x74 hardware/spi.o
                0x00000000000055a4                SPI0_Mode
 .text.SPI0_TXRX_Byte
                0x0000000000005618        0xc hardware/spi.o
                0x0000000000005618                SPI0_TXRX_Byte
 .text.SPI0_Init
                0x0000000000005624       0x5a hardware/spi.o
                0x0000000000005624                SPI0_Init
 .text.SPI0_TX  0x000000000000567e       0x28 hardware/spi.o
                0x000000000000567e                SPI0_TX
 .text.SPI0_TXRX
                0x00000000000056a6       0x2c hardware/spi.o
                0x00000000000056a6                SPI0_TXRX
 .text.SPI0_RX  0x00000000000056d2       0x2a hardware/spi.o
                0x00000000000056d2                SPI0_RX
 .text.TWI_Init
                0x00000000000056fc       0x18 hardware/TWI_AVR8.o
                0x00000000000056fc                TWI_Init
 .text.TWI_StopTransmission
                0x0000000000005714        0x8 hardware/TWI_AVR8.o
                0x0000000000005714                TWI_StopTransmission
 .text.TWI_StartTransmission
                0x000000000000571c       0xc0 hardware/TWI_AVR8.o
                0x000000000000571c                TWI_StartTransmission
 .text.TWI_SendByte
                0x00000000000057dc       0x28 hardware/TWI_AVR8.o
                0x00000000000057dc                TWI_SendByte
 .text.TWI_ReceiveByte
                0x0000000000005804       0x3c hardware/TWI_AVR8.o
                0x0000000000005804                TWI_ReceiveByte
 .text.TWI_ReadPacket
                0x0000000000005840       0x82 hardware/TWI_AVR8.o
                0x0000000000005840                TWI_ReadPacket
 .text.TWI_WritePacket
                0x00000000000058c2       0x5c hardware/TWI_AVR8.o
                0x00000000000058c2                TWI_WritePacket
 .text.__vector_26
                0x000000000000591e      0x1ba hardware/i2c.o
                0x000000000000591e                __vector_26
 .text.BINtoBCD
                0x0000000000005ad8        0xe hardware/rtc.o
                0x0000000000005ad8                BINtoBCD
 .text.BCDtoBIN
                0x0000000000005ae6       0x12 hardware/rtc.o
                0x0000000000005ae6                BCDtoBIN
 .text.rtc_run  0x0000000000005af8       0xc8 hardware/rtc.o
                0x0000000000005af8                rtc_run
 .text.rtc_write
                0x0000000000005bc0       0xb6 hardware/rtc.o
                0x0000000000005bc0                rtc_write
 .text.rtc_init
                0x0000000000005c76       0x98 hardware/rtc.o
                0x0000000000005c76                rtc_init
 .text.rtc_read
                0x0000000000005d0e       0xd8 hardware/rtc.o
                0x0000000000005d0e                rtc_read
 .text.I2C_Start
                0x0000000000005de6       0x28 hardware/LCD.o
                0x0000000000005de6                I2C_Start
 .text.I2C_Stop
                0x0000000000005e0e       0x10 hardware/LCD.o
                0x0000000000005e0e                I2C_Stop
 .text.I2C_Send
                0x0000000000005e1e       0x22 hardware/LCD.o
                0x0000000000005e1e                I2C_Send
 .text.LCD_putb
                0x0000000000005e40       0x24 hardware/LCD.o
                0x0000000000005e40                LCD_putb
 .text.LCD_command
                0x0000000000005e64       0x26 hardware/LCD.o
                0x0000000000005e64                LCD_command
 .text.LCD_specialCommand
                0x0000000000005e8a       0x26 hardware/LCD.o
                0x0000000000005e8a                LCD_specialCommand
 .text.LCD_setCursor
                0x0000000000005eb0       0x40 hardware/LCD.o
                0x0000000000005eb0                LCD_setCursor
 .text.LCD_pos  0x0000000000005ef0       0x18 hardware/LCD.o
                0x0000000000005ef0                LCD_pos
 .text.LCD_clear
                0x0000000000005f08       0x16 hardware/LCD.o
                0x0000000000005f08                LCD_clear
 .text.LCD_setFastBacklightRGB
                0x0000000000005f1e       0x3e hardware/LCD.o
                0x0000000000005f1e                LCD_setFastBacklightRGB
 .text.LCD_init
                0x0000000000005f5c       0x64 hardware/LCD.o
                0x0000000000005f5c                LCD_init
 .text.lcd_cleareol
                0x0000000000005fc0       0x46 display/lcd_printf.o
                0x0000000000005fc0                lcd_cleareol
 .text.lcd_putch
                0x0000000000006006       0xb2 display/lcd_printf.o
                0x0000000000006006                lcd_putch
 .text._putc_win
                0x00000000000060b8       0x16 display/lcd_printf.o
 .text.lcd_printf
                0x00000000000060ce       0x3c display/lcd_printf.o
                0x00000000000060ce                lcd_printf
 .text.islower  0x000000000000610a       0x16 lib/stringsup.o
                0x000000000000610a                islower
 .text.toupper  0x0000000000006120       0x1a lib/stringsup.o
                0x0000000000006120                toupper
 .text.strcpy   0x000000000000613a       0x16 lib/stringsup.o
                0x000000000000613a                strcpy
 .text.strncpy  0x0000000000006150       0x2c lib/stringsup.o
                0x0000000000006150                strncpy
 .text.strcat   0x000000000000617c       0x26 lib/stringsup.o
                0x000000000000617c                strcat
 .text.reverse  0x00000000000061a2       0x32 lib/stringsup.o
                0x00000000000061a2                reverse
 .text.strupper
                0x00000000000061d4       0x1a lib/stringsup.o
                0x00000000000061d4                strupper
 .text.strcmp   0x00000000000061ee       0x1a lib/stringsup.o
                0x00000000000061ee                strcmp
 .text.strcasecmp
                0x0000000000006208       0x3e lib/stringsup.o
                0x0000000000006208                strcasecmp
 .text.strncasecmp
                0x0000000000006246       0x50 lib/stringsup.o
                0x0000000000006246                strncasecmp
 .text.stralloc
                0x0000000000006296       0x40 lib/stringsup.o
                0x0000000000006296                stralloc
 .text.sep      0x00000000000062d6       0x20 lib/parsing.o
                0x00000000000062d6                sep
 .text.trim_tail
                0x00000000000062f6       0x20 lib/parsing.o
                0x00000000000062f6                trim_tail
 .text.skipspaces
                0x0000000000006316       0x14 lib/parsing.o
                0x0000000000006316                skipspaces
 .text.MATCH    0x000000000000632a       0x28 lib/parsing.o
                0x000000000000632a                MATCH
 .text.MATCHI   0x0000000000006352       0x28 lib/parsing.o
                0x0000000000006352                MATCHI
 .text.MATCHARGS
                0x000000000000637a       0x54 lib/parsing.o
                0x000000000000637a                MATCHARGS
 .text.MATCHI_LEN
                0x00000000000063ce       0x34 lib/parsing.o
                0x00000000000063ce                MATCHI_LEN
 .text.split_args
                0x0000000000006402       0xb8 lib/parsing.o
                0x0000000000006402                split_args
 .text.get_token
                0x00000000000064ba       0x86 lib/parsing.o
                0x00000000000064ba                get_token
 .text.get_value
                0x0000000000006540       0x7c lib/parsing.o
                0x0000000000006540                get_value
 .text.enable_system_task
                0x00000000000065bc        0x4 lib/timer_hal.o
                0x00000000000065bc                enable_system_task
 .text.install_timers_isr
                0x00000000000065c0       0x26 lib/timer_hal.o
                0x00000000000065c0                install_timers_isr
 .text.__vector_13
                0x00000000000065e6       0x4e lib/timer_hal.o
                0x00000000000065e6                __vector_13
 .text.clock_gettime
                0x0000000000006634       0xea lib/timer_hal.o
                0x0000000000006634                clock_gettime
 .text.clock_task
                0x000000000000671e       0x7a lib/timer.o
                0x000000000000671e                clock_task
 .text.clock_settime.part.2
                0x0000000000006798       0x7c lib/timer.o
 .text.set_timers
                0x0000000000006814       0x76 lib/timer.o
                0x0000000000006814                set_timers
 .text.delete_all_timers
                0x000000000000688a       0x16 lib/timer.o
                0x000000000000688a                delete_all_timers
 .text.subtract_timespec
                0x00000000000068a0       0x82 lib/timer.o
                0x00000000000068a0                subtract_timespec
 .text.ts_to_str
                0x0000000000006922       0x72 lib/timer.o
                0x0000000000006922                ts_to_str
 .text.clock_elapsed_begin
                0x0000000000006994        0xc lib/timer.o
                0x0000000000006994                clock_elapsed_begin
 .text.clock_elapsed_end
                0x00000000000069a0       0x7c lib/timer.o
                0x00000000000069a0                clock_elapsed_end
 .text.clock_clear
                0x0000000000006a1c       0x36 lib/timer.o
                0x0000000000006a1c                clock_clear
 .text.enable_timers
                0x0000000000006a52       0x28 lib/timer.o
                0x0000000000006a52                enable_timers
 .text.execute_timers
                0x0000000000006a7a       0x28 lib/timer.o
                0x0000000000006a7a                execute_timers
 .text.init_timers
                0x0000000000006aa2       0xba lib/timer.o
                0x0000000000006aa2                init_timers
 .text.clock_getres
                0x0000000000006b5c       0x2a lib/timer.o
                0x0000000000006b5c                clock_getres
 .text.clock_settime
                0x0000000000006b86       0x10 lib/timer.o
                0x0000000000006b86                clock_settime
 .text.IS_Leap  0x0000000000006b96       0x2a lib/time.o
 .text.tm_mon_to_ascii
                0x0000000000006bc0       0x20 lib/time.o
                0x0000000000006bc0                tm_mon_to_ascii
 .text.Days_Per_Month
                0x0000000000006be0       0x42 lib/time.o
                0x0000000000006be0                Days_Per_Month
 .text.time_to_tm
                0x0000000000006c22      0x1bc lib/time.o
                0x0000000000006c22                time_to_tm
 .text.gmtime_r
                0x0000000000006dde       0x2a lib/time.o
                0x0000000000006dde                gmtime_r
 .text.gmtime   0x0000000000006e08       0x16 lib/time.o
                0x0000000000006e08                gmtime
 .text.gettimezone
                0x0000000000006e1e       0x1e lib/time.o
                0x0000000000006e1e                gettimezone
 .text.settimezone
                0x0000000000006e3c       0x24 lib/time.o
                0x0000000000006e3c                settimezone
 .text.gettimeofday
                0x0000000000006e60       0x5c lib/time.o
                0x0000000000006e60                gettimeofday
 .text.time     0x0000000000006ebc       0x42 lib/time.o
                0x0000000000006ebc                time
 .text.is_dst   0x0000000000006efe       0x58 lib/time.o
                0x0000000000006efe                is_dst
 .text.localtime_r
                0x0000000000006f56       0x98 lib/time.o
                0x0000000000006f56                localtime_r
 .text.localtime
                0x0000000000006fee        0x8 lib/time.o
                0x0000000000006fee                localtime
 .text.normalize
                0x0000000000006ff6      0x390 lib/time.o
                0x0000000000006ff6                normalize
 .text.timegm   0x0000000000007386        0x8 lib/time.o
                0x0000000000007386                timegm
 .text.setdate_r
                0x000000000000738e      0x23a lib/time.o
                0x000000000000738e                setdate_r
 .text.setdate  0x00000000000075c8       0x42 lib/time.o
                0x00000000000075c8                setdate
 .text.find_dst
                0x000000000000760a      0x10c lib/time.o
                0x000000000000760a                find_dst
 .text.set_dst  0x0000000000007716      0x128 lib/time.o
                0x0000000000007716                set_dst
 .text.asctime_r
                0x000000000000783e       0xaa lib/time.o
                0x000000000000783e                asctime_r
 .text.asctime  0x00000000000078e8        0x8 lib/time.o
                0x00000000000078e8                asctime
 .text.ctime_gm
                0x00000000000078f0       0x22 lib/time.o
                0x00000000000078f0                ctime_gm
 .text.initialize_clock
                0x0000000000007912       0xee lib/time.o
                0x0000000000007912                initialize_clock
 .text.display_clock
                0x0000000000007a00       0xd8 lib/time.o
                0x0000000000007a00                display_clock
 .text._putc_buffer_fn
                0x0000000000007ad8       0x32 printf/printf.o
                0x0000000000007ad8                _putc_buffer_fn
 .text._putc_fn
                0x0000000000007b0a       0x18 printf/printf.o
 .text.bin2num  0x0000000000007b22      0x112 printf/printf.o
                0x0000000000007b22                bin2num
 .text.pch_init
                0x0000000000007c34       0x1a printf/printf.o
                0x0000000000007c34                pch_init
 .text.pch      0x0000000000007c4e       0x48 printf/printf.o
                0x0000000000007c4e                pch
 .text.p_ntoa   0x0000000000007c96       0xaa printf/printf.o
                0x0000000000007c96                p_ntoa
 .text.p_ftoa   0x0000000000007d40      0x20e printf/printf.o
                0x0000000000007d40                p_ftoa
 .text.p_etoa   0x0000000000007f4e      0x2b8 printf/printf.o
                0x0000000000007f4e                p_etoa
 .text._puts_pad
                0x0000000000008206       0x84 printf/printf.o
                0x0000000000008206                _puts_pad
 .text._printf_fn
                0x000000000000828a      0x824 printf/printf.o
                0x000000000000828a                _printf_fn
 .text.vsnprintf_P
                0x0000000000008aae       0x4c printf/printf.o
                0x0000000000008aae                vsnprintf_P
 .text.snprintf_P
                0x0000000000008afa       0x28 printf/printf.o
                0x0000000000008afa                snprintf_P
 .text.sprintf_P
                0x0000000000008b22       0x28 printf/printf.o
                0x0000000000008b22                sprintf_P
 .text.printf_P
                0x0000000000008b4a       0x3a printf/printf.o
                0x0000000000008b4a                printf_P
 .text.atodigit
                0x0000000000008b84       0x3c printf/mathio.o
                0x0000000000008b84                atodigit
 .text.strtol   0x0000000000008bc0       0xbc printf/mathio.o
                0x0000000000008bc0                strtol
 .text.atoi     0x0000000000008c7c        0xe printf/mathio.o
                0x0000000000008c7c                atoi
 .text.atol     0x0000000000008c8a        0xc printf/mathio.o
                0x0000000000008c8a                atol
 .text.ld_dword
                0x0000000000008c96       0x2a fatfs/ff.o
 .text.st_dword
                0x0000000000008cc0        0xc fatfs/ff.o
 .text.mem_set  0x0000000000008ccc       0x12 fatfs/ff.o
 .text.mem_cmp  0x0000000000008cde       0x1e fatfs/ff.o
 .text.tchar2uni
                0x0000000000008cfc      0x10c fatfs/ff.o
 .text.clst2sect
                0x0000000000008e08       0x50 fatfs/ff.o
 .text.clmt_clust
                0x0000000000008e58       0x78 fatfs/ff.o
 .text.sum_sfn  0x0000000000008ed0       0x1e fatfs/ff.o
 .text.get_ldnumber
                0x0000000000008eee       0x58 fatfs/ff.o
 .text.validate
                0x0000000000008f46       0x58 fatfs/ff.o
 .text.mem_cpy.part.0
                0x0000000000008f9e       0x16 fatfs/ff.o
 .text.put_utf  0x0000000000008fb4      0x15a fatfs/ff.o
 .text.get_fileinfo
                0x000000000000910e      0x220 fatfs/ff.o
 .text.ld_clust.isra.4
                0x000000000000932e       0x2a fatfs/ff.o
 .text.st_clust.isra.5
                0x0000000000009358       0x1a fatfs/ff.o
 .text.sync_window.part.6
                0x0000000000009372       0xa6 fatfs/ff.o
 .text.sync_fs  0x0000000000009418       0xe4 fatfs/ff.o
 .text.dir_clear
                0x00000000000094fc      0x150 fatfs/ff.o
 .text.move_window
                0x000000000000964c       0x76 fatfs/ff.o
 .text.check_fs
                0x00000000000096c2       0x80 fatfs/ff.o
 .text.mount_volume
                0x0000000000009742      0x4b4 fatfs/ff.o
 .text.put_fat  0x0000000000009bf6      0x1f6 fatfs/ff.o
 .text.get_fat.isra.10
                0x0000000000009dec      0x168 fatfs/ff.o
 .text.dir_sdi  0x0000000000009f54      0x182 fatfs/ff.o
 .text.create_chain
                0x000000000000a0d6      0x24c fatfs/ff.o
 .text.remove_chain
                0x000000000000a322      0x122 fatfs/ff.o
 .text.dir_next
                0x000000000000a444      0x1d0 fatfs/ff.o
 .text.dir_alloc
                0x000000000000a614       0x72 fatfs/ff.o
 .text.dir_read
                0x000000000000a686      0x192 fatfs/ff.o
 .text.dir_remove
                0x000000000000a818       0x90 fatfs/ff.o
 .text.dir_find
                0x000000000000a8a8      0x21c fatfs/ff.o
 .text.dir_register
                0x000000000000aac4      0x31c fatfs/ff.o
 .text.follow_path
                0x000000000000ade0      0x462 fatfs/ff.o
 .text.f_mount  0x000000000000b242       0x78 fatfs/ff.o
                0x000000000000b242                f_mount
 .text.f_open   0x000000000000b2ba      0x370 fatfs/ff.o
                0x000000000000b2ba                f_open
 .text.f_read   0x000000000000b62a      0x296 fatfs/ff.o
                0x000000000000b62a                f_read
 .text.f_write  0x000000000000b8c0      0x32e fatfs/ff.o
                0x000000000000b8c0                f_write
 .text.f_sync   0x000000000000bbee      0x100 fatfs/ff.o
                0x000000000000bbee                f_sync
 .text.f_close  0x000000000000bcee       0x32 fatfs/ff.o
                0x000000000000bcee                f_close
 .text.f_chdir  0x000000000000bd20       0xb6 fatfs/ff.o
                0x000000000000bd20                f_chdir
 .text.f_getcwd
                0x000000000000bdd6      0x26c fatfs/ff.o
                0x000000000000bdd6                f_getcwd
 .text.f_lseek  0x000000000000c042      0x578 fatfs/ff.o
                0x000000000000c042                f_lseek
 .text.f_opendir
                0x000000000000c5ba       0xe2 fatfs/ff.o
                0x000000000000c5ba                f_opendir
 .text.f_closedir
                0x000000000000c69c       0x2a fatfs/ff.o
                0x000000000000c69c                f_closedir
 .text.f_readdir
                0x000000000000c6c6       0x88 fatfs/ff.o
                0x000000000000c6c6                f_readdir
 .text.f_stat   0x000000000000c74e       0x7c fatfs/ff.o
                0x000000000000c74e                f_stat
 .text.f_getfree
                0x000000000000c7ca      0x1c0 fatfs/ff.o
                0x000000000000c7ca                f_getfree
 .text.f_unlink
                0x000000000000c98a      0x14e fatfs/ff.o
                0x000000000000c98a                f_unlink
 .text.f_mkdir  0x000000000000cad8      0x1e0 fatfs/ff.o
                0x000000000000cad8                f_mkdir
 .text.f_rename
                0x000000000000ccb8      0x22a fatfs/ff.o
                0x000000000000ccb8                f_rename
 .text.f_chmod  0x000000000000cee2       0x9a fatfs/ff.o
                0x000000000000cee2                f_chmod
 .text.f_utime  0x000000000000cf7c       0xb2 fatfs/ff.o
                0x000000000000cf7c                f_utime
 .text.f_getlabel
                0x000000000000d02e      0x138 fatfs/ff.o
                0x000000000000d02e                f_getlabel
 .text.ff_memalloc
                0x000000000000d166        0x6 fatfs/ffsystem.o
                0x000000000000d166                ff_memalloc
 .text.ff_memfree
                0x000000000000d16c        0x6 fatfs/ffsystem.o
                0x000000000000d16c                ff_memfree
 .text.ff_uni2oem
                0x000000000000d172       0x66 fatfs/ffunicode.o
                0x000000000000d172                ff_uni2oem
 .text.ff_oem2uni
                0x000000000000d1d8       0x2a fatfs/ffunicode.o
                0x000000000000d1d8                ff_oem2uni
 .text.ff_wtoupper
                0x000000000000d202       0xc4 fatfs/ffunicode.o
                0x000000000000d202                ff_wtoupper
 .text.disk_status
                0x000000000000d2c6        0xc fatfs.hal/diskio.o
                0x000000000000d2c6                disk_status
 .text.disk_initialize
                0x000000000000d2d2        0xc fatfs.hal/diskio.o
                0x000000000000d2d2                disk_initialize
 .text.disk_read
                0x000000000000d2de       0x20 fatfs.hal/diskio.o
                0x000000000000d2de                disk_read
 .text.disk_write
                0x000000000000d2fe       0x20 fatfs.hal/diskio.o
                0x000000000000d2fe                disk_write
 .text.disk_ioctl
                0x000000000000d31e       0x14 fatfs.hal/diskio.o
                0x000000000000d31e                disk_ioctl
 .text.xchg_spi
                0x000000000000d332        0x4 fatfs.hal/mmc.o
 .text.deselect
                0x000000000000d336        0xc fatfs.hal/mmc.o
 .text.rcvr_datablock
                0x000000000000d342       0x4e fatfs.hal/mmc.o
 .text.wait_ready
                0x000000000000d390       0x24 fatfs.hal/mmc.o
                0x000000000000d390                wait_ready
 .text.select   0x000000000000d3b4       0x44 fatfs.hal/mmc.o
 .text.send_cmd
                0x000000000000d3f8       0x86 fatfs.hal/mmc.o
 .text.xmit_datablock
                0x000000000000d47e       0x54 fatfs.hal/mmc.o
 .text.mmc_disk_initialize
                0x000000000000d4d2      0x14a fatfs.hal/mmc.o
                0x000000000000d4d2                mmc_disk_initialize
 .text.mmc_disk_status
                0x000000000000d61c        0x6 fatfs.hal/mmc.o
                0x000000000000d61c                mmc_disk_status
 .text.mmc_disk_read
                0x000000000000d622       0x8c fatfs.hal/mmc.o
                0x000000000000d622                mmc_disk_read
 .text.mmc_disk_write
                0x000000000000d6ae       0xca fatfs.hal/mmc.o
                0x000000000000d6ae                mmc_disk_write
 .text.mmc_disk_ioctl
                0x000000000000d778      0x47c fatfs.hal/mmc.o
                0x000000000000d778                mmc_disk_ioctl
 .text.mmc_disk_timerproc
                0x000000000000dbf4       0x1e fatfs.hal/mmc.o
                0x000000000000dbf4                mmc_disk_timerproc
 .text.mmc_task
                0x000000000000dc12       0x3c fatfs.hal/mmc_hal.o
 .text.mmc_install_timer
                0x000000000000dc4e       0x38 fatfs.hal/mmc_hal.o
                0x000000000000dc4e                mmc_install_timer
 .text.mmc_spi_begin
                0x000000000000dc86       0x1a fatfs.hal/mmc_hal.o
                0x000000000000dc86                mmc_spi_begin
 .text.mmc_spi_end
                0x000000000000dca0        0x8 fatfs.hal/mmc_hal.o
                0x000000000000dca0                mmc_spi_end
 .text.mmc_slow
                0x000000000000dca8       0x1a fatfs.hal/mmc_hal.o
                0x000000000000dca8                mmc_slow
 .text.mmc_spi_init
                0x000000000000dcc2        0xa fatfs.hal/mmc_hal.o
                0x000000000000dcc2                mmc_spi_init
 .text.mmc_fast
                0x000000000000dccc       0x1a fatfs.hal/mmc_hal.o
                0x000000000000dccc                mmc_fast
 .text.mmc_spi_TX_buffer
                0x000000000000dce6        0x6 fatfs.hal/mmc_hal.o
                0x000000000000dce6                mmc_spi_TX_buffer
 .text.mmc_spi_RX_buffer
                0x000000000000dcec        0x6 fatfs.hal/mmc_hal.o
                0x000000000000dcec                mmc_spi_RX_buffer
 .text.mmc_spi_TXRX
                0x000000000000dcf2        0x6 fatfs.hal/mmc_hal.o
                0x000000000000dcf2                mmc_spi_TXRX
 .text.mmc_set_ms_timeout
                0x000000000000dcf8        0xe fatfs.hal/mmc_hal.o
                0x000000000000dcf8                mmc_set_ms_timeout
 .text.mmc_test_timeout
                0x000000000000dd06       0x48 fatfs.hal/mmc_hal.o
                0x000000000000dd06                mmc_test_timeout
 .text.mmc_init
                0x000000000000dd4e      0x138 fatfs.hal/mmc_hal.o
                0x000000000000dd4e                mmc_init
 .text.mmc_power_on
                0x000000000000de86        0x2 fatfs.hal/mmc_hal.o
                0x000000000000de86                mmc_power_on
 .text.mmc_power_off
                0x000000000000de88        0x2 fatfs.hal/mmc_hal.o
                0x000000000000de88                mmc_power_off
 .text.mmc_ins_status
                0x000000000000de8a        0x6 fatfs.hal/mmc_hal.o
                0x000000000000de8a                mmc_ins_status
 .text.mmc_wp_status
                0x000000000000de90        0x6 fatfs.hal/mmc_hal.o
                0x000000000000de90                mmc_wp_status
 .text.tm_to_fat
                0x000000000000de96       0xd8 fatfs.sup/fatfs_sup.o
                0x000000000000de96                tm_to_fat
 .text.get_fattime
                0x000000000000df6e       0x26 fatfs.sup/fatfs_sup.o
                0x000000000000df6e                get_fattime
 .text.put_rc   0x000000000000df94       0x2a fatfs.sup/fatfs_sup.o
                0x000000000000df94                put_rc
 .text.fatfs_scan_files
                0x000000000000dfbe       0xe0 fatfs.sup/fatfs_sup.o
                0x000000000000dfbe                fatfs_scan_files
 .text.fatfs_fstype
                0x000000000000e09e       0x1e fatfs.sup/fatfs_sup.o
                0x000000000000e09e                fatfs_fstype
 .text.fatfs_status
                0x000000000000e0bc      0x2f4 fatfs.sup/fatfs_sup.o
                0x000000000000e0bc                fatfs_status
 .text.fatfs_filinfo_list
                0x000000000000e3b0      0x106 fatfs.sup/fatfs_sup.o
                0x000000000000e3b0                fatfs_filinfo_list
 .text.fatfs_help
                0x000000000000e4b6       0x42 fatfs.sup/fatfs_tests.o
                0x000000000000e4b6                fatfs_help
 .text.fatfs_ls
                0x000000000000e4f8      0x176 fatfs.sup/fatfs_tests.o
                0x000000000000e4f8                fatfs_ls
 .text.mmc_test
                0x000000000000e66e       0x7c fatfs.sup/fatfs_tests.o
                0x000000000000e66e                mmc_test
 .text.fatfs_tests
                0x000000000000e6ea      0x120 fatfs.sup/fatfs_tests.o
                0x000000000000e6ea                fatfs_tests
 .text.fatfs_getc
                0x000000000000e80a      0x106 posix/posix.o
                0x000000000000e80a                fatfs_getc
 .text.fatfs_putc
                0x000000000000e910       0x96 posix/posix.o
                0x000000000000e910                fatfs_putc
 .text.fgetc    0x000000000000e9a6       0xac posix/posix.o
                0x000000000000e9a6                fgetc
 .text.fputc    0x000000000000ea52       0xa4 posix/posix.o
                0x000000000000ea52                fputc
 .text._fprintf_putc
                0x000000000000eaf6       0x1a posix/posix.o
 .text.getchar  0x000000000000eb10        0xc posix/posix.o
                0x000000000000eb10                getchar
 .text.putchar  0x000000000000eb1c        0xc posix/posix.o
                0x000000000000eb1c                putchar
 .text.fgets    0x000000000000eb28       0x68 posix/posix.o
                0x000000000000eb28                fgets
 .text.fputs    0x000000000000eb90       0x30 posix/posix.o
                0x000000000000eb90                fputs
 .text.puts     0x000000000000ebc0       0x2e posix/posix.o
                0x000000000000ebc0                puts
 .text.fileno   0x000000000000ebee       0x38 posix/posix.o
                0x000000000000ebee                fileno
 .text.fileno_to_stream
                0x000000000000ec26       0x2a posix/posix.o
                0x000000000000ec26                fileno_to_stream
 .text.mctime   0x000000000000ec50       0x4a posix/posix.o
                0x000000000000ec50                mctime
 .text.basename
                0x000000000000ec9a       0x1c posix/posix.o
                0x000000000000ec9a                basename
 .text.chdir    0x000000000000ecb6       0x3e posix/posix.o
                0x000000000000ecb6                chdir
 .text.chmod    0x000000000000ecf4       0x52 posix/posix.o
                0x000000000000ecf4                chmod
 .text.getcwd   0x000000000000ed46       0x4a posix/posix.o
                0x000000000000ed46                getcwd
 .text.mkdir    0x000000000000ed90       0x5c posix/posix.o
                0x000000000000ed90                mkdir
 .text.rename   0x000000000000edec       0x3e posix/posix.o
                0x000000000000edec                rename
 .text.unlink   0x000000000000ee2a       0x3e posix/posix.o
                0x000000000000ee2a                unlink
 .text.rmdir    0x000000000000ee68        0x4 posix/posix.o
                0x000000000000ee68                rmdir
 .text.closedir
                0x000000000000ee6c       0x36 posix/posix.o
                0x000000000000ee6c                closedir
 .text.opendir  0x000000000000eea2       0x3c posix/posix.o
                0x000000000000eea2                opendir
 .text.readdir  0x000000000000eede       0x7c posix/posix.o
                0x000000000000eede                readdir
 .text.perror   0x000000000000ef5a       0x8a posix/posix.o
                0x000000000000ef5a                perror
 .text.fdevopen
                0x000000000000efe4       0x96 posix/posix.o
                0x000000000000efe4                fdevopen
 .text.fat_time_to_unix
                0x000000000000f07a       0x88 posix/posix.o
                0x000000000000f07a                fat_time_to_unix
 .text.stat     0x000000000000f102      0x134 posix/posix.o
                0x000000000000f102                stat
 .text.unix_time_to_fat
                0x000000000000f236       0x90 posix/posix.o
                0x000000000000f236                unix_time_to_fat
 .text.utime    0x000000000000f2c6       0x86 posix/posix.o
                0x000000000000f2c6                utime
 .text.fileno_to_fatfs
                0x000000000000f34c       0x2a posix/posix.o
                0x000000000000f34c                fileno_to_fatfs
 .text.ftell    0x000000000000f376       0x36 posix/posix.o
                0x000000000000f376                ftell
 .text.lseek    0x000000000000f3ac       0xd0 posix/posix.o
                0x000000000000f3ac                lseek
 .text.fseek    0x000000000000f47c       0x4e posix/posix.o
                0x000000000000f47c                fseek
 .text.read     0x000000000000f4ca       0xda posix/posix.o
                0x000000000000f4ca                read
 .text.fread    0x000000000000f5a4       0x38 posix/posix.o
                0x000000000000f5a4                fread
 .text.syncfs   0x000000000000f5dc       0x66 posix/posix.o
                0x000000000000f5dc                syncfs
 .text.sync     0x000000000000f642       0x2a posix/posix.o
                0x000000000000f642                sync
 .text.write    0x000000000000f66c       0xdc posix/posix.o
                0x000000000000f66c                write
 .text.fwrite   0x000000000000f748       0x38 posix/posix.o
                0x000000000000f748                fwrite
 .text.free_file_descriptor
                0x000000000000f780       0x6a posix/posix.o
                0x000000000000f780                free_file_descriptor
 .text.close    0x000000000000f7ea       0x62 posix/posix.o
                0x000000000000f7ea                close
 .text.fclose   0x000000000000f84c       0x10 posix/posix.o
                0x000000000000f84c                fclose
 .text.new_file_descriptor
                0x000000000000f85c       0x8a posix/posix.o
                0x000000000000f85c                new_file_descriptor
 .text.open     0x000000000000f8e6      0x13e posix/posix.o
                0x000000000000f8e6                open
 .text.posix_fopen_modes_to_open
                0x000000000000fa24       0xd4 posix/posix.o
                0x000000000000fa24                posix_fopen_modes_to_open
 .text.fopen    0x000000000000faf8       0x18 posix/posix.o
                0x000000000000faf8                fopen
 .text.fprintf  0x000000000000fb10       0x40 posix/posix.o
                0x000000000000fb10                fprintf
 .text.posix_help
                0x000000000000fb50       0x42 posix/posix_tests.o
                0x000000000000fb50                posix_help
 .text.copy     0x000000000000fb92      0x1bc posix/posix_tests.o
                0x000000000000fb92                copy
 .text.testpage
                0x000000000000fd4e       0x70 posix/posix_tests.o
                0x000000000000fd4e                testpage
 .text.cat      0x000000000000fdbe       0xd8 posix/posix_tests.o
                0x000000000000fdbe                cat
 .text.ls_info  0x000000000000fe96      0x176 posix/posix_tests.o
                0x000000000000fe96                ls_info