Archive member included to satisfy reference by file (symbol)

/usr/lib/gcc/avr/5.4.0/avr51/libgcc.a(_mulsi3.o)
                              printf/mathio.o (__mulsi3)
/usr/lib/gcc/avr/5.4.0/avr51/libgcc.a(_udivmodqi4.o)
                              hardware/rtc.o (__udivmodqi4)
/usr/lib/gcc/avr/5.4.0/avr51/libgcc.a(_udivmodhi4.o)
                              fatfs/ff.o (__udivmodhi4)
/usr/lib/gcc/avr/5.4.0/avr51/libgcc.a(_divmodhi4.o)
                              lib/time.o (__divmodhi4)
/usr/lib/gcc/avr/5.4.0/avr51/libgcc.a(_udivmodsi4.o)
                              hardware/spi.o (__udivmodsi4)
/usr/lib/gcc/avr/5.4.0/avr51/libgcc.a(_divmodsi4.o)
                              lib/time.o (__divmodsi4)
/usr/lib/gcc/avr/5.4.0/avr51/libgcc.a(_negsi2.o)
                              /usr/lib/gcc/avr/5.4.0/avr51/libgcc.a(_divmodsi4.o) (__negsi2)
/usr/lib/gcc/avr/5.4.0/avr51/libgcc.a(_exit.o)
                              /usr/lib/gcc/avr/5.4.0/../../../avr/lib/avr51/crtatmega1284p.o (exit)
/usr/lib/gcc/avr/5.4.0/avr51/libgcc.a(_tablejump2.o)
                              printf/printf.o (__tablejump2__)
/usr/lib/gcc/avr/5.4.0/avr51/libgcc.a(_copy_data.o)
                              hardware/hal.o (__do_copy_data)
/usr/lib/gcc/avr/5.4.0/avr51/libgcc.a(_clear_bss.o)
                              hardware/hal.o (__do_clear_bss)
/usr/lib/gcc/avr/5.4.0/avr51/libgcc.a(_usmulhisi3.o)
                              lib/time.o (__usmulhisi3)
/usr/lib/gcc/avr/5.4.0/avr51/libgcc.a(_muluhisi3.o)
                              lib/timer_hal.o (__muluhisi3)
/usr/lib/gcc/avr/5.4.0/avr51/libgcc.a(_mulshisi3.o)
                              gpib/amigo.o (__mulshisi3)
/usr/lib/gcc/avr/5.4.0/avr51/libgcc.a(_muldi3.o)
                              printf/mathio.o (__muldi3)
/usr/lib/gcc/avr/5.4.0/avr51/libgcc.a(_muldi3_6.o)
                              /usr/lib/gcc/avr/5.4.0/avr51/libgcc.a(_muldi3.o) (__muldi3_6)
/usr/lib/gcc/avr/5.4.0/avr51/libgcc.a(_negdi2.o)
                              printf/printf.o (__negdi2)
/usr/lib/gcc/avr/5.4.0/avr51/libgcc.a(_prologue.o)
                              hardware/hal.o (__prologue_saves__)
/usr/lib/gcc/avr/5.4.0/avr51/libgcc.a(_epilogue.o)
                              hardware/hal.o (__epilogue_restores__)
/usr/lib/gcc/avr/5.4.0/avr51/libgcc.a(_xload_1.o)
                              printf/printf.o (__xload_1)
/usr/lib/gcc/avr/5.4.0/avr51/libgcc.a(_adddi3.o)
                              printf/mathio.o (__adddi3)
/usr/lib/gcc/avr/5.4.0/avr51/libgcc.a(_cmpdi2_s8.o)
                              printf/printf.o (__cmpdi2_s8)
/usr/lib/gcc/avr/5.4.0/avr51/libgcc.a(_umulhisi3.o)
                              /usr/lib/gcc/avr/5.4.0/avr51/libgcc.a(_usmulhisi3.o) (__umulhisi3)
/usr/lib/gcc/avr/5.4.0/../../../avr/lib/avr51/libm.a(addsf3.o)
                              hardware/rs232.o (__subsf3)
/usr/lib/gcc/avr/5.4.0/../../../avr/lib/avr51/libm.a(addsf3x.o)
                              /usr/lib/gcc/avr/5.4.0/../../../avr/lib/avr51/libm.a(addsf3.o) (__addsf3x)
/usr/lib/gcc/avr/5.4.0/../../../avr/lib/avr51/libm.a(cmpsf2.o)
                              printf/mathio.o (__eqsf2)
/usr/lib/gcc/avr/5.4.0/../../../avr/lib/avr51/libm.a(divsf3.o)
                              hardware/rs232.o (__divsf3)
/usr/lib/gcc/avr/5.4.0/../../../avr/lib/avr51/libm.a(divsf3x.o)
                              /usr/lib/gcc/avr/5.4.0/../../../avr/lib/avr51/libm.a(divsf3.o) (__divsf3x)
/usr/lib/gcc/avr/5.4.0/../../../avr/lib/avr51/libm.a(fixsfsi.o)
                              printf/printf.o (__fixsfsi)
/usr/lib/gcc/avr/5.4.0/../../../avr/lib/avr51/libm.a(fixunssfsi.o)
                              hardware/rs232.o (__fixunssfsi)
/usr/lib/gcc/avr/5.4.0/../../../avr/lib/avr51/libm.a(floatsisf.o)
                              hardware/rs232.o (__floatunsisf)
/usr/lib/gcc/avr/5.4.0/../../../avr/lib/avr51/libm.a(fp_cmp.o)
                              /usr/lib/gcc/avr/5.4.0/../../../avr/lib/avr51/libm.a(cmpsf2.o) (__fp_cmp)
/usr/lib/gcc/avr/5.4.0/../../../avr/lib/avr51/libm.a(fp_inf.o)
                              /usr/lib/gcc/avr/5.4.0/../../../avr/lib/avr51/libm.a(addsf3x.o) (__fp_inf)
/usr/lib/gcc/avr/5.4.0/../../../avr/lib/avr51/libm.a(fp_nan.o)
                              /usr/lib/gcc/avr/5.4.0/../../../avr/lib/avr51/libm.a(addsf3x.o) (__fp_nan)
/usr/lib/gcc/avr/5.4.0/../../../avr/lib/avr51/libm.a(fp_pscA.o)
                              /usr/lib/gcc/avr/5.4.0/../../../avr/lib/avr51/libm.a(addsf3x.o) (__fp_pscA)
/usr/lib/gcc/avr/5.4.0/../../../avr/lib/avr51/libm.a(fp_pscB.o)
                              /usr/lib/gcc/avr/5.4.0/../../../avr/lib/avr51/libm.a(addsf3x.o) (__fp_pscB)
/usr/lib/gcc/avr/5.4.0/../../../avr/lib/avr51/libm.a(fp_round.o)
                              /usr/lib/gcc/avr/5.4.0/../../../avr/lib/avr51/libm.a(addsf3.o) (__fp_round)
/usr/lib/gcc/avr/5.4.0/../../../avr/lib/avr51/libm.a(fp_split3.o)
[...]
Memory Configuration

Name             Origin             Length             Attributes
text             0x0000000000000000 0x0000000000020000 xr
data             0x0000000000800100 0x000000000000ff00 rw !x
eeprom           0x0000000000810000 0x0000000000010000 rw !x
fuse             0x0000000000820000 0x0000000000000003 rw !x
lock             0x0000000000830000 0x0000000000000400 rw !x
signature        0x0000000000840000 0x0000000000000400 rw !x
user_signatures  0x0000000000850000 0x0000000000000400 rw !x
*default*        0x0000000000000000 0xffffffffffffffff

Linker script and memory map

Address of section .data set to 0x800100
LOAD /usr/lib/gcc/avr/5.4.0/../../../avr/lib/avr51/crtatmega1284p.o
LOAD hardware/hal.o
LOAD hardware/ram.o
LOAD hardware/delay.o
LOAD hardware/rs232.o
LOAD hardware/spi.o
LOAD hardware/i2c.o
LOAD hardware/rtc.o
LOAD lib/stringsup.o
LOAD lib/parsing.o
LOAD lib/timer_hal.o
LOAD lib/timer.o
LOAD lib/time.o
LOAD lib/queue.o
LOAD printf/printf.o
LOAD printf/mathio.o
LOAD fatfs/ff.o
LOAD fatfs/ffsystem.o
LOAD fatfs/ffunicode.o
LOAD fatfs.hal/diskio.o
LOAD fatfs.hal/mmc.o
LOAD fatfs.hal/mmc_hal.o
LOAD fatfs.sup/fatfs_sup.o
LOAD fatfs.sup/fatfs_tests.o
LOAD posix/posix.o
LOAD posix/posix_tests.o
LOAD gpib/gpib_hal.o
LOAD gpib/gpib.o
LOAD gpib/gpib_task.o
LOAD gpib/gpib_tests.o
LOAD gpib/drives.o
LOAD gpib/drives_sup.o
LOAD gpib/ss80.o
LOAD gpib/amigo.o
LOAD gpib/printer.o
LOAD gpib/vector.o
LOAD gpib/controller.o
LOAD lif/lifsup.o
LOAD lif/lifutils.o
LOAD main.o
START GROUP
LOAD /usr/lib/gcc/avr/5.4.0/avr51/libgcc.a
LOAD /usr/lib/gcc/avr/5.4.0/../../../avr/lib/avr51/libm.a
LOAD /usr/lib/gcc/avr/5.4.0/../../../avr/lib/avr51/libc.a
END GROUP
                0x0000000000000000                __TEXT_REGION_ORIGIN__ = DEFINED (__TEXT_REGION_ORIGIN__)?__TEXT_REGION_ORIGIN__:0x0
                0x0000000000800100                __DATA_REGION_ORIGIN__ = DEFINED (__DATA_REGION_ORIGIN__)?__DATA_REGION_ORIGIN__:0x800100
                0x0000000000020000                __TEXT_REGION_LENGTH__ = DEFINED (__TEXT_REGION_LENGTH__)?__TEXT_REGION_LENGTH__:0x20000
                0x000000000000ff00                __DATA_REGION_LENGTH__ = DEFINED (__DATA_REGION_LENGTH__)?__DATA_REGION_LENGTH__:0xff00
                0x0000000000010000                __EEPROM_REGION_LENGTH__ = DEFINED (__EEPROM_REGION_LENGTH__)?__EEPROM_REGION_LENGTH__:0x10000
                [0x0000000000000003]                __FUSE_REGION_LENGTH__ = DEFINED (__FUSE_REGION_LENGTH__)?__FUSE_REGION_LENGTH__:0x400
                0x0000000000000400                __LOCK_REGION_LENGTH__ = DEFINED (__LOCK_REGION_LENGTH__)?__LOCK_REGION_LENGTH__:0x400
                0x0000000000000400                __SIGNATURE_REGION_LENGTH__ = DEFINED (__SIGNATURE_REGION_LENGTH__)?__SIGNATURE_REGION_LENGTH__:0x400
                0x0000000000000400                __USER_SIGNATURE_REGION_LENGTH__ = DEFINED (__USER_SIGNATURE_REGION_LENGTH__)?__USER_SIGNATURE_REGION_LENGTH__:0x400

.hash
 *(.hash)

.dynsym
 *(.dynsym)

.dynstr
 *(.dynstr)

.gnu.version
 *(.gnu.version)

.gnu.version_d
 *(.gnu.version_d)

.gnu.version_r
 *(.gnu.version_r)

.rel.init
 *(.rel.init)

.rela.init
 *(.rela.init)

.rel.text
 *(.rel.text)
 *(.rel.text.*)
 *(.rel.gnu.linkonce.t*)

.rela.text
 *(.rela.text)
 *(.rela.text.*)
 *(.rela.gnu.linkonce.t*)

.rel.fini
 *(.rel.fini)

.rela.fini
 *(.rela.fini)

.rel.rodata
 *(.rel.rodata)
 *(.rel.rodata.*)
 *(.rel.gnu.linkonce.r*)

.rela.rodata
 *(.rela.rodata)
 *(.rela.rodata.*)
 *(.rela.gnu.linkonce.r*)

.rel.data
 *(.rel.data)
 *(.rel.data.*)
 *(.rel.gnu.linkonce.d*)

.rela.data
 *(.rela.data)
 *(.rela.data.*)
 *(.rela.gnu.linkonce.d*)

.rel.ctors
 *(.rel.ctors)

.rela.ctors
 *(.rela.ctors)

.rel.dtors
 *(.rel.dtors)

.rela.dtors
 *(.rela.dtors)

.rel.got
 *(.rel.got)

.rela.got
 *(.rela.got)

.rel.bss
 *(.rel.bss)

.rela.bss
 *(.rela.bss)

.rel.plt
 *(.rel.plt)

.rela.plt
 *(.rela.plt)

.text           0x0000000000000000    0x1c9ce
 *(.vectors)
 .vectors       0x0000000000000000       0x8c /usr/lib/gcc/avr/5.4.0/../../../avr/lib/avr51/crtatmega1284p.o
                0x0000000000000000                __vectors
                0x0000000000000000                __vector_default
 *(.vectors)
 *(.progmem.gcc*)
 .progmem.gcc_sw_table._printf_fn
                0x000000000000008c       0xdc printf/printf.o
 .progmem.gcc_sw_table.ff_wtoupper
                0x0000000000000168       0x12 fatfs/ffunicode.o
 .progmem.gcc_sw_table.gpib_write_byte
                0x000000000000017a       0x14 gpib/gpib.o
 .progmem.gcc_sw_table.gpib_read_byte
                0x000000000000018e       0x12 gpib/gpib.o
 .progmem.gcc_sw_table.Read_Config
                0x00000000000001a0       0x20 gpib/drives.o
 .progmem.gcc_sw_table.Amigo_Execute
                0x00000000000001c0       0x16 gpib/amigo.o
                0x00000000000001d6                . = ALIGN (0x2)
                0x00000000000001d6                __trampolines_start = .
 *(.trampolines)
 .trampolines   0x00000000000001d6        0x0 linker stubs
 *(.trampolines*)
                0x00000000000001d6                __trampolines_end = .
 *libprintf_flt.a:*(.progmem.data)
 *libc.a:*(.progmem.data)
 *(.progmem*)
 .progmem.data.__c.3622
                0x00000000000001d6       0x1e hardware/hal.o
 .progmem.data.__c.3617
                0x00000000000001f4       0x1d hardware/hal.o
 .progmem.data.__c.3648
                0x0000000000000211       0x25 hardware/ram.o
 .progmem.data.__c.3639
                0x0000000000000236       0x18 hardware/ram.o
 .progmem.data.__c.3633
                0x000000000000024e       0x1b hardware/ram.o
 .progmem.data.__c.3618
                0x0000000000000269       0x14 hardware/ram.o
 .progmem.data.__c.3616
                0x000000000000027d       0x1e hardware/ram.o
 .progmem.data.__c.3614
                0x000000000000029b       0x1e hardware/ram.o
 .progmem.data.__c.3612
                0x00000000000002b9       0x1e hardware/ram.o
 .progmem.data.__c.3610
                0x00000000000002d7       0x1e hardware/ram.o
 .progmem.data.__c.3608
                0x00000000000002f5       0x13 hardware/ram.o
 .progmem.data.__c.3606
                0x0000000000000308       0x13 hardware/ram.o
 .progmem.data.__c.3604
                0x000000000000031b        0xd hardware/ram.o
 .progmem.data.__c.3602
                0x0000000000000328       0x1d hardware/spi.o
 .progmem.data.__c.3721
                0x0000000000000345        0x2 hardware/i2c.o
 .progmem.data.__c.3719
                0x0000000000000347        0xa hardware/i2c.o
 .progmem.data.__c.3717
                0x0000000000000351       0x14 hardware/i2c.o
 .progmem.data.__c.3715
                0x0000000000000365       0x13 hardware/i2c.o
 .progmem.data.__c.3710
                0x0000000000000378        0x2 hardware/i2c.o
 .progmem.data.__c.3708
                0x000000000000037a       0x13 hardware/i2c.o
 .progmem.data.__c.3706
                0x000000000000038d       0x12 hardware/i2c.o
 .progmem.data.__c.3704
                0x000000000000039f       0x12 hardware/i2c.o
 .progmem.data.__c.3702
                0x00000000000003b1        0xc hardware/i2c.o
 .progmem.data.__c.3700
                0x00000000000003bd        0xa hardware/i2c.o
 .progmem.data.__c.3698
                0x00000000000003c7        0xe hardware/i2c.o
 .progmem.data.__c.3696
                0x00000000000003d5        0x6 hardware/i2c.o
 .progmem.data.__c.3646
                0x00000000000003db       0x17 hardware/i2c.o
 .progmem.data.__c.3640
                0x00000000000003f2       0x1c hardware/i2c.o
 .progmem.data.__c.3597
                0x000000000000040e       0x16 hardware/i2c.o
 .progmem.data.__c.3595
                0x0000000000000424       0x19 hardware/i2c.o
 .progmem.data.__c.3593
                0x000000000000043d       0x18 hardware/i2c.o
 .progmem.data.__c.3643
                0x0000000000000455       0x1e hardware/rtc.o
 .progmem.data.__c.3633
                0x0000000000000473       0x15 hardware/rtc.o
 .progmem.data.__c.3631
                0x0000000000000488       0x14 hardware/rtc.o
 .progmem.data.__c.3625
                0x000000000000049c       0x10 hardware/rtc.o
 .progmem.data.__c.3619
                0x00000000000004ac       0x11 hardware/rtc.o
 .progmem.data.__c.3611
                0x00000000000004bd       0x19 hardware/rtc.o
 .progmem.data.__c.3609
                0x00000000000004d6       0x1c hardware/rtc.o
 .progmem.data.__c.3601
                0x00000000000004f2       0x1a hardware/rtc.o
 .progmem.data.__c.3629
                0x000000000000050c       0x26 lib/parsing.o
 .progmem.data.__c.3586
                0x0000000000000532       0x20 lib/parsing.o
 .progmem.data.__c.3665
                0x0000000000000552       0x10 lib/timer.o
 .progmem.data.__c.3663
                0x0000000000000562       0x11 lib/timer.o
 .progmem.data.__c.3661
                0x0000000000000573       0x18 lib/timer.o
 .progmem.data.__c.3659
                0x000000000000058b        0xc lib/timer.o
 .progmem.data.__c.3657
                0x0000000000000597       0x13 lib/timer.o
 .progmem.data.__c.3655
                0x00000000000005aa       0x14 lib/timer.o
 .progmem.data.__c.3635
                0x00000000000005be        0xb lib/timer.o
 .progmem.data.__c.3633
                0x00000000000005c9        0xe lib/timer.o
 .progmem.data.__c.3619
                0x00000000000005d7        0xa lib/timer.o
 .progmem.data.__c.3599
                0x00000000000005e1       0x1d lib/timer.o
 .progmem.data.__c.3874
                0x00000000000005fe       0x11 lib/time.o
 .progmem.data.__c.3872
                0x000000000000060f       0x12 lib/time.o
 .progmem.data.__c.3870
                0x0000000000000621       0x11 lib/time.o
 .progmem.data.__c.3868
                0x0000000000000632       0x11 lib/time.o
 .progmem.data.__c.3866
                0x0000000000000643       0x12 lib/time.o
 .progmem.data.__c.3859
                0x0000000000000655       0x24 lib/time.o
 .progmem.data.__c.3857
                0x0000000000000679       0x1a lib/time.o
 .progmem.data.__c.3855
                0x0000000000000693       0x17 lib/time.o
 .progmem.data.__c.3853
                0x00000000000006aa       0x15 lib/time.o
 .progmem.data.__c.3851
                0x00000000000006bf       0x12 lib/time.o
 .progmem.data.__c.3805
                0x00000000000006d1       0x17 lib/time.o
 .progmem.data.__c.3803
                0x00000000000006e8       0x11 lib/time.o
 .progmem.data.__c.3801
                0x00000000000006f9       0x12 lib/time.o
 .progmem.data.__c.3799
                0x000000000000070b       0x11 lib/time.o
 .progmem.data.__c.3797
                0x000000000000071c       0x11 lib/time.o
 .progmem.data.__c.3795
                0x000000000000072d       0x12 lib/time.o
 .progmem.data.__c.3774
                0x000000000000073f       0x21 lib/time.o
 .progmem.data.__c.3649
                0x0000000000000760       0x1d lib/time.o
 .progmem.data.__c.3617
                0x000000000000077d       0x10 fatfs.hal/mmc.o
 .progmem.data.__c.3650
                0x000000000000078d        0xe fatfs.hal/mmc_hal.o
 .progmem.data.__c.3648
                0x000000000000079b       0x15 fatfs.hal/mmc_hal.o
 .progmem.data.__c.3646
                0x00000000000007b0       0x1e fatfs.hal/mmc_hal.o
 .progmem.data.__c.3643
                0x00000000000007ce       0x11 fatfs.hal/mmc_hal.o
 .progmem.data.__c.3641
                0x00000000000007df        0xc fatfs.hal/mmc_hal.o
 .progmem.data.__c.3639
                0x00000000000007eb       0x13 fatfs.hal/mmc_hal.o
 .progmem.data.__c.3637
                0x00000000000007fe       0x20 fatfs.hal/mmc_hal.o
 .progmem.data.__c.3635
                0x000000000000081e       0x10 fatfs.hal/mmc_hal.o
 .progmem.data.__c.3622
                0x000000000000082e        0xd fatfs.hal/mmc_hal.o
 .progmem.data.__c.3594
                0x000000000000083b       0x1c fatfs.hal/mmc_hal.o
 .progmem.data.__c.3666
                0x0000000000000857        0x2 fatfs.sup/fatfs_sup.o
 .progmem.data.__c.3664
                0x0000000000000859       0x22 fatfs.sup/fatfs_sup.o
 .progmem.data.__c.3662
                0x000000000000087b       0x1b fatfs.sup/fatfs_sup.o
 .progmem.data.__c.3656
                0x0000000000000896       0x4d fatfs.sup/fatfs_sup.o
 .progmem.data.__c.3654
                0x00000000000008e3       0x25 fatfs.sup/fatfs_sup.o
 .progmem.data.__c.3652
                0x0000000000000908       0x1e fatfs.sup/fatfs_sup.o
 .progmem.data.__c.3650
                0x0000000000000926       0x1f fatfs.sup/fatfs_sup.o
 .progmem.data.__c.3648
                0x0000000000000945       0x1f fatfs.sup/fatfs_sup.o
 .progmem.data.__c.3646
                0x0000000000000964       0x1f fatfs.sup/fatfs_sup.o
 .progmem.data.__c.3644
                0x0000000000000983       0x1f fatfs.sup/fatfs_sup.o
 .progmem.data.__c.3642
                0x00000000000009a2       0x1f fatfs.sup/fatfs_sup.o
 .progmem.data.__c.3640
                0x00000000000009c1       0x1e fatfs.sup/fatfs_sup.o
 .progmem.data.__c.3638
                0x00000000000009df       0x1e fatfs.sup/fatfs_sup.o
 .progmem.data.__c.3636
                0x00000000000009fd       0x1f fatfs.sup/fatfs_sup.o
 .progmem.data.__c.3634
                0x0000000000000a1c       0x1e fatfs.sup/fatfs_sup.o
 .progmem.data.__c.3632
                0x0000000000000a3a       0x11 fatfs.sup/fatfs_sup.o
 .progmem.data.__c.3596
                0x0000000000000a4b        0x7 fatfs.sup/fatfs_sup.o
 .progmem.data.__c.3634
                0x0000000000000a52       0x15 fatfs.sup/fatfs_tests.o
 .progmem.data.__c.3632
                0x0000000000000a67       0x29 fatfs.sup/fatfs_tests.o
 .progmem.data.__c.3628
                0x0000000000000a90        0xe fatfs.sup/fatfs_tests.o
 .progmem.data.__c.3615
                0x0000000000000a9e       0x20 fatfs.sup/fatfs_tests.o
 .progmem.data.__c.3613
                0x0000000000000abe        0xe fatfs.sup/fatfs_tests.o
 .progmem.data.__c.3611
                0x0000000000000acc       0x14 fatfs.sup/fatfs_tests.o
 .progmem.data.__c.3609
                0x0000000000000ae0       0x10 fatfs.sup/fatfs_tests.o
 .progmem.data.__c.3607
                0x0000000000000af0       0x20 fatfs.sup/fatfs_tests.o
 .progmem.data.__c.3599
                0x0000000000000b10       0x10 fatfs.sup/fatfs_tests.o
 .progmem.data.__c.3589
                0x0000000000000b20       0x7c fatfs.sup/fatfs_tests.o
 .progmem.data.__c.3587
                0x0000000000000b9c        0xc fatfs.sup/fatfs_tests.o
 .progmem.data.__c.3919
                0x0000000000000ba8        0x4 posix/posix.o
 .progmem.data.__c.3917
                0x0000000000000bac        0x8 posix/posix.o
 .progmem.data.__c.3672
                0x0000000000000bb4        0xc posix/posix.o
 .progmem.data.__c.3601
                0x0000000000000bc0       0x18 posix/posix.o
 .progmem.data.__c.3594
                0x0000000000000bd8       0x18 posix/posix.o
 .progmem.data.__c.3758
                0x0000000000000bf0        0xb posix/posix_tests.o
 .progmem.data.__c.3754
                0x0000000000000bfb       0x23 posix/posix_tests.o
 .progmem.data.__c.3751
                0x0000000000000c1e       0x10 posix/posix_tests.o
 .progmem.data.__c.3746
                0x0000000000000c2e       0x16 posix/posix_tests.o
 .progmem.data.__c.3744
                0x0000000000000c44        0xe posix/posix_tests.o
 .progmem.data.__c.3742
                0x0000000000000c52       0x21 posix/posix_tests.o
 .progmem.data.__c.3729
                0x0000000000000c73       0x1a posix/posix_tests.o
 .progmem.data.__c.3724
                0x0000000000000c8d        0x4 posix/posix_tests.o
 .progmem.data.__c.3722
                0x0000000000000c91       0x12 posix/posix_tests.o
 .progmem.data.__c.3710
                0x0000000000000ca3        0x2 posix/posix_tests.o
 .progmem.data.__c.3708
                0x0000000000000ca5        0x7 posix/posix_tests.o
 .progmem.data.__c.3698
                0x0000000000000cac       0x13 posix/posix_tests.o
 .progmem.data.__c.3694
                0x0000000000000cbf        0xf posix/posix_tests.o
 .progmem.data.__c.3691
                0x0000000000000cce        0xd posix/posix_tests.o
 .progmem.data.__c.3689
                0x0000000000000cdb        0xd posix/posix_tests.o
 .progmem.data.__c.3687
                0x0000000000000ce8       0x10 posix/posix_tests.o
 .progmem.data.__c.3685
                0x0000000000000cf8        0xd posix/posix_tests.o
 .progmem.data.__c.3683
                0x0000000000000d05       0x10 posix/posix_tests.o
 .progmem.data.__c.3681
                0x0000000000000d15        0xc posix/posix_tests.o
 .progmem.data.__c.3670
                0x0000000000000d21        0xb posix/posix_tests.o
 .progmem.data.__c.3668
                0x0000000000000d2c        0x2 posix/posix_tests.o
 .progmem.data.__c.3663
                0x0000000000000d2e       0x10 posix/posix_tests.o
 .progmem.data.__c.3653
                0x0000000000000d3e       0x11 posix/posix_tests.o
 .progmem.data.__c.3651
                0x0000000000000d4f        0xe posix/posix_tests.o
 .progmem.data.__c.3649
                0x0000000000000d5d       0x11 posix/posix_tests.o
 .progmem.data.__c.3647
                0x0000000000000d6e        0x4 posix/posix_tests.o
 .progmem.data.__c.3644
                0x0000000000000d72       0x11 posix/posix_tests.o
 .progmem.data.__c.3636
                0x0000000000000d83       0x11 posix/posix_tests.o
 .progmem.data.__c.3620
                0x0000000000000d94       0xc6 posix/posix_tests.o
 .progmem.data.__c.3618
                0x0000000000000e5a        0xc posix/posix_tests.o
 .progmem.data.__c.3810
                0x0000000000000e66        0xe gpib/gpib_hal.o
 .progmem.data.__c.3804
                0x0000000000000e74        0xd gpib/gpib_hal.o
 .progmem.data.__c.3797
                0x0000000000000e81        0xe gpib/gpib_hal.o
 .progmem.data.__c.3788
                0x0000000000000e8f        0xd gpib/gpib_hal.o
 .progmem.data.__c.3779
                0x0000000000000e9c       0x11 gpib/gpib_hal.o
 .progmem.data.__c.3765
                0x0000000000000ead       0x13 gpib/gpib_hal.o
 .progmem.data.__c.3747
                0x0000000000000ec0       0x1d gpib/gpib_hal.o
 .progmem.data.__c.4405
                0x0000000000000edd       0x28 gpib/gpib.o
 .progmem.data.__c.4400
                0x0000000000000f05       0x1a gpib/gpib.o
 .progmem.data.__c.4390
                0x0000000000000f1f       0x27 gpib/gpib.o
 .progmem.data.__c.4386
                0x0000000000000f46       0x2d gpib/gpib.o
 .progmem.data.__c.4383
                0x0000000000000f73       0x19 gpib/gpib.o
 .progmem.data.__c.4367
                0x0000000000000f8c        0xb gpib/gpib.o
 .progmem.data.__c.4365
                0x0000000000000f97        0xb gpib/gpib.o
 .progmem.data.__c.4363
                0x0000000000000fa2        0xb gpib/gpib.o
 .progmem.data.__c.4359
                0x0000000000000fad        0x6 gpib/gpib.o
 .progmem.data.__c.4357
                0x0000000000000fb3        0x9 gpib/gpib.o
 .progmem.data.__c.4329
                0x0000000000000fbc       0x1e gpib/gpib.o
 .progmem.data.__c.4326
                0x0000000000000fda       0x1a gpib/gpib.o
 .progmem.data.__c.4311
                0x0000000000000ff4       0x13 gpib/gpib.o
 .progmem.data.__c.4307
                0x0000000000001007       0x1a gpib/gpib.o
 .progmem.data.__c.4303
                0x0000000000001021       0x1b gpib/gpib.o
 .progmem.data.__c.4300
                0x000000000000103c       0x1b gpib/gpib.o
 .progmem.data.__c.4295
                0x0000000000001057       0x28 gpib/gpib.o
 .progmem.data.__c.4291
                0x000000000000107f       0x1a gpib/gpib.o
 .progmem.data.__c.4288
                0x0000000000001099       0x1f gpib/gpib.o
 .progmem.data.__c.4285
                0x00000000000010b8       0x1f gpib/gpib.o
 .progmem.data.__c.4270
                0x00000000000010d7       0x2e gpib/gpib.o
 .progmem.data.__c.4258
                0x0000000000001105        0xc gpib/gpib.o
 .progmem.data.__c.4240
                0x0000000000001111       0x1b gpib/gpib.o
 .progmem.data.__c.4238
                0x000000000000112c       0x27 gpib/gpib.o
 .progmem.data.__c.4233
                0x0000000000001153       0x1b gpib/gpib.o
 .progmem.data.__c.4231
                0x000000000000116e       0x26 gpib/gpib.o
 .progmem.data.__c.4226
                0x0000000000001194       0x13 gpib/gpib.o
 .progmem.data.__c.4221
                0x00000000000011a7       0x11 gpib/gpib.o
 .progmem.data.__c.4396
                0x00000000000011b8       0x11 gpib/gpib_task.o
 .progmem.data.__c.4391
                0x00000000000011c9       0x26 gpib/gpib_task.o
 .progmem.data.__c.4389
                0x00000000000011ef       0x12 gpib/gpib_task.o
 .progmem.data.__c.4387
                0x0000000000001201       0x11 gpib/gpib_task.o
 .progmem.data.__c.4382
                0x0000000000001212        0xc gpib/gpib_task.o
 .progmem.data.__c.4380
                0x000000000000121e       0x10 gpib/gpib_task.o
 .progmem.data.__c.4378
                0x000000000000122e       0x14 gpib/gpib_task.o
 .progmem.data.__c.4376
                0x0000000000001242       0x12 gpib/gpib_task.o
 .progmem.data.__c.4374
                0x0000000000001254       0x11 gpib/gpib_task.o
 .progmem.data.__c.4372
                0x0000000000001265        0x7 gpib/gpib_task.o
 .progmem.data.__c.4367
                0x000000000000126c        0xc gpib/gpib_task.o
 .progmem.data.__c.4365
                0x0000000000001278       0x14 gpib/gpib_task.o
 .progmem.data.__c.4363
                0x000000000000128c       0x11 gpib/gpib_task.o
 .progmem.data.__c.4361
                0x000000000000129d       0x12 gpib/gpib_task.o
 .progmem.data.__c.4359
                0x00000000000012af        0x2 gpib/gpib_task.o
 .progmem.data.__c.4357
                0x00000000000012b1        0x7 gpib/gpib_task.o
 .progmem.data.__c.4352
                0x00000000000012b8       0x21 gpib/gpib_task.o
 .progmem.data.__c.4350
                0x00000000000012d9        0x7 gpib/gpib_task.o
 .progmem.data.__c.4348
                0x00000000000012e0        0xd gpib/gpib_task.o
 .progmem.data.__c.4346
                0x00000000000012ed        0xc gpib/gpib_task.o
 .progmem.data.__c.4344
                0x00000000000012f9        0x7 gpib/gpib_task.o
 .progmem.data.__c.4342
                0x0000000000001300        0x7 gpib/gpib_task.o
 .progmem.data.__c.4340
                0x0000000000001307        0x7 gpib/gpib_task.o
 .progmem.data.__c.4338
                0x000000000000130e       0x18 gpib/gpib_task.o
 .progmem.data.__c.4336
                0x0000000000001326       0x18 gpib/gpib_task.o
 .progmem.data.__c.4331
                0x000000000000133e       0x1a gpib/gpib_task.o
 .progmem.data.__c.4329
                0x0000000000001358       0x21 gpib/gpib_task.o
 .progmem.data.__c.4302
                0x0000000000001379       0x11 gpib/gpib_task.o
 .progmem.data.__c.4300
                0x000000000000138a        0xd gpib/gpib_task.o
 .progmem.data.__c.4298
                0x0000000000001397        0x7 gpib/gpib_task.o
 .progmem.data.__c.4296
                0x000000000000139e        0xb gpib/gpib_task.o
 .progmem.data.__c.4294
                0x00000000000013a9        0x7 gpib/gpib_task.o
 .progmem.data.__c.4289
                0x00000000000013b0       0x12 gpib/gpib_task.o
 .progmem.data.__c.4287
                0x00000000000013c2        0x6 gpib/gpib_task.o
 .progmem.data.__c.4283
                0x00000000000013c8        0xc gpib/gpib_task.o
 .progmem.data.__c.4281
                0x00000000000013d4       0x17 gpib/gpib_task.o
 .progmem.data.__c.4279
                0x00000000000013eb       0x2b gpib/gpib_task.o
 .progmem.data.__c.4277
                0x0000000000001416       0x1a gpib/gpib_task.o
 .progmem.data.__c.4231
                0x0000000000001430       0x19 gpib/gpib_task.o
 .progmem.data.__c.4229
                0x0000000000001449       0x11 gpib/gpib_task.o
 .progmem.data.__c.4227
                0x000000000000145a       0x12 gpib/gpib_task.o
 .progmem.data.__c.4422
                0x000000000000146c        0xd gpib/gpib_tests.o
 .progmem.data.__c.4414
                0x0000000000001479      0x1c9 gpib/gpib_tests.o
 .progmem.data.__c.4412
                0x0000000000001642        0xb gpib/gpib_tests.o
 .progmem.data.__c.4802
                0x000000000000164d        0x8 gpib/drives.o
 .progmem.data.__c.4800
                0x0000000000001655       0x1a gpib/drives.o
 .progmem.data.__c.4798
                0x000000000000166f       0x22 gpib/drives.o
 .progmem.data.__c.4796
                0x0000000000001691        0x8 gpib/drives.o
 .progmem.data.__c.4794
                0x0000000000001699       0x1a gpib/drives.o
 .progmem.data.__c.4792
                0x00000000000016b3       0x22 gpib/drives.o
 .progmem.data.__c.4775
                0x00000000000016d5       0x37 gpib/drives.o
 .progmem.data.__c.4773
                0x000000000000170c       0x36 gpib/drives.o
 .progmem.data.__c.4760
                0x0000000000001742       0x1f gpib/drives.o
 .progmem.data.__c.4724
                0x0000000000001761       0x22 gpib/drives.o
 .progmem.data.__c.4716
                0x0000000000001783       0x24 gpib/drives.o
 .progmem.data.__c.4703
                0x00000000000017a7       0x2b gpib/drives.o
 .progmem.data.__c.4701
                0x00000000000017d2       0x38 gpib/drives.o
 .progmem.data.__c.4699
                0x000000000000180a       0x35 gpib/drives.o
 .progmem.data.__c.4697
                0x000000000000183f       0x35 gpib/drives.o
 .progmem.data.__c.4695
                0x0000000000001874       0x39 gpib/drives.o
 .progmem.data.__c.4693
                0x00000000000018ad       0x25 gpib/drives.o
 .progmem.data.__c.4654
                0x00000000000018d2        0x2 gpib/drives.o
 .progmem.data.__c.4649
                0x00000000000018d4        0x2 gpib/drives.o
 .progmem.data.__c.4647
                0x00000000000018d6       0x14 gpib/drives.o
 .progmem.data.__c.4645
                0x00000000000018ea       0x1f gpib/drives.o
 .progmem.data.__c.4643
                0x0000000000001909        0xa gpib/drives.o
 .progmem.data.__c.4641
                0x0000000000001913       0x14 gpib/drives.o
 .progmem.data.__c.4639
                0x0000000000001927       0x1f gpib/drives.o
 .progmem.data.__c.4637
                0x0000000000001946        0x9 gpib/drives.o
 .progmem.data.__c.4634
                0x000000000000194f       0x20 gpib/drives.o
 .progmem.data.__c.4625
                0x000000000000196f        0x2 gpib/drives.o
 .progmem.data.__c.4620
                0x0000000000001971        0x2 gpib/drives.o
 .progmem.data.__c.4618
                0x0000000000001973        0x9 gpib/drives.o
 .progmem.data.__c.4616
                0x000000000000197c        0xa gpib/drives.o
 .progmem.data.__c.4614
                0x0000000000001986        0x9 gpib/drives.o
 .progmem.data.__c.4611
                0x000000000000198f       0x12 gpib/drives.o
 .progmem.data.__c.4605
                0x00000000000019a1       0x27 gpib/drives.o
 .progmem.data.__c.4603
                0x00000000000019c8       0x1d gpib/drives.o
 .progmem.data.__c.4601
                0x00000000000019e5       0x22 gpib/drives.o
 .progmem.data.__c.4597
                0x0000000000001a07       0x22 gpib/drives.o
 .progmem.data.__c.4594
                0x0000000000001a29       0x30 gpib/drives.o
 .progmem.data.__c.4585
                0x0000000000001a59       0x2f gpib/drives.o
 .progmem.data.__c.4582
                0x0000000000001a88       0x30 gpib/drives.o
 .progmem.data.__c.4573
                0x0000000000001ab8       0x2e gpib/drives.o
 .progmem.data.__c.4565
                0x0000000000001ae6       0x2e gpib/drives.o
 .progmem.data.__c.4555
                0x0000000000001b14       0x2c gpib/drives.o
 .progmem.data.__c.4538
                0x0000000000001b40       0x32 gpib/drives.o
 .progmem.data.__c.4530
                0x0000000000001b72       0x2e gpib/drives.o
 .progmem.data.__c.4527
                0x0000000000001ba0       0x2e gpib/drives.o
 .progmem.data.__c.4519
                0x0000000000001bce       0x2d gpib/drives.o
 .progmem.data.__c.4509
                0x0000000000001bfb       0x31 gpib/drives.o
 .progmem.data.__c.4506
                0x0000000000001c2c       0x2a gpib/drives.o
 .progmem.data.__c.4502
                0x0000000000001c56       0x22 gpib/drives.o
 .progmem.data.__c.4491
                0x0000000000001c78       0x22 gpib/drives.o
 .progmem.data.__c.4488
                0x0000000000001c9a       0x1e gpib/drives.o
 .progmem.data.__c.4486
                0x0000000000001cb8        0xd gpib/drives.o
 .progmem.data.__c.4467
                0x0000000000001cc5        0x4 gpib/drives.o
 .progmem.data.__c.4457
                0x0000000000001cc9        0xc gpib/drives.o
 .progmem.data.__c.4446
                0x0000000000001cd5       0x15 gpib/drives.o
 .progmem.data.__c.3643
                0x0000000000001cea       0x11 gpib/drives_sup.o
 .progmem.data.__c.3641
                0x0000000000001cfb        0x7 gpib/drives_sup.o
 .progmem.data.__c.3637
                0x0000000000001d02       0x1d gpib/drives_sup.o
 .progmem.data.__c.4539
                0x0000000000001d1f       0x34 gpib/ss80.o
 .progmem.data.__c.4537
                0x0000000000001d53       0x34 gpib/ss80.o
 .progmem.data.__c.4535
                0x0000000000001d87       0x14 gpib/ss80.o
 .progmem.data.__c.4533
                0x0000000000001d9b        0xf gpib/ss80.o
 .progmem.data.__c.4531
                0x0000000000001daa       0x15 gpib/ss80.o
 .progmem.data.__c.4529
                0x0000000000001dbf       0x16 gpib/ss80.o
 .progmem.data.__c.4527
                0x0000000000001dd5       0x16 gpib/ss80.o
 .progmem.data.__c.4522
                0x0000000000001deb       0x23 gpib/ss80.o
 .progmem.data.__c.4508
                0x0000000000001e0e        0xf gpib/ss80.o
 .progmem.data.__c.4506
                0x0000000000001e1d       0x13 gpib/ss80.o
 .progmem.data.__c.4499
                0x0000000000001e30        0xc gpib/ss80.o
 .progmem.data.__c.4485
                0x0000000000001e3c       0x13 gpib/ss80.o
 .progmem.data.__c.4483
                0x0000000000001e4f       0x1a gpib/ss80.o
 .progmem.data.__c.4476
                0x0000000000001e69       0x14 gpib/ss80.o
 .progmem.data.__c.4474
                0x0000000000001e7d       0x20 gpib/ss80.o
 .progmem.data.__c.4469
                0x0000000000001e9d       0x3c gpib/ss80.o
 .progmem.data.__c.4466
                0x0000000000001ed9       0x20 gpib/ss80.o
 .progmem.data.__c.4464
                0x0000000000001ef9       0x14 gpib/ss80.o
 .progmem.data.__c.4462
                0x0000000000001f0d       0x27 gpib/ss80.o
 .progmem.data.__c.4460
                0x0000000000001f34       0x1e gpib/ss80.o
 .progmem.data.__c.4458
                0x0000000000001f52       0x1d gpib/ss80.o
 .progmem.data.__c.4455
                0x0000000000001f6f       0x25 gpib/ss80.o
 .progmem.data.__c.4452
                0x0000000000001f94       0x19 gpib/ss80.o
 .progmem.data.__c.4450
                0x0000000000001fad       0x13 gpib/ss80.o
 .progmem.data.__c.4441
                0x0000000000001fc0       0x38 gpib/ss80.o
 .progmem.data.__c.4438
                0x0000000000001ff8       0x20 gpib/ss80.o
 .progmem.data.__c.4436
                0x0000000000002018       0x23 gpib/ss80.o
 .progmem.data.__c.4434
                0x000000000000203b       0x17 gpib/ss80.o
 .progmem.data.__c.4432
                0x0000000000002052       0x19 gpib/ss80.o
 .progmem.data.__c.4430
                0x000000000000206b       0x1b gpib/ss80.o
 .progmem.data.__c.4428
                0x0000000000002086       0x1f gpib/ss80.o
 .progmem.data.__c.4426
                0x00000000000020a5       0x1e gpib/ss80.o
 .progmem.data.__c.4424
                0x00000000000020c3       0x11 gpib/ss80.o
 .progmem.data.__c.4422
                0x00000000000020d4       0x1c gpib/ss80.o
 .progmem.data.__c.4420
                0x00000000000020f0       0x1d gpib/ss80.o
 .progmem.data.__c.4418
                0x000000000000210d       0x16 gpib/ss80.o
 .progmem.data.__c.4416
                0x0000000000002123       0x21 gpib/ss80.o
 .progmem.data.__c.4414
                0x0000000000002144       0x25 gpib/ss80.o
 .progmem.data.__c.4412
                0x0000000000002169       0x1a gpib/ss80.o
 .progmem.data.__c.4410
                0x0000000000002183       0x16 gpib/ss80.o
 .progmem.data.__c.4408
                0x0000000000002199        0xe gpib/ss80.o
 .progmem.data.__c.4406
                0x00000000000021a7       0x1c gpib/ss80.o
 .progmem.data.__c.4404
                0x00000000000021c3       0x1d gpib/ss80.o
 .progmem.data.__c.4402
                0x00000000000021e0       0x19 gpib/ss80.o
 .progmem.data.__c.4399
                0x00000000000021f9       0x18 gpib/ss80.o
 .progmem.data.__c.4397
                0x0000000000002211       0x19 gpib/ss80.o
 .progmem.data.__c.4394
                0x000000000000222a       0x16 gpib/ss80.o
 .progmem.data.__c.4392
                0x0000000000002240       0x19 gpib/ss80.o
 .progmem.data.__c.4390
                0x0000000000002259       0x26 gpib/ss80.o
 .progmem.data.__c.4381
                0x000000000000227f       0x1a gpib/ss80.o
 .progmem.data.__c.4376
                0x0000000000002299       0x18 gpib/ss80.o
 .progmem.data.__c.4371
                0x00000000000022b1       0x1f gpib/ss80.o
 .progmem.data.__c.4369
                0x00000000000022d0       0x1d gpib/ss80.o
 .progmem.data.__c.4367
                0x00000000000022ed       0x23 gpib/ss80.o
 .progmem.data.__c.4365
                0x0000000000002310       0x11 gpib/ss80.o
 .progmem.data.__c.4357
                0x0000000000002321       0x1b gpib/ss80.o
 .progmem.data.__c.4355
                0x000000000000233c       0x14 gpib/ss80.o
 .progmem.data.__c.4345
                0x0000000000002350        0xb gpib/ss80.o
 .progmem.data.__c.4343
                0x000000000000235b        0x5 gpib/ss80.o
 .progmem.data.__c.4318
                0x0000000000002360       0x2b gpib/ss80.o
 .progmem.data.__c.4316
                0x000000000000238b       0x28 gpib/ss80.o
 .progmem.data.__c.4312
                0x00000000000023b3       0x26 gpib/ss80.o
 .progmem.data.__c.4310
                0x00000000000023d9       0x14 gpib/ss80.o
 .progmem.data.__c.4306
                0x00000000000023ed       0x13 gpib/ss80.o
 .progmem.data.__c.4304
                0x0000000000002400       0x29 gpib/ss80.o
 .progmem.data.__c.4292
                0x0000000000002429       0x28 gpib/ss80.o
 .progmem.data.__c.4290
                0x0000000000002451       0x25 gpib/ss80.o
 .progmem.data.__c.4285
                0x0000000000002476       0x19 gpib/ss80.o
 .progmem.data.__c.4283
                0x000000000000248f       0x18 gpib/ss80.o
 .progmem.data.__c.4281
                0x00000000000024a7       0x1e gpib/ss80.o
 .progmem.data.__c.4279
                0x00000000000024c5       0x28 gpib/ss80.o
 .progmem.data.__c.4262
                0x00000000000024ed       0x1c gpib/ss80.o
 .progmem.data.__c.4246
                0x0000000000002509       0x13 gpib/ss80.o
 .progmem.data.__c.4362
                0x000000000000251c       0x29 gpib/amigo.o
 .progmem.data.__c.4359
                0x0000000000002545       0x2b gpib/amigo.o
 .progmem.data.__c.4356
                0x0000000000002570       0x29 gpib/amigo.o
 .progmem.data.__c.4351
                0x0000000000002599       0x20 gpib/amigo.o
 .progmem.data.__c.4348
                0x00000000000025b9       0x1c gpib/amigo.o
 .progmem.data.__c.4345
                0x00000000000025d5       0x22 gpib/amigo.o
 .progmem.data.__c.4342
                0x00000000000025f7       0x1f gpib/amigo.o
 .progmem.data.__c.4339
                0x0000000000002616       0x21 gpib/amigo.o
 .progmem.data.__c.4336
                0x0000000000002637       0x20 gpib/amigo.o
 .progmem.data.__c.4332
                0x0000000000002657       0x32 gpib/amigo.o
 .progmem.data.__c.4327
                0x0000000000002689       0x10 gpib/amigo.o
 .progmem.data.__c.4324
                0x0000000000002699       0x1f gpib/amigo.o
 .progmem.data.__c.4322
                0x00000000000026b8       0x2b gpib/amigo.o
 .progmem.data.__c.4320
                0x00000000000026e3       0x20 gpib/amigo.o
 .progmem.data.__c.4318
                0x0000000000002703       0x29 gpib/amigo.o
 .progmem.data.__c.4316
                0x000000000000272c       0x1c gpib/amigo.o
 .progmem.data.__c.4314
                0x0000000000002748       0x22 gpib/amigo.o
 .progmem.data.__c.4312
                0x000000000000276a       0x10 gpib/amigo.o
 .progmem.data.__c.4309
                0x000000000000277a       0x21 gpib/amigo.o
 .progmem.data.__c.4307
                0x000000000000279b       0x29 gpib/amigo.o
 .progmem.data.__c.4305
                0x00000000000027c4       0x14 gpib/amigo.o
 .progmem.data.__c.4302
                0x00000000000027d8       0x14 gpib/amigo.o
 .progmem.data.__c.4299
                0x00000000000027ec       0x20 gpib/amigo.o
 .progmem.data.__c.4296
                0x000000000000280c       0x2f gpib/amigo.o
 .progmem.data.__c.4294
                0x000000000000283b       0x21 gpib/amigo.o
 .progmem.data.__c.4292
                0x000000000000285c       0x21 gpib/amigo.o
 .progmem.data.__c.4290
                0x000000000000287d       0x22 gpib/amigo.o
 .progmem.data.__c.4288
                0x000000000000289f       0x32 gpib/amigo.o
 .progmem.data.__c.4276
                0x00000000000028d1       0x51 gpib/amigo.o
 .progmem.data.__c.4274
                0x0000000000002922       0x50 gpib/amigo.o
 .progmem.data.__c.4272
                0x0000000000002972       0x50 gpib/amigo.o
 .progmem.data.__c.4270
                0x00000000000029c2       0x50 gpib/amigo.o
 .progmem.data.__c.4265
                0x0000000000002a12       0x65 gpib/amigo.o
 .progmem.data.__c.4263
                0x0000000000002a77       0x67 gpib/amigo.o
 .progmem.data.__c.4261
                0x0000000000002ade       0x67 gpib/amigo.o
 .progmem.data.__c.4259
                0x0000000000002b45       0x67 gpib/amigo.o
 .progmem.data.__c.4252
                0x0000000000002bac        0xf gpib/amigo.o
 .progmem.data.__c.4239
                0x0000000000002bbb        0xd gpib/amigo.o
 .progmem.data.__c.4237
                0x0000000000002bc8       0x1a gpib/amigo.o
 .progmem.data.__c.4230
                0x0000000000002be2       0x20 gpib/amigo.o
 .progmem.data.__c.4228
                0x0000000000002c02       0x1f gpib/amigo.o
 .progmem.data.__c.4226
                0x0000000000002c21       0x12 gpib/amigo.o
 .progmem.data.__c.4219
                0x0000000000002c33       0x1a gpib/amigo.o
 .progmem.data.__c.4213
                0x0000000000002c4d       0x12 gpib/amigo.o
 .progmem.data.__c.4207
                0x0000000000002c5f       0x15 gpib/amigo.o
 .progmem.data.__c.4203
                0x0000000000002c74       0x10 gpib/amigo.o
 .progmem.data.__c.4162
                0x0000000000002c84       0x2b gpib/amigo.o
 .progmem.data.__c.4192
                0x0000000000002caf       0x28 gpib/amigo.o
 .progmem.data.__c.4169
                0x0000000000002cd7       0x19 gpib/amigo.o
 .progmem.data.__c.4155
                0x0000000000002cf0       0x1a gpib/amigo.o
 .progmem.data.__c.4153
                0x0000000000002d0a       0x15 gpib/amigo.o
 .progmem.data.__c.4147
                0x0000000000002d1f       0x1a gpib/amigo.o
 .progmem.data.__c.4145
                0x0000000000002d39       0x1e gpib/amigo.o
 .progmem.data.__c.4139
                0x0000000000002d57       0x18 gpib/amigo.o
 .progmem.data.__c.4139
                0x0000000000002d6f       0x1a gpib/printer.o
 .progmem.data.__c.4137
                0x0000000000002d89       0x1c gpib/printer.o
 .progmem.data.__c.4132
                0x0000000000002da5        0x7 gpib/printer.o
 .progmem.data.__c.4126
                0x0000000000002dac       0x21 gpib/printer.o
 .progmem.data.__c.4120
                0x0000000000002dcd        0xe gpib/printer.o
 .progmem.data.__c.4118
                0x0000000000002ddb       0x15 gpib/printer.o
 .progmem.data.__c.4112
                0x0000000000002df0        0xc gpib/printer.o
 .progmem.data.__c.4110
                0x0000000000002dfc       0x16 gpib/printer.o
 .progmem.data.__c.4108
                0x0000000000002e12       0x22 gpib/printer.o
 .progmem.data.__c.4553
                0x0000000000002e34       0x20 lif/lifutils.o
 .progmem.data.__c.4551
                0x0000000000002e54       0x20 lif/lifutils.o
 .progmem.data.__c.4549
                0x0000000000002e74       0x23 lif/lifutils.o
 .progmem.data.__c.4547
                0x0000000000002e97       0x25 lif/lifutils.o
 .progmem.data.__c.4545
                0x0000000000002ebc       0x29 lif/lifutils.o
 .progmem.data.__c.4532
                0x0000000000002ee5       0x17 lif/lifutils.o
 .progmem.data.__c.4530
                0x0000000000002efc       0x29 lif/lifutils.o
 .progmem.data.__c.4528
                0x0000000000002f25       0x36 lif/lifutils.o
 .progmem.data.__c.4526
                0x0000000000002f5b       0x27 lif/lifutils.o
 .progmem.data.__c.4524
                0x0000000000002f82       0x27 lif/lifutils.o
 .progmem.data.__c.4522
                0x0000000000002fa9       0x28 lif/lifutils.o
 .progmem.data.__c.4513
                0x0000000000002fd1        0xf lif/lifutils.o
 .progmem.data.__c.4511
                0x0000000000002fe0       0x28 lif/lifutils.o
 .progmem.data.__c.4509
                0x0000000000003008       0x1f lif/lifutils.o
 .progmem.data.__c.4507
                0x0000000000003027       0x20 lif/lifutils.o
 .progmem.data.__c.4505
                0x0000000000003047       0x25 lif/lifutils.o
 .progmem.data.__c.4497
                0x000000000000306c        0xe lif/lifutils.o
 .progmem.data.__c.4492
                0x000000000000307a        0xe lif/lifutils.o
 .progmem.data.__c.4490
                0x0000000000003088       0x30 lif/lifutils.o
 .progmem.data.__c.4488
                0x00000000000030b8       0x13 lif/lifutils.o
 .progmem.data.__c.4486
                0x00000000000030cb       0x2f lif/lifutils.o
 .progmem.data.__c.4484
                0x00000000000030fa       0x1c lif/lifutils.o
 .progmem.data.__c.4482
                0x0000000000003116       0x1b lif/lifutils.o
 .progmem.data.__c.4480
                0x0000000000003131       0x20 lif/lifutils.o
 .progmem.data.__c.4463
                0x0000000000003151        0xe lif/lifutils.o
 .progmem.data.__c.4458
                0x000000000000315f        0xe lif/lifutils.o
 .progmem.data.__c.4456
                0x000000000000316d       0x13 lif/lifutils.o
 .progmem.data.__c.4454
                0x0000000000003180       0x18 lif/lifutils.o
 .progmem.data.__c.4437
                0x0000000000003198        0xe lif/lifutils.o
 .progmem.data.__c.4434
                0x00000000000031a6       0x28 lif/lifutils.o
 .progmem.data.__c.4426
                0x00000000000031ce        0xe lif/lifutils.o
 .progmem.data.__c.4424
                0x00000000000031dc       0x28 lif/lifutils.o
 .progmem.data.__c.4421
                0x0000000000003204       0x56 lif/lifutils.o
 .progmem.data.__c.4419
                0x000000000000325a       0x35 lif/lifutils.o
 .progmem.data.__c.4415
                0x000000000000328f       0x10 lif/lifutils.o
 .progmem.data.__c.4413
                0x000000000000329f       0x38 lif/lifutils.o
 .progmem.data.__c.4411
                0x00000000000032d7       0x17 lif/lifutils.o
 .progmem.data.__c.4409
                0x00000000000032ee       0x18 lif/lifutils.o
 .progmem.data.__c.4385
                0x0000000000003306        0xe lif/lifutils.o
 .progmem.data.__c.4383
                0x0000000000003314       0x19 lif/lifutils.o
 .progmem.data.__c.4381
                0x000000000000332d       0x19 lif/lifutils.o
 .progmem.data.__c.4379
                0x0000000000003346       0x17 lif/lifutils.o
 .progmem.data.__c.4377
                0x000000000000335d       0x17 lif/lifutils.o
 .progmem.data.__c.4375
                0x0000000000003374       0x27 lif/lifutils.o
 .progmem.data.__c.4373
                0x000000000000339b       0x30 lif/lifutils.o
 .progmem.data.__c.4371
                0x00000000000033cb       0x2f lif/lifutils.o
 .progmem.data.__c.4369
                0x00000000000033fa       0x30 lif/lifutils.o
 .progmem.data.__c.4367
                0x000000000000342a       0x2f lif/lifutils.o
 .progmem.data.__c.4365
                0x0000000000003459       0x2e lif/lifutils.o
 .progmem.data.__c.4363
                0x0000000000003487       0x33 lif/lifutils.o
 .progmem.data.__c.4349
                0x00000000000034ba        0xe lif/lifutils.o
 .progmem.data.__c.4347
                0x00000000000034c8        0xe lif/lifutils.o
 .progmem.data.__c.4342
                0x00000000000034d6        0xe lif/lifutils.o
 .progmem.data.__c.4325
                0x00000000000034e4       0x24 lif/lifutils.o
 .progmem.data.__c.4308
                0x0000000000003508       0x39 lif/lifutils.o
 .progmem.data.__c.4294
                0x0000000000003541       0x25 lif/lifutils.o
 .progmem.data.__c.4292
                0x0000000000003566       0x27 lif/lifutils.o
 .progmem.data.__c.4285
                0x000000000000358d       0x13 lif/lifutils.o
 .progmem.data.__c.4283
                0x00000000000035a0       0x13 lif/lifutils.o
 .progmem.data.__c.4281
                0x00000000000035b3       0x13 lif/lifutils.o
 .progmem.data.__c.4279
                0x00000000000035c6       0x11 lif/lifutils.o
 .progmem.data.__c.4277
                0x00000000000035d7        0xd lif/lifutils.o
 .progmem.data.__c.4275
                0x00000000000035e4        0xc lif/lifutils.o
 .progmem.data.__c.4273
                0x00000000000035f0        0x2 lif/lifutils.o
 .progmem.data.__c.4270
                0x00000000000035f2       0x30 lif/lifutils.o
 .progmem.data.__c.4268
                0x0000000000003622       0x4c lif/lifutils.o
 .progmem.data.__c.4265
                0x000000000000366e       0x40 lif/lifutils.o
 .progmem.data.__c.4263
                0x00000000000036ae       0x17 lif/lifutils.o
 .progmem.data.__c.4253
                0x00000000000036c5       0x33 lif/lifutils.o
 .progmem.data.__c.4251
                0x00000000000036f8       0x33 lif/lifutils.o
 .progmem.data.__c.4249
                0x000000000000372b       0x36 lif/lifutils.o
 .progmem.data.__c.4247
                0x0000000000003761       0x3f lif/lifutils.o
 .progmem.data.__c.4234
                0x00000000000037a0       0x51 lif/lifutils.o
 .progmem.data.__c.4231
                0x00000000000037f1       0x29 lif/lifutils.o
 .progmem.data.__c.4229
                0x000000000000381a       0x38 lif/lifutils.o
 .progmem.data.__c.4217
                0x0000000000003852       0x4d lif/lifutils.o
 .progmem.data.__c.4192
                0x000000000000389f       0x20 lif/lifutils.o
 .progmem.data.__c.4183
                0x00000000000038bf       0x3a lif/lifutils.o
 .progmem.data.__c.4164
                0x00000000000038f9        0xd lif/lifutils.o
 .progmem.data.__c.4159
                0x0000000000003906        0xd lif/lifutils.o
 .progmem.data.__c.4154
                0x0000000000003913        0xd lif/lifutils.o
 .progmem.data.__c.4146
                0x0000000000003920        0xd lif/lifutils.o
 .progmem.data.__c.4144
                0x000000000000392d       0x55 lif/lifutils.o
 .progmem.data.__c.4128
                0x0000000000003982       0x2c lif/lifutils.o
 .progmem.data.__c.4126
                0x00000000000039ae       0x2b lif/lifutils.o
 .progmem.data.__c.4124
                0x00000000000039d9       0x4b lif/lifutils.o
 .progmem.data.__c.4122
                0x0000000000003a24       0x4b lif/lifutils.o
 .progmem.data.__c.4120
                0x0000000000003a6f       0x2e lif/lifutils.o
 .progmem.data.__c.4118
                0x0000000000003a9d       0x41 lif/lifutils.o
 .progmem.data.__c.4116
                0x0000000000003ade       0x44 lif/lifutils.o
 .progmem.data.__c.4114
                0x0000000000003b22       0x21 lif/lifutils.o
 .progmem.data.__c.4108
                0x0000000000003b43       0x2c lif/lifutils.o
 .progmem.data.__c.4106
                0x0000000000003b6f       0x2f lif/lifutils.o
 .progmem.data.__c.4104
                0x0000000000003b9e       0x25 lif/lifutils.o
 .progmem.data.__c.4102
                0x0000000000003bc3       0x39 lif/lifutils.o
 .progmem.data.__c.4100
                0x0000000000003bfc       0x39 lif/lifutils.o
 .progmem.data.__c.4098
                0x0000000000003c35       0x18 lif/lifutils.o
 .progmem.data.__c.4096
                0x0000000000003c4d       0x39 lif/lifutils.o
 .progmem.data.__c.4094
                0x0000000000003c86       0x1f lif/lifutils.o
 .progmem.data.__c.4087
                0x0000000000003ca5        0x2 lif/lifutils.o
 .progmem.data.__c.4085
                0x0000000000003ca7       0x1a lif/lifutils.o
 .progmem.data.__c.4083
                0x0000000000003cc1       0x1c lif/lifutils.o
 .progmem.data.__c.4081
                0x0000000000003cdd       0x1d lif/lifutils.o
 .progmem.data.__c.4079
                0x0000000000003cfa       0x1d lif/lifutils.o
 .progmem.data.__c.4077
                0x0000000000003d17       0x1d lif/lifutils.o
 .progmem.data.__c.4075
                0x0000000000003d34       0x1c lif/lifutils.o
 .progmem.data.__c.4073
                0x0000000000003d50       0x1c lif/lifutils.o
 .progmem.data.__c.4071
                0x0000000000003d6c       0x1a lif/lifutils.o
 .progmem.data.__c.4069
                0x0000000000003d86       0x1a lif/lifutils.o
 .progmem.data.__c.4067
                0x0000000000003da0       0x1c lif/lifutils.o
 .progmem.data.__c.4065
                0x0000000000003dbc       0x1c lif/lifutils.o
 .progmem.data.__c.4063
                0x0000000000003dd8       0x1d lif/lifutils.o
 .progmem.data.__c.4061
                0x0000000000003df5       0x1d lif/lifutils.o
 .progmem.data.__c.4059
                0x0000000000003e12       0x1c lif/lifutils.o
 .progmem.data.__c.4057
                0x0000000000003e2e       0x1a lif/lifutils.o
 .progmem.data.__c.4055
                0x0000000000003e48       0x1d lif/lifutils.o
 .progmem.data.__c.4053
                0x0000000000003e65       0x1d lif/lifutils.o
 .progmem.data.__c.4051
                0x0000000000003e82       0x1d lif/lifutils.o
 .progmem.data.__c.4049
                0x0000000000003e9f       0x1d lif/lifutils.o
 .progmem.data.__c.4047
                0x0000000000003ebc       0x1d lif/lifutils.o
 .progmem.data.__c.4045
                0x0000000000003ed9       0x1d lif/lifutils.o
 .progmem.data.__c.4043
                0x0000000000003ef6       0x1d lif/lifutils.o
 .progmem.data.__c.4041
                0x0000000000003f13       0x1d lif/lifutils.o
 .progmem.data.__c.4039
                0x0000000000003f30       0x1a lif/lifutils.o
 .progmem.data.__c.4037
                0x0000000000003f4a        0x5 lif/lifutils.o
 .progmem.data.__c.3914
                0x0000000000003f4f       0x3d lif/lifutils.o
 .progmem.data.__c.3905
                0x0000000000003f8c       0x3c lif/lifutils.o
 .progmem.data.__c.3896
                0x0000000000003fc8       0x21 lif/lifutils.o
 .progmem.data.__c.3889
                0x0000000000003fe9       0x19 lif/lifutils.o
 .progmem.data.__c.3883
                0x0000000000004002       0x25 lif/lifutils.o
 .progmem.data.__c.3871
                0x0000000000004027       0x18 lif/lifutils.o
 .progmem.data.__c.3866
                0x000000000000403f       0x29 lif/lifutils.o
 .progmem.data.__c.3860
                0x0000000000004068       0x21 lif/lifutils.o
 .progmem.data.__c.3847
                0x0000000000004089      0x1c9 lif/lifutils.o
 .progmem.data.__c.3845
                0x0000000000004252        0xa lif/lifutils.o
 .progmem.data.__c.4587
                0x000000000000425c       0x14 main.o
 .progmem.data.__c.4585
                0x0000000000004270       0x1a main.o
 .progmem.data.__c.4583
                0x000000000000428a        0x6 main.o
 .progmem.data.__c.4581
                0x0000000000004290        0x6 main.o
 .progmem.data.__c.4579
                0x0000000000004296       0x11 main.o
 .progmem.data.__c.4577
                0x00000000000042a7       0x16 main.o
 .progmem.data.__c.4575
                0x00000000000042bd       0x16 main.o
 .progmem.data.__c.4573
                0x00000000000042d3       0x15 main.o
 .progmem.data.__c.4571
                0x00000000000042e8       0x18 main.o
 .progmem.data.__c.4569
                0x0000000000004300       0x12 main.o
 .progmem.data.__c.4567
                0x0000000000004312       0x15 main.o
 .progmem.data.__c.4565
                0x0000000000004327       0x16 main.o
 .progmem.data.__c.4563
                0x000000000000433d       0x11 main.o
 .progmem.data.__c.4561
                0x000000000000434e       0x18 main.o
 .progmem.data.__c.4559
                0x0000000000004366       0x2e main.o
 .progmem.data.__c.4557
                0x0000000000004394        0xf main.o
 .progmem.data.__c.4555
                0x00000000000043a3       0x12 main.o
 .progmem.data.__c.4553
                0x00000000000043b5       0x16 main.o
 .progmem.data.__c.4551
                0x00000000000043cb       0x16 main.o
 .progmem.data.__c.4549
                0x00000000000043e1       0x1a main.o
 .progmem.data.__c.4547
                0x00000000000043fb       0x1a main.o
 .progmem.data.__c.4545
                0x0000000000004415       0x27 main.o
 .progmem.data.__c.4543
                0x000000000000443c       0x10 main.o
 .progmem.data.__c.4541
                0x000000000000444c       0x1d main.o
 .progmem.data.__c.4539
                0x0000000000004469       0x1f main.o
 .progmem.data.__c.4537
                0x0000000000004488       0x27 main.o
 .progmem.data.__c.4535
                0x00000000000044af       0x11 main.o
 .progmem.data.__c.4533
                0x00000000000044c0        0x7 main.o
 .progmem.data.__c.4524
                0x00000000000044c7        0xc main.o
 .progmem.data.__c.4522
                0x00000000000044d3        0x4 main.o
 .progmem.data.__c.4519
                0x00000000000044d7        0x3 main.o
 .progmem.data.__c.4508
                0x00000000000044da       0x31 main.o
 .progmem.data.__c.4501
                0x000000000000450b        0x6 main.o
 .progmem.data.__c.4499
                0x0000000000004511        0x6 main.o
 .progmem.data.__c.4492
                0x0000000000004517       0x1a main.o
 .progmem.data.__c.4490
                0x0000000000004531        0x6 main.o
 .progmem.data.__c.4488
                0x0000000000004537        0x6 main.o
 .progmem.data.__c.4486
                0x000000000000453d       0x16 main.o
 .progmem.data.__c.4484
                0x0000000000004553       0x1e main.o
 .progmem.data.__c.4478
                0x0000000000004571       0x1a main.o
 .progmem.data.__c.4472
                0x000000000000458b       0x16 main.o
 .progmem.data.__c.4458
                0x00000000000045a1        0x2 main.o
 .progmem.data.__c.4456
                0x00000000000045a3       0x1a main.o
 .progmem.data.__c.4454
                0x00000000000045bd       0x1a main.o
 .progmem.data.__c.4452
                0x00000000000045d7       0x27 main.o
 .progmem.data.__c.4450
                0x00000000000045fe       0x10 main.o
 .progmem.data.__c.4448
                0x000000000000460e       0x1d main.o
 .progmem.data.__c.4446
                0x000000000000462b       0x1f main.o
 .progmem.data.__c.4444
                0x000000000000464a       0x30 main.o
                0x000000000000467a                . = ALIGN (0x2)
 *(.jumptables)
 *(.jumptables*)
 *(.lowtext)
 *(.lowtext*)
                0x000000000000467a                __ctors_start = .
 *(.ctors)
                0x000000000000467a                __ctors_end = .
                0x000000000000467a                __dtors_start = .
 *(.dtors)
                0x000000000000467a                __dtors_end = .
 SORT(*)(.ctors)
 SORT(*)(.dtors)
 *(.init0)
 .init0         0x000000000000467a        0x0 /usr/lib/gcc/avr/5.4.0/../../../avr/lib/avr51/crtatmega1284p.o
                0x000000000000467a                __init
 *(.init0)
 *(.init1)
 *(.init1)
 *(.init2)
 .init2         0x000000000000467a        0xc /usr/lib/gcc/avr/5.4.0/../../../avr/lib/avr51/crtatmega1284p.o
 *(.init2)
 *(.init3)
 *(.init3)
 *(.init4)
 .init4         0x0000000000004686       0x1a /usr/lib/gcc/avr/5.4.0/avr51/libgcc.a(_copy_data.o)
                0x0000000000004686                __do_copy_data
 .init4         0x00000000000046a0       0x10 /usr/lib/gcc/avr/5.4.0/avr51/libgcc.a(_clear_bss.o)
                0x00000000000046a0                __do_clear_bss
 *(.init4)
 *(.init5)
 *(.init5)
 *(.init6)
 *(.init6)
 *(.init7)
 *(.init7)
 *(.init8)
 *(.init8)
 *(.init9)
 .init9         0x00000000000046b0        0x8 /usr/lib/gcc/avr/5.4.0/../../../avr/lib/avr51/crtatmega1284p.o
 *(.init9)
 *(.text)
 .text          0x00000000000046b8        0x4 /usr/lib/gcc/avr/5.4.0/../../../avr/lib/avr51/crtatmega1284p.o
                0x00000000000046b8                __vector_22
                0x00000000000046b8                __vector_28
                0x00000000000046b8                __vector_1
                0x00000000000046b8                __vector_32
                0x00000000000046b8                __vector_34
                0x00000000000046b8                __vector_24
                0x00000000000046b8                __vector_12
                0x00000000000046b8                __bad_interrupt
                0x00000000000046b8                __vector_6
                0x00000000000046b8                __vector_31
                0x00000000000046b8                __vector_3
                0x00000000000046b8                __vector_23
                0x00000000000046b8                __vector_30
                0x00000000000046b8                __vector_25
                0x00000000000046b8                __vector_11
                0x00000000000046b8                __vector_17
                0x00000000000046b8                __vector_19
                0x00000000000046b8                __vector_7
                0x00000000000046b8                __vector_27
                0x00000000000046b8                __vector_5
                0x00000000000046b8                __vector_33
                0x00000000000046b8                __vector_4
                0x00000000000046b8                __vector_9
                0x00000000000046b8                __vector_2
                0x00000000000046b8                __vector_21
                0x00000000000046b8                __vector_15
                0x00000000000046b8                __vector_29
                0x00000000000046b8                __vector_8
                0x00000000000046b8                __vector_14
                0x00000000000046b8                __vector_10
                0x00000000000046b8                __vector_16
                0x00000000000046b8                __vector_18
                0x00000000000046bc                . = ALIGN (0x2)
 *(.text.*)
 .text.chip_select
                0x00000000000046bc       0x32 hardware/hal.o
                0x00000000000046bc                chip_select
 .text.chip_deselect
                0x00000000000046ee       0x30 hardware/hal.o
                0x00000000000046ee                chip_deselect
 .text.chip_select_init
                0x000000000000471e        0x4 hardware/hal.o
                0x000000000000471e                chip_select_init
 .text.spi_end  0x0000000000004722       0x60 hardware/hal.o
                0x0000000000004722                spi_end
 .text.spi_TX_buffer
                0x0000000000004782        0x4 hardware/hal.o
                0x0000000000004782                spi_TX_buffer
 .text.spi_RX_buffer
                0x0000000000004786        0x4 hardware/hal.o
                0x0000000000004786                spi_RX_buffer
 .text.spi_TX   0x000000000000478a       0x20 hardware/hal.o
                0x000000000000478a                spi_TX
 .text.spi_init
                0x00000000000047aa       0x40 hardware/hal.o
                0x00000000000047aa                spi_init
 .text.spi_begin
                0x00000000000047ea       0x90 hardware/hal.o
                0x00000000000047ea                spi_begin
 .text.spi_TXRX
                0x000000000000487a       0x22 hardware/hal.o
                0x000000000000487a                spi_TXRX
 .text.set_error
                0x000000000000489c        0xa hardware/hal.o
                0x000000000000489c                set_error
 .text.clear_error
                0x00000000000048a6        0xa hardware/hal.o
                0x00000000000048a6                clear_error
 .text.freeRam  0x00000000000048b0       0x2e hardware/ram.o
                0x00000000000048b0                freeRam
 .text.PrintFree
                0x00000000000048de      0x122 hardware/ram.o
                0x00000000000048de                PrintFree
 .text.safecalloc
                0x0000000000004a00       0x54 hardware/ram.o
                0x0000000000004a00                safecalloc
 .text.safemalloc
                0x0000000000004a54       0x44 hardware/ram.o
                0x0000000000004a54                safemalloc
 .text.safefree
                0x0000000000004a98       0x6a hardware/ram.o
                0x0000000000004a98                safefree
 .text.delayus  0x0000000000004b02       0x5a hardware/delay.o
                0x0000000000004b02                delayus
 .text.delayms  0x0000000000004b5c       0x90 hardware/delay.o
                0x0000000000004b5c                delayms
 .text.uart_rx_flush
                0x0000000000004bec       0x22 hardware/rs232.o
                0x0000000000004bec                uart_rx_flush
 .text.uart_ubr
                0x0000000000004c0e      0x134 hardware/rs232.o
                0x0000000000004c0e                uart_ubr
 .text.uart_init
                0x0000000000004d42       0x8e hardware/rs232.o
                0x0000000000004d42                uart_init
 .text.uart_rx_interrupt
                0x0000000000004dd0       0x46 hardware/rs232.o
                0x0000000000004dd0                uart_rx_interrupt
 .text.__vector_20
                0x0000000000004e16       0x54 hardware/rs232.o
                0x0000000000004e16                __vector_20
 .text.uart_rx_count
                0x0000000000004e6a       0x18 hardware/rs232.o
                0x0000000000004e6a                uart_rx_count
 .text.uart_get_tail
                0x0000000000004e82       0x4c hardware/rs232.o
                0x0000000000004e82                uart_get_tail
 .text.uart_rx_byte
                0x0000000000004ece        0x6 hardware/rs232.o
                0x0000000000004ece                uart_rx_byte
 .text.uart_tx_byte
                0x0000000000004ed4       0x32 hardware/rs232.o
                0x0000000000004ed4                uart_tx_byte
 .text.uart_getchar
                0x0000000000004f06       0x2c hardware/rs232.o
                0x0000000000004f06                uart_getchar
 .text.uart0_getchar
                0x0000000000004f32        0x6 hardware/rs232.o
                0x0000000000004f32                uart0_getchar
 .text.uart_putchar
                0x0000000000004f38       0x24 hardware/rs232.o
                0x0000000000004f38                uart_putchar
 .text.uart0_putchar
                0x0000000000004f5c       0x14 hardware/rs232.o
                0x0000000000004f5c                uart0_putchar
 .text.uart_keyhit
                0x0000000000004f70        0x4 hardware/rs232.o
                0x0000000000004f70                uart_keyhit
 .text.SPI0_Speed
                0x0000000000004f74       0xce hardware/spi.o
                0x0000000000004f74                SPI0_Speed
 .text.SPI0_Mode
                0x0000000000005042       0x74 hardware/spi.o
                0x0000000000005042                SPI0_Mode
 .text.SPI0_TXRX_Byte
                0x00000000000050b6        0xc hardware/spi.o
                0x00000000000050b6                SPI0_TXRX_Byte
 .text.SPI0_Init
                0x00000000000050c2       0x5a hardware/spi.o
                0x00000000000050c2                SPI0_Init
 .text.SPI0_TX  0x000000000000511c       0x28 hardware/spi.o
                0x000000000000511c                SPI0_TX
 .text.SPI0_TXRX
                0x0000000000005144       0x2c hardware/spi.o
                0x0000000000005144                SPI0_TXRX
 .text.SPI0_RX  0x0000000000005170       0x2a hardware/spi.o
                0x0000000000005170                SPI0_RX
 .text.i2c_timer
                0x000000000000519a       0x2c hardware/i2c.o
                0x000000000000519a                i2c_timer
 .text.i2c_check_op
                0x00000000000051c6       0x9e hardware/i2c.o
                0x00000000000051c6                i2c_check_op
 .text.i2c_task_init
                0x0000000000005264       0x2a hardware/i2c.o
                0x0000000000005264                i2c_task_init
 .text.i2c_task_op_add
                0x000000000000528e       0x54 hardware/i2c.o
                0x000000000000528e                i2c_task_op_add
 .text.i2c_init
                0x00000000000052e2       0xca hardware/i2c.o
                0x00000000000052e2                i2c_init
 .text.i2c_done
                0x00000000000053ac       0x24 hardware/i2c.o
                0x00000000000053ac                i2c_done
 .text.i2c_task_done
                0x00000000000053d0       0x24 hardware/i2c.o
                0x00000000000053d0                i2c_task_done
 .text.i2c_send_start
                0x00000000000053f4       0x1a hardware/i2c.o
                0x00000000000053f4                i2c_send_start
 .text.i2c_task_run
                0x000000000000540e       0xc6 hardware/i2c.o
                0x000000000000540e                i2c_task_run
 .text.i2c_fn   0x00000000000054d4       0x58 hardware/i2c.o
                0x00000000000054d4                i2c_fn
 .text.i2c_send_stop
                0x000000000000552c       0x1c hardware/i2c.o
                0x000000000000552c                i2c_send_stop
 .text.i2c_task_next_op
                0x0000000000005548       0xbe hardware/i2c.o
                0x0000000000005548                i2c_task_next_op
 .text.i2c_next
                0x0000000000005606       0x14 hardware/i2c.o
 .text.__vector_26
                0x000000000000561a      0x1d4 hardware/i2c.o
                0x000000000000561a                __vector_26
 .text.i2c_print_error
                0x00000000000057ee       0xee hardware/i2c.o
                0x00000000000057ee                i2c_print_error
 .text.i2c_display_task_errors
                0x00000000000058dc       0xd4 hardware/i2c.o
                0x00000000000058dc                i2c_display_task_errors
 .text.BINtoBCD
                0x00000000000059b0        0xe hardware/rtc.o
                0x00000000000059b0                BINtoBCD
 .text.BCDtoBIN
                0x00000000000059be       0x12 hardware/rtc.o
                0x00000000000059be                BCDtoBIN
 .text.i2c_rtc_write
                0x00000000000059d0       0x76 hardware/rtc.o
                0x00000000000059d0                i2c_rtc_write
 .text.i2c_rtc_read
                0x0000000000005a46       0x62 hardware/rtc.o
                0x0000000000005a46                i2c_rtc_read
 .text.i2c_rtc_init
                0x0000000000005aa8        0xc hardware/rtc.o
                0x0000000000005aa8                i2c_rtc_init
 .text.rtc_write
                0x0000000000005ab4       0x8c hardware/rtc.o
                0x0000000000005ab4                rtc_write
 .text.rtc_read
                0x0000000000005b40       0xa6 hardware/rtc.o
                0x0000000000005b40                rtc_read
 .text.rtc_run  0x0000000000005be6       0x8e hardware/rtc.o
                0x0000000000005be6                rtc_run
 .text.rtc_init
                0x0000000000005c74       0x84 hardware/rtc.o
                0x0000000000005c74                rtc_init
 .text.islower  0x0000000000005cf8       0x16 lib/stringsup.o
                0x0000000000005cf8                islower
 .text.toupper  0x0000000000005d0e       0x1a lib/stringsup.o
                0x0000000000005d0e                toupper
 .text.strcpy   0x0000000000005d28       0x16 lib/stringsup.o
                0x0000000000005d28                strcpy
 .text.strncpy  0x0000000000005d3e       0x2c lib/stringsup.o
                0x0000000000005d3e                strncpy
 .text.strcat   0x0000000000005d6a       0x26 lib/stringsup.o
                0x0000000000005d6a                strcat
 .text.reverse  0x0000000000005d90       0x32 lib/stringsup.o
                0x0000000000005d90                reverse
 .text.strupper
                0x0000000000005dc2       0x1a lib/stringsup.o
                0x0000000000005dc2                strupper
 .text.strcmp   0x0000000000005ddc       0x1a lib/stringsup.o
                0x0000000000005ddc                strcmp
 .text.strcasecmp
                0x0000000000005df6       0x3e lib/stringsup.o
                0x0000000000005df6                strcasecmp
 .text.strncasecmp
                0x0000000000005e34       0x50 lib/stringsup.o
                0x0000000000005e34                strncasecmp
 .text.stralloc
                0x0000000000005e84       0x40 lib/stringsup.o
                0x0000000000005e84                stralloc
 .text.sep      0x0000000000005ec4       0x20 lib/parsing.o
                0x0000000000005ec4                sep
 .text.trim_tail
                0x0000000000005ee4       0x20 lib/parsing.o
                0x0000000000005ee4                trim_tail
 .text.skipspaces
                0x0000000000005f04       0x14 lib/parsing.o
                0x0000000000005f04                skipspaces
 .text.MATCH    0x0000000000005f18       0x28 lib/parsing.o
                0x0000000000005f18                MATCH
 .text.MATCHI   0x0000000000005f40       0x28 lib/parsing.o
                0x0000000000005f40                MATCHI
 .text.MATCHARGS
                0x0000000000005f68       0x54 lib/parsing.o
                0x0000000000005f68                MATCHARGS
 .text.MATCHI_LEN
                0x0000000000005fbc       0x34 lib/parsing.o
                0x0000000000005fbc                MATCHI_LEN
 .text.split_args
                0x0000000000005ff0       0xb8 lib/parsing.o
                0x0000000000005ff0                split_args
 .text.get_token
                0x00000000000060a8       0x86 lib/parsing.o
                0x00000000000060a8                get_token
 .text.get_value
                0x000000000000612e       0x7c lib/parsing.o
                0x000000000000612e                get_value
 .text.enable_system_task
                0x00000000000061aa        0x4 lib/timer_hal.o
                0x00000000000061aa                enable_system_task
 .text.install_timers_isr
                0x00000000000061ae       0x26 lib/timer_hal.o
                0x00000000000061ae                install_timers_isr
 .text.__vector_13
                0x00000000000061d4       0x4e lib/timer_hal.o
                0x00000000000061d4                __vector_13
 .text.clock_gettime
                0x0000000000006222       0xea lib/timer_hal.o
                0x0000000000006222                clock_gettime
 .text.clock_task
                0x000000000000630c       0x7a lib/timer.o
                0x000000000000630c                clock_task
 .text.clock_settime.part.2
                0x0000000000006386       0x7c lib/timer.o
 .text.set_timers
                0x0000000000006402       0x76 lib/timer.o
                0x0000000000006402                set_timers
 .text.delete_all_timers
                0x0000000000006478       0x16 lib/timer.o
                0x0000000000006478                delete_all_timers
 .text.subtract_timespec
                0x000000000000648e       0x82 lib/timer.o
                0x000000000000648e                subtract_timespec
 .text.ts_to_str
                0x0000000000006510       0x72 lib/timer.o
                0x0000000000006510                ts_to_str
 .text.clock_elapsed_begin
                0x0000000000006582        0xc lib/timer.o
                0x0000000000006582                clock_elapsed_begin
 .text.clock_elapsed_end
                0x000000000000658e       0x7c lib/timer.o
                0x000000000000658e                clock_elapsed_end
 .text.clock_clear
                0x000000000000660a       0x36 lib/timer.o
                0x000000000000660a                clock_clear
 .text.enable_timers
                0x0000000000006640       0x28 lib/timer.o
                0x0000000000006640                enable_timers
 .text.execute_timers
                0x0000000000006668       0x28 lib/timer.o
                0x0000000000006668                execute_timers
 .text.init_timers
                0x0000000000006690       0xba lib/timer.o
                0x0000000000006690                init_timers
 .text.clock_getres
                0x000000000000674a       0x2a lib/timer.o
                0x000000000000674a                clock_getres
 .text.clock_settime
                0x0000000000006774       0x10 lib/timer.o
                0x0000000000006774                clock_settime
 .text.IS_Leap  0x0000000000006784       0x2a lib/time.o
 .text.tm_mon_to_ascii
                0x00000000000067ae       0x20 lib/time.o
                0x00000000000067ae                tm_mon_to_ascii
 .text.Days_Per_Month
                0x00000000000067ce       0x42 lib/time.o
                0x00000000000067ce                Days_Per_Month
 .text.time_to_tm
                0x0000000000006810      0x1bc lib/time.o
                0x0000000000006810                time_to_tm
 .text.gmtime_r
                0x00000000000069cc       0x2a lib/time.o
                0x00000000000069cc                gmtime_r
 .text.gmtime   0x00000000000069f6       0x16 lib/time.o
                0x00000000000069f6                gmtime
 .text.gettimezone
                0x0000000000006a0c       0x1e lib/time.o
                0x0000000000006a0c                gettimezone
 .text.settimezone
                0x0000000000006a2a       0x24 lib/time.o
                0x0000000000006a2a                settimezone
 .text.gettimeofday
                0x0000000000006a4e       0x5c lib/time.o
                0x0000000000006a4e                gettimeofday
 .text.time     0x0000000000006aaa       0x42 lib/time.o
                0x0000000000006aaa                time
 .text.is_dst   0x0000000000006aec       0x58 lib/time.o
                0x0000000000006aec                is_dst
 .text.localtime_r
                0x0000000000006b44       0x98 lib/time.o
                0x0000000000006b44                localtime_r
 .text.localtime
                0x0000000000006bdc        0x8 lib/time.o
                0x0000000000006bdc                localtime
 .text.normalize
                0x0000000000006be4      0x390 lib/time.o
                0x0000000000006be4                normalize
 .text.timegm   0x0000000000006f74        0x8 lib/time.o
                0x0000000000006f74                timegm
 .text.setdate_r
                0x0000000000006f7c      0x23a lib/time.o
                0x0000000000006f7c                setdate_r
 .text.setdate  0x00000000000071b6       0x42 lib/time.o
                0x00000000000071b6                setdate
 .text.find_dst
                0x00000000000071f8      0x10c lib/time.o
                0x00000000000071f8                find_dst
 .text.set_dst  0x0000000000007304      0x128 lib/time.o
                0x0000000000007304                set_dst
 .text.asctime_r
                0x000000000000742c       0xaa lib/time.o
                0x000000000000742c                asctime_r
 .text.asctime  0x00000000000074d6        0x8 lib/time.o
                0x00000000000074d6                asctime
 .text.ctime_gm
                0x00000000000074de       0x22 lib/time.o
                0x00000000000074de                ctime_gm
 .text.initialize_clock
                0x0000000000007500       0xee lib/time.o
                0x0000000000007500                initialize_clock
 .text.display_clock
                0x00000000000075ee       0xd8 lib/time.o
                0x00000000000075ee                display_clock
 .text._putc_buffer_fn
                0x00000000000076c6       0x32 printf/printf.o
                0x00000000000076c6                _putc_buffer_fn
 .text._putc_fn
                0x00000000000076f8       0x18 printf/printf.o
 .text.bin2num  0x0000000000007710      0x112 printf/printf.o
                0x0000000000007710                bin2num
 .text.pch      0x0000000000007822       0x36 printf/printf.o
                0x0000000000007822                pch
 .text.p_ntoa   0x0000000000007858       0xaa printf/printf.o
                0x0000000000007858                p_ntoa
 .text.p_ftoa   0x0000000000007902      0x20e printf/printf.o
                0x0000000000007902                p_ftoa
 .text.p_etoa   0x0000000000007b10      0x2d8 printf/printf.o
                0x0000000000007b10                p_etoa
 .text._puts_pad
                0x0000000000007de8       0x84 printf/printf.o
                0x0000000000007de8                _puts_pad
 .text._puts_pad_X
                0x0000000000007e6c       0xb8 printf/printf.o
                0x0000000000007e6c                _puts_pad_X
 .text.strlen_X
                0x0000000000007f24       0x38 printf/printf.o
                0x0000000000007f24                strlen_X
 .text._printf_fn
                0x0000000000007f5c      0x8ae printf/printf.o
                0x0000000000007f5c                _printf_fn
 .text.vsnprintf_P
                0x000000000000880a       0x4c printf/printf.o
                0x000000000000880a                vsnprintf_P
 .text.snprintf_P
                0x0000000000008856       0x28 printf/printf.o
                0x0000000000008856                snprintf_P
 .text.sprintf_P
                0x000000000000887e       0x28 printf/printf.o
                0x000000000000887e                sprintf_P
 .text.printf_P
                0x00000000000088a6       0x3a printf/printf.o
                0x00000000000088a6                printf_P
 .text.atodigit
                0x00000000000088e0       0x3c printf/mathio.o
                0x00000000000088e0                atodigit
 .text.strtol   0x000000000000891c       0xbc printf/mathio.o
                0x000000000000891c                strtol
 .text.atoi     0x00000000000089d8        0xe printf/mathio.o
                0x00000000000089d8                atoi
 .text.atol     0x00000000000089e6        0xc printf/mathio.o
                0x00000000000089e6                atol
 .text.ld_dword
                0x00000000000089f2       0x2a fatfs/ff.o
 .text.st_dword
                0x0000000000008a1c        0xc fatfs/ff.o
 .text.mem_set  0x0000000000008a28       0x12 fatfs/ff.o
 .text.mem_cmp  0x0000000000008a3a       0x1e fatfs/ff.o
 .text.tchar2uni
                0x0000000000008a58      0x10c fatfs/ff.o
 .text.clst2sect
                0x0000000000008b64       0x50 fatfs/ff.o
 .text.clmt_clust
                0x0000000000008bb4       0x78 fatfs/ff.o
 .text.sum_sfn  0x0000000000008c2c       0x1e fatfs/ff.o
 .text.get_ldnumber
                0x0000000000008c4a       0x58 fatfs/ff.o
 .text.validate
                0x0000000000008ca2       0x58 fatfs/ff.o
 .text.mem_cpy.part.0
                0x0000000000008cfa       0x16 fatfs/ff.o
 .text.put_utf  0x0000000000008d10      0x15a fatfs/ff.o
 .text.get_fileinfo
                0x0000000000008e6a      0x220 fatfs/ff.o
 .text.ld_clust.isra.4
                0x000000000000908a       0x2a fatfs/ff.o
 .text.st_clust.isra.5
                0x00000000000090b4       0x1a fatfs/ff.o
 .text.sync_window.part.6
                0x00000000000090ce       0xa6 fatfs/ff.o
 .text.sync_fs  0x0000000000009174       0xe4 fatfs/ff.o
 .text.dir_clear
                0x0000000000009258      0x150 fatfs/ff.o
 .text.move_window
                0x00000000000093a8       0x76 fatfs/ff.o
 .text.check_fs
                0x000000000000941e       0x80 fatfs/ff.o
 .text.mount_volume
                0x000000000000949e      0x4b4 fatfs/ff.o
 .text.put_fat  0x0000000000009952      0x1f6 fatfs/ff.o
 .text.get_fat.isra.10
                0x0000000000009b48      0x168 fatfs/ff.o
 .text.dir_sdi  0x0000000000009cb0      0x182 fatfs/ff.o
 .text.create_chain
                0x0000000000009e32      0x24c fatfs/ff.o
 .text.remove_chain
                0x000000000000a07e      0x122 fatfs/ff.o
 .text.dir_next
                0x000000000000a1a0      0x1d0 fatfs/ff.o
 .text.dir_alloc
                0x000000000000a370       0x72 fatfs/ff.o
 .text.dir_read
                0x000000000000a3e2      0x192 fatfs/ff.o
 .text.dir_remove
                0x000000000000a574       0x90 fatfs/ff.o
 .text.dir_find
                0x000000000000a604      0x21c fatfs/ff.o
 .text.dir_register
                0x000000000000a820      0x31c fatfs/ff.o
 .text.follow_path
                0x000000000000ab3c      0x462 fatfs/ff.o
 .text.f_mount  0x000000000000af9e       0x78 fatfs/ff.o
                0x000000000000af9e                f_mount
 .text.f_open   0x000000000000b016      0x370 fatfs/ff.o
                0x000000000000b016                f_open
 .text.f_read   0x000000000000b386      0x296 fatfs/ff.o
                0x000000000000b386                f_read
 .text.f_write  0x000000000000b61c      0x32e fatfs/ff.o
                0x000000000000b61c                f_write
 .text.f_sync   0x000000000000b94a      0x100 fatfs/ff.o
                0x000000000000b94a                f_sync
 .text.f_close  0x000000000000ba4a       0x32 fatfs/ff.o
                0x000000000000ba4a                f_close
 .text.f_chdir  0x000000000000ba7c       0xb6 fatfs/ff.o
                0x000000000000ba7c                f_chdir
 .text.f_getcwd
                0x000000000000bb32      0x26c fatfs/ff.o
                0x000000000000bb32                f_getcwd
 .text.f_lseek  0x000000000000bd9e      0x578 fatfs/ff.o
                0x000000000000bd9e                f_lseek
 .text.f_opendir
                0x000000000000c316       0xe2 fatfs/ff.o
                0x000000000000c316                f_opendir
 .text.f_closedir
                0x000000000000c3f8       0x2a fatfs/ff.o
                0x000000000000c3f8                f_closedir
 .text.f_readdir
                0x000000000000c422       0x88 fatfs/ff.o
                0x000000000000c422                f_readdir
 .text.f_stat   0x000000000000c4aa       0x7c fatfs/ff.o
                0x000000000000c4aa                f_stat
 .text.f_getfree
                0x000000000000c526      0x1c0 fatfs/ff.o
                0x000000000000c526                f_getfree
 .text.f_unlink
                0x000000000000c6e6      0x14e fatfs/ff.o
                0x000000000000c6e6                f_unlink
 .text.f_mkdir  0x000000000000c834      0x1e0 fatfs/ff.o
                0x000000000000c834                f_mkdir
 .text.f_rename
                0x000000000000ca14      0x22a fatfs/ff.o
                0x000000000000ca14                f_rename
 .text.f_chmod  0x000000000000cc3e       0x9a fatfs/ff.o
                0x000000000000cc3e                f_chmod
 .text.f_utime  0x000000000000ccd8       0xb2 fatfs/ff.o
                0x000000000000ccd8                f_utime
 .text.f_getlabel
                0x000000000000cd8a      0x138 fatfs/ff.o
                0x000000000000cd8a                f_getlabel
 .text.ff_memalloc
                0x000000000000cec2        0x6 fatfs/ffsystem.o
                0x000000000000cec2                ff_memalloc
 .text.ff_memfree
                0x000000000000cec8        0x6 fatfs/ffsystem.o
                0x000000000000cec8                ff_memfree
 .text.ff_uni2oem
                0x000000000000cece       0x66 fatfs/ffunicode.o
                0x000000000000cece                ff_uni2oem
 .text.ff_oem2uni
                0x000000000000cf34       0x2a fatfs/ffunicode.o
                0x000000000000cf34                ff_oem2uni
 .text.ff_wtoupper
                0x000000000000cf5e       0xc4 fatfs/ffunicode.o
                0x000000000000cf5e                ff_wtoupper
 .text.disk_status
                0x000000000000d022        0xc fatfs.hal/diskio.o
                0x000000000000d022                disk_status
 .text.disk_initialize
                0x000000000000d02e        0xc fatfs.hal/diskio.o
                0x000000000000d02e                disk_initialize
 .text.disk_read
                0x000000000000d03a       0x20 fatfs.hal/diskio.o
                0x000000000000d03a                disk_read
 .text.disk_write
                0x000000000000d05a       0x20 fatfs.hal/diskio.o
                0x000000000000d05a                disk_write
 .text.disk_ioctl
                0x000000000000d07a       0x14 fatfs.hal/diskio.o
                0x000000000000d07a                disk_ioctl
 .text.xchg_spi
                0x000000000000d08e        0x4 fatfs.hal/mmc.o
 .text.deselect
                0x000000000000d092        0xc fatfs.hal/mmc.o
 .text.rcvr_datablock
                0x000000000000d09e       0x46 fatfs.hal/mmc.o
 .text.wait_ready
                0x000000000000d0e4       0x24 fatfs.hal/mmc.o
                0x000000000000d0e4                wait_ready
 .text.select   0x000000000000d108       0x44 fatfs.hal/mmc.o
 .text.send_cmd
                0x000000000000d14c       0x86 fatfs.hal/mmc.o
 .text.xmit_datablock
                0x000000000000d1d2       0x4e fatfs.hal/mmc.o
 .text.mmc_disk_initialize
                0x000000000000d220      0x14a fatfs.hal/mmc.o
                0x000000000000d220                mmc_disk_initialize
 .text.mmc_disk_status
                0x000000000000d36a        0x6 fatfs.hal/mmc.o
                0x000000000000d36a                mmc_disk_status
 .text.mmc_disk_read
                0x000000000000d370       0xc2 fatfs.hal/mmc.o
                0x000000000000d370                mmc_disk_read
 .text.mmc_disk_write
                0x000000000000d432       0xe8 fatfs.hal/mmc.o
                0x000000000000d432                mmc_disk_write
 .text.mmc_disk_ioctl
                0x000000000000d51a      0x488 fatfs.hal/mmc.o
                0x000000000000d51a                mmc_disk_ioctl
 .text.mmc_disk_timerproc
                0x000000000000d9a2       0x3c fatfs.hal/mmc.o
                0x000000000000d9a2                mmc_disk_timerproc
 .text.mmc_install_timer
                0x000000000000d9de       0x38 fatfs.hal/mmc_hal.o
                0x000000000000d9de                mmc_install_timer
 .text.mmc_spi_begin
                0x000000000000da16       0x1a fatfs.hal/mmc_hal.o
                0x000000000000da16                mmc_spi_begin
 .text.mmc_spi_end
                0x000000000000da30        0x8 fatfs.hal/mmc_hal.o
                0x000000000000da30                mmc_spi_end
 .text.mmc_slow
                0x000000000000da38       0x1a fatfs.hal/mmc_hal.o
                0x000000000000da38                mmc_slow
 .text.mmc_spi_init
                0x000000000000da52        0xa fatfs.hal/mmc_hal.o
                0x000000000000da52                mmc_spi_init
 .text.mmc_fast
                0x000000000000da5c       0x1a fatfs.hal/mmc_hal.o
                0x000000000000da5c                mmc_fast
 .text.mmc_spi_TX_buffer
                0x000000000000da76        0x6 fatfs.hal/mmc_hal.o
                0x000000000000da76                mmc_spi_TX_buffer
 .text.mmc_spi_RX_buffer
                0x000000000000da7c        0x6 fatfs.hal/mmc_hal.o
                0x000000000000da7c                mmc_spi_RX_buffer
 .text.mmc_spi_TXRX
                0x000000000000da82        0x6 fatfs.hal/mmc_hal.o
                0x000000000000da82                mmc_spi_TXRX
 .text.mmc_set_ms_timeout
                0x000000000000da88        0xe fatfs.hal/mmc_hal.o
                0x000000000000da88                mmc_set_ms_timeout
 .text.mmc_test_timeout
                0x000000000000da96       0x48 fatfs.hal/mmc_hal.o
                0x000000000000da96                mmc_test_timeout
 .text.mmc_power_on
                0x000000000000dade        0x2 fatfs.hal/mmc_hal.o
                0x000000000000dade                mmc_power_on
 .text.mmc_power_off
                0x000000000000dae0        0x2 fatfs.hal/mmc_hal.o
                0x000000000000dae0                mmc_power_off
 .text.mmc_ins_status
                0x000000000000dae2       0x1a fatfs.hal/mmc_hal.o
                0x000000000000dae2                mmc_ins_status
 .text.mmc_task
                0x000000000000dafc       0x48 fatfs.hal/mmc_hal.o
 .text.mmc_init
                0x000000000000db44      0x182 fatfs.hal/mmc_hal.o
                0x000000000000db44                mmc_init
 .text.mmc_wp_status
                0x000000000000dcc6        0x6 fatfs.hal/mmc_hal.o
                0x000000000000dcc6                mmc_wp_status
 .text.tm_to_fat
                0x000000000000dccc       0xd8 fatfs.sup/fatfs_sup.o
                0x000000000000dccc                tm_to_fat
 .text.get_fattime
                0x000000000000dda4       0x26 fatfs.sup/fatfs_sup.o
                0x000000000000dda4                get_fattime
 .text.put_rc   0x000000000000ddca       0x2a fatfs.sup/fatfs_sup.o
                0x000000000000ddca                put_rc
 .text.fatfs_scan_files
                0x000000000000ddf4       0xe0 fatfs.sup/fatfs_sup.o
                0x000000000000ddf4                fatfs_scan_files
 .text.fatfs_fstype
                0x000000000000ded4       0x1e fatfs.sup/fatfs_sup.o
                0x000000000000ded4                fatfs_fstype
 .text.fatfs_status
                0x000000000000def2      0x2f4 fatfs.sup/fatfs_sup.o
                0x000000000000def2                fatfs_status
 .text.fatfs_filinfo_list
                0x000000000000e1e6      0x106 fatfs.sup/fatfs_sup.o
                0x000000000000e1e6                fatfs_filinfo_list
 .text.fatfs_help
                0x000000000000e2ec       0x42 fatfs.sup/fatfs_tests.o
                0x000000000000e2ec                fatfs_help
 .text.fatfs_ls
                0x000000000000e32e      0x176 fatfs.sup/fatfs_tests.o
                0x000000000000e32e                fatfs_ls
 .text.mmc_test
                0x000000000000e4a4       0x7c fatfs.sup/fatfs_tests.o
                0x000000000000e4a4                mmc_test
 .text.fatfs_tests
                0x000000000000e520      0x120 fatfs.sup/fatfs_tests.o
                0x000000000000e520                fatfs_tests
 .text.fatfs_getc
                0x000000000000e640      0x106 posix/posix.o
                0x000000000000e640                fatfs_getc
 .text.fatfs_putc
                0x000000000000e746       0x96 posix/posix.o
                0x000000000000e746                fatfs_putc
 .text.fgetc    0x000000000000e7dc       0xac posix/posix.o
                0x000000000000e7dc                fgetc
 .text.fputc    0x000000000000e888       0xa4 posix/posix.o
                0x000000000000e888                fputc
 .text._fprintf_putc
                0x000000000000e92c       0x1a posix/posix.o
 .text.getchar  0x000000000000e946        0xc posix/posix.o
                0x000000000000e946                getchar
 .text.putchar  0x000000000000e952        0xc posix/posix.o
                0x000000000000e952                putchar
 .text.fgets    0x000000000000e95e       0x68 posix/posix.o
                0x000000000000e95e                fgets
 .text.fputs    0x000000000000e9c6       0x30 posix/posix.o
                0x000000000000e9c6                fputs
 .text.puts     0x000000000000e9f6       0x2e posix/posix.o
                0x000000000000e9f6                puts
 .text.fileno   0x000000000000ea24       0x38 posix/posix.o
                0x000000000000ea24                fileno
 .text.fileno_to_stream
                0x000000000000ea5c       0x2a posix/posix.o
                0x000000000000ea5c                fileno_to_stream
 .text.mctime   0x000000000000ea86       0x4a posix/posix.o
                0x000000000000ea86                mctime
 .text.basename
                0x000000000000ead0       0x1c posix/posix.o
                0x000000000000ead0                basename
 .text.chdir    0x000000000000eaec       0x3e posix/posix.o
                0x000000000000eaec                chdir
 .text.chmod    0x000000000000eb2a       0x52 posix/posix.o
                0x000000000000eb2a                chmod
 .text.getcwd   0x000000000000eb7c       0x4a posix/posix.o
                0x000000000000eb7c                getcwd
 .text.mkdir    0x000000000000ebc6       0x5c posix/posix.o
                0x000000000000ebc6                mkdir
 .text.rename   0x000000000000ec22       0x3e posix/posix.o
                0x000000000000ec22                rename
 .text.unlink   0x000000000000ec60       0x3e posix/posix.o
                0x000000000000ec60                unlink
 .text.rmdir    0x000000000000ec9e        0x4 posix/posix.o
                0x000000000000ec9e                rmdir
 .text.closedir
                0x000000000000eca2       0x36 posix/posix.o
                0x000000000000eca2                closedir
 .text.opendir  0x000000000000ecd8       0x3c posix/posix.o
                0x000000000000ecd8                opendir
 .text.readdir  0x000000000000ed14       0x7c posix/posix.o
                0x000000000000ed14                readdir
 .text.perror   0x000000000000ed90       0x8a posix/posix.o
                0x000000000000ed90                perror
 .text.fdevopen
                0x000000000000ee1a       0x96 posix/posix.o
                0x000000000000ee1a                fdevopen
 .text.fat_time_to_unix
                0x000000000000eeb0       0x88 posix/posix.o
                0x000000000000eeb0                fat_time_to_unix
 .text.stat     0x000000000000ef38      0x134 posix/posix.o
                0x000000000000ef38                stat
 .text.unix_time_to_fat
                0x000000000000f06c       0x90 posix/posix.o
                0x000000000000f06c                unix_time_to_fat
 .text.utime    0x000000000000f0fc       0x86 posix/posix.o
                0x000000000000f0fc                utime
 .text.fileno_to_fatfs
                0x000000000000f182       0x2a posix/posix.o
                0x000000000000f182                fileno_to_fatfs
 .text.ftell    0x000000000000f1ac       0x36 posix/posix.o
                0x000000000000f1ac                ftell